<html>
<body>
<pre>
<h1>礦ision Build Log</h1>
<h2>Tool Versions:</h2>
IDE-Version: μVision V5.18.0.0
Copyright (C) 2016 ARM Ltd and ARM Germany GmbH. All rights reserved.
License Information: 1 8615273, HP Inc., LIC=ZB4EI-T2QZH-IIY5V-PSK5V-KYDSW-70V2H
 
Tool Versions:
Toolchain:       MDK-ARM Standard  Version: 5.18
Toolchain Path:  C:\KEIL_5\ARM\ARMCC\Bin
C Compiler:      Armcc.exe V5.06 update 1 (build 61)
Assembler:       Armasm.exe V5.06 update 1 (build 61)
Linker/Locator:  ArmLink.exe V5.06 update 1 (build 61)
Library Manager: ArmAr.exe V5.06 update 1 (build 61)
Hex Converter:   FromElf.exe V5.06 update 1 (build 61)
CPU DLL:         SARMCM3.DLL V5.18
Dialog DLL:      DCM.DLL V1.13.6.0
Target DLL:      UL2CM3.DLL V1.157.5.0
Dialog DLL:      TCM.DLL V1.14.8.0
 
<h2>Project:</h2>
C:\Users\86152\Desktop\F2023声源\维度匹配(最终版本)\维度匹配\User\维度匹配.uvprojx
Project File Date:  08/05/2023

<h2>Output:</h2>
*** Using Compiler 'V5.06 update 1 (build 61)', folder: 'C:\KEIL_5\ARM\ARMCC\Bin'
Build target 'Target 1'
assembling startup_stm32f40_41xxx.s...
compiling misc.c...
compiling stm32f4xx_it.c...
compiling system_stm32f4xx.c...
compiling main.c...
..\OS\Proc.h(23): warning:  #1-D: last line of file ends without a newline
  #endif
..\Hardware\time.h(52): warning:  #1295-D: Deprecated declaration GetSubCapture - give arg types
  int32_t GetSubCapture();
..\Hardware\Task.h(13): warning:  #1-D: last line of file ends without a newline
  #endif
..\Peripheral\steering.h(14): warning:  #1-D: last line of file ends without a newline
  #endif 
..\OS\Excel.h(17): warning:  #1-D: last line of file ends without a newline
  #endif 
..\OS\OS_Task.h(49): warning:  #1-D: last line of file ends without a newline
  #endif 
main.c: 6 warnings, 0 errors
compiling stm32f4xx_adc.c...
compiling stm32f4xx_crc.c...
compiling stm32f4xx_can.c...
compiling stm32f4xx_cryp.c...
compiling stm32f4xx_cryp_aes.c...
compiling stm32f4xx_dac.c...
compiling stm32f4xx_cryp_tdes.c...
compiling stm32f4xx_cryp_des.c...
compiling stm32f4xx_dbgmcu.c...
compiling stm32f4xx_dcmi.c...
compiling stm32f4xx_dma.c...
compiling stm32f4xx_exti.c...
compiling stm32f4xx_dma2d.c...
compiling stm32f4xx_flash.c...
compiling stm32f4xx_flash_ramfunc.c...
compiling stm32f4xx_fsmc.c...
compiling stm32f4xx_gpio.c...
compiling stm32f4xx_hash.c...
compiling stm32f4xx_hash_md5.c...
compiling stm32f4xx_hash_sha1.c...
compiling stm32f4xx_i2c.c...
compiling stm32f4xx_iwdg.c...
compiling stm32f4xx_ltdc.c...
compiling stm32f4xx_pwr.c...
compiling stm32f4xx_rcc.c...
compiling stm32f4xx_rng.c...
compiling stm32f4xx_rtc.c...
compiling stm32f4xx_sai.c...
compiling stm32f4xx_sdio.c...
compiling stm32f4xx_spi.c...
compiling stm32f4xx_syscfg.c...
compiling stm32f4xx_wwdg.c...
compiling stm32f4xx_usart.c...
compiling stm32f4xx_tim.c...
compiling sys.c...
compiling delay.c...
compiling NVIC.c...
compiling Kalman.c...
..\System\Kalman.c(142): warning:  #1035-D: single-precision operand implicitly converted to double-precision
     output = 
LPHA * input + (1.0 - ALPHA) * output;
..\System\Kalman.c: 1 warning, 0 errors
compiling FFT.c...
..\OS\Proc.h(23): warning:  #1-D: last line of file ends without a newline
  #endif
..\Hardware\time.h(52): warning:  #1295-D: Deprecated declaration GetSubCapture - give arg types
  int32_t GetSubCapture();
..\Hardware\Task.h(13): warning:  #1-D: last line of file ends without a newline
  #endif
..\System\FFT.c: 3 warnings, 0 errors
compiling hcsr04.c...
compiling ADC.c...
..\Hardware\ADC.c(380): warning:  #1-D: last line of file ends without a newline
  // }
..\Hardware\ADC.c: 1 warning, 0 errors
compiling Cmd.c...
compiling NTC.c...
compiling pwm.c...
compiling uart.c...
compiling Rtc.c...
compiling Time.c...
..\OS\Proc.h(23): warning:  #1-D: last line of file ends without a newline
  #endif
..\Hardware\time.h(52): warning:  #1295-D: Deprecated declaration GetSubCapture - give arg types
  int32_t GetSubCapture();
..\Hardware\Time.c(269): warning:  #1-D: last line of file ends without a newline
  }
..\Hardware\Time.c: 3 warnings, 0 errors
compiling Task.c...
..\OS\Proc.h(23): warning:  #1-D: last line of file ends without a newline
  #endif
..\Hardware\time.h(52): warning:  #1295-D: Deprecated declaration GetSubCapture - give arg types
  int32_t GetSubCapture();
..\Hardware\Task.h(13): warning:  #1-D: last line of file ends without a newline
  #endif
..\Hardware\Task.c: 3 warnings, 0 errors
compiling DAC.c...
..\Hardware\DAC.c(107): warning:  #177-D: variable "NVIC_InitStructure" was declared but never referenced
      NVIC_InitTypeDef NVIC_InitStructure;
..\Hardware\DAC.c(230): warning:  #1-D: last line of file ends without a newline
  }
..\Hardware\DAC.c: 2 warnings, 0 errors
compiling cmd_process.c...
..\TouchScreen\cmd_process.c(34): warning:  #177-D: variable "cmd_type" was declared but never referenced
      uint8_t cmd_type = msg->cmd_type;                                                  //指??????
..\TouchScreen\cmd_process.c(35): warning:  #177-D: variable "ctrl_msg" was declared but never referenced
      uint8_t ctrl_msg = msg->ctrl_msg;                                                  //??息??????
..\TouchScreen\cmd_process.c(36): warning:  #177-D: variable "control_type" was declared but never referenced
      uint8_t control_type = msg->control_type;                                          //?丶?????
..\TouchScreen\cmd_process.c(12): warning:  #177-D: variable "progress_value" was declared but never referenced
   static int32_t progress_value = 0;                                                     //???醪???值
..\TouchScreen\cmd_process.c(14): warning:  #177-D: variable "update_en" was declared but never referenced
   static uint8_t update_en = 0;                                                          //???卤昙?
..\TouchScreen\cmd_process.c(19): warning:  #177-D: variable "second_flag" was declared but never referenced
   static int32_t second_flag=0;                                                          //时?浔?志位
..\TouchScreen\cmd_process.c: 6 warnings, 0 errors
compiling cmd_queue.c...
compiling AD7606.c...
..\AD7606\AD7606.c(377): warning:  #1035-D: single-precision operand implicitly converted to double-precision
               ad7606_value_float32[j][i] = (float32_t)Conversion/16383.75*5  ;///16383.75 * 5
..\AD7606\AD7606.c(388): warning:  #223-D: function "printf" declared implicitly
          printf("通??:%d\r\n", td);
..\AD7606\AD7606.c(403): warning:  #223-D: function "printf" declared implicitly
          printf("通??:%d\r\n", td);
..\AD7606\AD7606.c(418): warning:  #223-D: function "printf" declared implicitly
          printf("通??:%d\r\n", td);
..\AD7606\AD7606.c(435): warning:  #223-D: function "printf" declared implicitly
          printf("通??:%d\r\n", Chanel);
..\AD7606\AD7606.c(449): warning:  #223-D: function "printf" declared implicitly
          printf("通??:%d\r\n", Chanel);
..\AD7606\AD7606.c(464): warning:  #223-D: function "printf" declared implicitly
          printf("通??:%d\r\n", Chanel);
..\AD7606\AD7606.c(475): warning:  #1-D: last line of file ends without a newline
  }
..\AD7606\AD7606.c: 8 warnings, 0 errors
compiling hmi_driver.c...
compiling byyc_dma.c...
compiling byyc_spi.c...
compiling byyc_gpio.c...
compiling Excel.c...
..\DSP_Lib\Include\core_cm4.h(112): warning:  #1215-D: #warning directive: "Compiler generates FPU instructions for a device without an FPU (check __FPU_PRESENT)"
        #warning "Compiler generates FPU instructions for a device without an FPU (check __FPU_PRESENT)"
..\OS\Excel.h(17): warning:  #1-D: last line of file ends without a newline
  #endif 
..\OS\Excel.c: 2 warnings, 0 errors
compiling Proc.c...
..\OS\Proc.h(23): warning:  #1-D: last line of file ends without a newline
  #endif
..\Hardware\time.h(52): warning:  #1295-D: Deprecated declaration GetSubCapture - give arg types
  int32_t GetSubCapture();
..\OS\Proc.h(23): warning:  #1-D: last line of file ends without a newline
  #endif
..\OS\Proc.c(98): warning:  #1-D: last line of file ends without a newline
  }
..\OS\Proc.c: 4 warnings, 0 errors
compiling OS_Task.c...
..\OS\Proc.h(23): warning:  #1-D: last line of file ends without a newline
  #endif
..\Hardware\time.h(52): warning:  #1295-D: Deprecated declaration GetSubCapture - give arg types
  int32_t GetSubCapture();
..\Hardware\Task.h(13): warning:  #1-D: last line of file ends without a newline
  #endif
..\Peripheral\steering.h(14): warning:  #1-D: last line of file ends without a newline
  #endif 
..\OS\Excel.h(17): warning:  #1-D: last line of file ends without a newline
  #endif 
..\OS\OS_Task.h(49): warning:  #1-D: last line of file ends without a newline
  #endif 
..\OS\OS_Task.c(35): warning:  #177-D: variable "arr" was declared but never referenced
      static u32 arr;
..\OS\OS_Task.c(70): warning:  #167-D: argument of type "char *" is incompatible with parameter of type "unsigned char *"
          SetTextValue(0, 1, Click);
..\OS\OS_Task.c(60): warning:  #177-D: variable "Magnet" was declared but never referenced
          char Magnet[10]; // ??????系
..\OS\OS_Task.c(116): warning:  #111-D: statement is unreachable
                  cmd_id = 0;
..\OS\OS_Task.c(436): warning:  #1293-D: assignment in condition
              if (max_sum1  = max_sum2)
..\OS\OS_Task.c(348): warning:  #550-D: variable "maxX" was set but never used
              uint8_t maxX = 0, maxY = 0;
..\OS\OS_Task.c(348): warning:  #550-D: variable "maxY" was set but never used
              uint8_t maxX = 0, maxY = 0;
..\OS\OS_Task.c(350): warning:  #550-D: variable "maxX2" was set but never used
              uint8_t maxX1 = 0, maxY1 = 0, maxX2 = 0, maxY2 = 0;
..\OS\OS_Task.c(350): warning:  #550-D: variable "maxY2" was set but never used
              uint8_t maxX1 = 0, maxY1 = 0, maxX2 = 0, maxY2 = 0;
..\OS\OS_Task.c: 15 warnings, 0 errors
compiling Steering.c...
..\Peripheral\Steering.h(14): warning:  #1-D: last line of file ends without a newline
  #endif 
..\Peripheral\Steering.c: 1 warning, 0 errors
linking...
Program Size: Code=17028 RO-data=1140 RW-data=2008 ZI-data=82272  
".\Objects\Project.axf" - 0 Error(s), 55 Warning(s).

<h2>Collection of Component include folders:</h2>
  C:\Users\86152\Desktop\F2023声源\维度匹配(最终版本)\维度匹配\User\RTE
  C:\KEIL_5\ARM\PACK\Keil\STM32F4xx_DFP\2.13.0\Drivers\CMSIS\Device\ST\STM32F4xx\Include

<h2>Collection of Component Files used:</h2>
Build Time Elapsed:  00:00:12
</pre>
</body>
</html>
