Component: ARM Compiler 5.06 update 1 (build 61) Tool: armlink [4d35a8]

==============================================================================

Section Cross References

    startup_stm32f40_41xxx.o(STACK) refers (Special) to heapauxi.o(.text) for __use_two_region_memory
    startup_stm32f40_41xxx.o(HEAP) refers (Special) to heapauxi.o(.text) for __use_two_region_memory
    startup_stm32f40_41xxx.o(RESET) refers (Special) to heapauxi.o(.text) for __use_two_region_memory
    startup_stm32f40_41xxx.o(RESET) refers to startup_stm32f40_41xxx.o(STACK) for __initial_sp
    startup_stm32f40_41xxx.o(RESET) refers to startup_stm32f40_41xxx.o(.text) for Reset_Handler
    startup_stm32f40_41xxx.o(RESET) refers to stm32f4xx_it.o(i.NMI_Handler) for NMI_Handler
    startup_stm32f40_41xxx.o(RESET) refers to stm32f4xx_it.o(i.HardFault_Handler) for HardFault_Handler
    startup_stm32f40_41xxx.o(RESET) refers to stm32f4xx_it.o(i.MemManage_Handler) for MemManage_Handler
    startup_stm32f40_41xxx.o(RESET) refers to stm32f4xx_it.o(i.BusFault_Handler) for BusFault_Handler
    startup_stm32f40_41xxx.o(RESET) refers to stm32f4xx_it.o(i.UsageFault_Handler) for UsageFault_Handler
    startup_stm32f40_41xxx.o(RESET) refers to stm32f4xx_it.o(i.SVC_Handler) for SVC_Handler
    startup_stm32f40_41xxx.o(RESET) refers to stm32f4xx_it.o(i.DebugMon_Handler) for DebugMon_Handler
    startup_stm32f40_41xxx.o(RESET) refers to stm32f4xx_it.o(i.PendSV_Handler) for PendSV_Handler
    startup_stm32f40_41xxx.o(RESET) refers to stm32f4xx_it.o(i.SysTick_Handler) for SysTick_Handler
    startup_stm32f40_41xxx.o(RESET) refers to rtc.o(i.RTC_WKUP_IRQHandler) for RTC_WKUP_IRQHandler
    startup_stm32f40_41xxx.o(RESET) refers to ad7606.o(i.DMA1_Stream0_IRQHandler) for DMA1_Stream0_IRQHandler
    startup_stm32f40_41xxx.o(RESET) refers to ad7606.o(i.TIM2_IRQHandler) for TIM2_IRQHandler
    startup_stm32f40_41xxx.o(RESET) refers to uart.o(i.USART1_IRQHandler) for USART1_IRQHandler
    startup_stm32f40_41xxx.o(RESET) refers to uart.o(i.USART2_IRQHandler) for USART2_IRQHandler
    startup_stm32f40_41xxx.o(RESET) refers to uart.o(i.USART3_IRQHandler) for USART3_IRQHandler
    startup_stm32f40_41xxx.o(RESET) refers to ad7606.o(i.EXTI15_10_IRQHandler) for EXTI15_10_IRQHandler
    startup_stm32f40_41xxx.o(RESET) refers to rtc.o(i.RTC_Alarm_IRQHandler) for RTC_Alarm_IRQHandler
    startup_stm32f40_41xxx.o(RESET) refers to time.o(i.TIM5_IRQHandler) for TIM5_IRQHandler
    startup_stm32f40_41xxx.o(RESET) refers to time.o(i.TIM7_IRQHandler) for TIM7_IRQHandler
    startup_stm32f40_41xxx.o(RESET) refers to byyc_dma.o(i.DMA2_Stream0_IRQHandler) for DMA2_Stream0_IRQHandler
    startup_stm32f40_41xxx.o(RESET) refers to dac.o(i.DMA2_Stream1_IRQHandler) for DMA2_Stream1_IRQHandler
    startup_stm32f40_41xxx.o(.text) refers (Special) to heapauxi.o(.text) for __use_two_region_memory
    startup_stm32f40_41xxx.o(.text) refers to system_stm32f4xx.o(i.SystemInit) for SystemInit
    startup_stm32f40_41xxx.o(.text) refers to __main.o(!!!main) for __main
    startup_stm32f40_41xxx.o(.text) refers to startup_stm32f40_41xxx.o(HEAP) for Heap_Mem
    startup_stm32f40_41xxx.o(.text) refers to startup_stm32f40_41xxx.o(STACK) for Stack_Mem
    main.o(i.main) refers to delay.o(i.delay_init) for delay_init
    main.o(i.main) refers to uart.o(i.Init_Uart1) for Init_Uart1
    main.o(i.main) refers to time.o(i.TIM5_CH1CH2_Cap_Init) for TIM5_CH1CH2_Cap_Init
    main.o(i.main) refers to dac.o(i.DAC_Signal_Init) for DAC_Signal_Init
    main.o(i.main) refers to proc.o(i.Per_Task) for Per_Task
    main.o(i.main) refers to os_task.o(i.modeRecTask) for modeRecTask
    main.o(i.main) refers to os_task.o(i.SystemTask) for SystemTask
    stm32f4xx_it.o(i.SysTick_Handler) refers to stm32f4xx_it.o(.data) for systick_flag
    system_stm32f4xx.o(i.SystemCoreClockUpdate) refers to system_stm32f4xx.o(.data) for SystemCoreClock
    system_stm32f4xx.o(i.SystemInit) refers to system_stm32f4xx.o(i.SetSysClock) for SetSysClock
    stm32f4xx_adc.o(i.ADC_DeInit) refers to stm32f4xx_rcc.o(i.RCC_APB2PeriphResetCmd) for RCC_APB2PeriphResetCmd
    stm32f4xx_can.o(i.CAN_DeInit) refers to stm32f4xx_rcc.o(i.RCC_APB1PeriphResetCmd) for RCC_APB1PeriphResetCmd
    stm32f4xx_can.o(i.CAN_GetITStatus) refers to stm32f4xx_can.o(i.CheckITStatus) for CheckITStatus
    stm32f4xx_cryp.o(i.CRYP_DeInit) refers to stm32f4xx_rcc.o(i.RCC_AHB2PeriphResetCmd) for RCC_AHB2PeriphResetCmd
    stm32f4xx_cryp_aes.o(i.CRYP_AES_CBC) refers to stm32f4xx_cryp.o(i.CRYP_KeyStructInit) for CRYP_KeyStructInit
    stm32f4xx_cryp_aes.o(i.CRYP_AES_CBC) refers to stm32f4xx_cryp.o(i.CRYP_FIFOFlush) for CRYP_FIFOFlush
    stm32f4xx_cryp_aes.o(i.CRYP_AES_CBC) refers to stm32f4xx_cryp.o(i.CRYP_Init) for CRYP_Init
    stm32f4xx_cryp_aes.o(i.CRYP_AES_CBC) refers to stm32f4xx_cryp.o(i.CRYP_KeyInit) for CRYP_KeyInit
    stm32f4xx_cryp_aes.o(i.CRYP_AES_CBC) refers to stm32f4xx_cryp.o(i.CRYP_Cmd) for CRYP_Cmd
[...]
    i.USART_SendData                         0x080027ce   Section        0  stm32f4xx_usart.o(i.USART_SendData)
    i.UsageFault_Handler                     0x080027d6   Section        0  stm32f4xx_it.o(i.UsageFault_Handler)
    i.__ARM_fpclassify                       0x080027da   Section        0  fpclassify.o(i.__ARM_fpclassify)
    i.__hardfp_round                         0x08002810   Section        0  round.o(i.__hardfp_round)
    i.__hardfp_sin                           0x080028f0   Section        0  sin.o(i.__hardfp_sin)
    i.__ieee754_rem_pio2                     0x080029b8   Section        0  rred.o(i.__ieee754_rem_pio2)
    i.__kernel_cos                           0x08002df0   Section        0  cos_i.o(i.__kernel_cos)
    i.__kernel_poly                          0x08002f60   Section        0  poly.o(i.__kernel_poly)
    i.__kernel_sin                           0x08003058   Section        0  sin_i.o(i.__kernel_sin)
    i.__mathlib_dbl_infnan                   0x08003188   Section        0  dunder.o(i.__mathlib_dbl_infnan)
    i.__mathlib_dbl_invalid                  0x080031a0   Section        0  dunder.o(i.__mathlib_dbl_invalid)
    i.__mathlib_dbl_underflow                0x080031c0   Section        0  dunder.o(i.__mathlib_dbl_underflow)
    i._is_digit                              0x080031e0   Section        0  __printf_wp.o(i._is_digit)
    i._sys_exit                              0x080031ee   Section        0  uart.o(i._sys_exit)
    i.ad7606_StartRecord                     0x080031f4   Section        0  ad7606.o(i.ad7606_StartRecord)
    i.delay_init                             0x0800321c   Section        0  delay.o(i.delay_init)
    i.display_Task                           0x08003258   Section        0  os_task.o(i.display_Task)
    i.fabs                                   0x080032b8   Section        0  fabs.o(i.fabs)
    i.fputc                                  0x080032d0   Section        0  uart.o(i.fputc)
    i.main                                   0x080032ec   Section        0  main.o(i.main)
    i.modeRecTask                            0x08003368   Section        0  os_task.o(i.modeRecTask)
    i.queue_find_cmd                         0x08003404   Section        0  cmd_queue.o(i.queue_find_cmd)
    i.queue_pop                              0x08003488   Section        0  cmd_queue.o(i.queue_pop)
    queue_pop                                0x08003489   Thumb Code    48  cmd_queue.o(i.queue_pop)
    i.queue_push                             0x080034bc   Section        0  cmd_queue.o(i.queue_push)
    i.queue_size                             0x080034ec   Section        0  cmd_queue.o(i.queue_size)
    queue_size                               0x080034ed   Thumb Code    30  cmd_queue.o(i.queue_size)
    i.real_adc_value                         0x08003510   Section        0  ad7606.o(i.real_adc_value)
    i.sin_Generation                         0x080035cc   Section        0  dac.o(i.sin_Generation)
    i.soundlocationTask                      0x08003668   Section        0  os_task.o(i.soundlocationTask)
    i.sweptFreSinsignal_Task                 0x08003720   Section        0  os_task.o(i.sweptFreSinsignal_Task)
    locale$$code                             0x08003764   Section       44  lc_ctype_c.o(locale$$code)
    x$fpl$basic                              0x08003790   Section       24  basic.o(x$fpl$basic)
    $v0                                      0x08003790   Number         0  basic.o(x$fpl$basic)
    x$fpl$d2f                                0x080037a8   Section       98  d2f.o(x$fpl$d2f)
    $v0                                      0x080037a8   Number         0  d2f.o(x$fpl$d2f)
    x$fpl$dadd                               0x0800380c   Section      336  daddsub_clz.o(x$fpl$dadd)
    $v0                                      0x0800380c   Number         0  daddsub_clz.o(x$fpl$dadd)
    _dadd1                                   0x0800381d   Thumb Code     0  daddsub_clz.o(x$fpl$dadd)
    x$fpl$dcmpinf                            0x0800395c   Section       24  dcmpi.o(x$fpl$dcmpinf)
    $v0                                      0x0800395c   Number         0  dcmpi.o(x$fpl$dcmpinf)
    x$fpl$ddiv                               0x08003974   Section      688  ddiv.o(x$fpl$ddiv)
    $v0                                      0x08003974   Number         0  ddiv.o(x$fpl$ddiv)
    ddiv_entry                               0x0800397b   Thumb Code     0  ddiv.o(x$fpl$ddiv)
    x$fpl$dfix                               0x08003c24   Section       94  dfix.o(x$fpl$dfix)
    $v0                                      0x08003c24   Number         0  dfix.o(x$fpl$dfix)
    x$fpl$dfixu                              0x08003c84   Section       90  dfixu.o(x$fpl$dfixu)
    $v0                                      0x08003c84   Number         0  dfixu.o(x$fpl$dfixu)
    x$fpl$dflt                               0x08003cde   Section       46  dflt_clz.o(x$fpl$dflt)
    $v0                                      0x08003cde   Number         0  dflt_clz.o(x$fpl$dflt)
    x$fpl$dfltu                              0x08003d0c   Section       38  dflt_clz.o(x$fpl$dfltu)
    $v0                                      0x08003d0c   Number         0  dflt_clz.o(x$fpl$dfltu)
    x$fpl$dleqf                              0x08003d34   Section      120  dleqf.o(x$fpl$dleqf)
    $v0                                      0x08003d34   Number         0  dleqf.o(x$fpl$dleqf)
    x$fpl$dmul                               0x08003dac   Section      340  dmul.o(x$fpl$dmul)
    $v0                                      0x08003dac   Number         0  dmul.o(x$fpl$dmul)
    x$fpl$dnaninf                            0x08003f00   Section      156  dnaninf.o(x$fpl$dnaninf)
    $v0                                      0x08003f00   Number         0  dnaninf.o(x$fpl$dnaninf)
    x$fpl$dretinf                            0x08003f9c   Section       12  dretinf.o(x$fpl$dretinf)
    $v0                                      0x08003f9c   Number         0  dretinf.o(x$fpl$dretinf)
    x$fpl$drleqf                             0x08003fa8   Section      108  drleqf.o(x$fpl$drleqf)
    $v0                                      0x08003fa8   Number         0  drleqf.o(x$fpl$drleqf)
    x$fpl$drnd                               0x08004014   Section      180  drnd.o(x$fpl$drnd)
    $v0                                      0x08004014   Number         0  drnd.o(x$fpl$drnd)
    x$fpl$drsb                               0x080040c8   Section       22  daddsub_clz.o(x$fpl$drsb)
    $v0                                      0x080040c8   Number         0  daddsub_clz.o(x$fpl$drsb)
    x$fpl$dsub                               0x080040e0   Section      468  daddsub_clz.o(x$fpl$dsub)
    $v0                                      0x080040e0   Number         0  daddsub_clz.o(x$fpl$dsub)
    _dsub1                                   0x080040f1   Thumb Code     0  daddsub_clz.o(x$fpl$dsub)
    x$fpl$f2d                                0x080042b4   Section       86  f2d.o(x$fpl$f2d)
    $v0                                      0x080042b4   Number         0  f2d.o(x$fpl$f2d)
    x$fpl$ffltll                             0x0800430a   Section       96  ffltll_clz.o(x$fpl$ffltll)
    $v0                                      0x0800430a   Number         0  ffltll_clz.o(x$fpl$ffltll)
    x$fpl$fnaninf                            0x0800436a   Section      140  fnaninf.o(x$fpl$fnaninf)
    $v0                                      0x0800436a   Number         0  fnaninf.o(x$fpl$fnaninf)
    x$fpl$fpinit                             0x080043f6   Section       10  fpinit.o(x$fpl$fpinit)
    $v0                                      0x080043f6   Number         0  fpinit.o(x$fpl$fpinit)
    x$fpl$fretinf                            0x08004400   Section       10  fretinf.o(x$fpl$fretinf)
    $v0                                      0x08004400   Number         0  fretinf.o(x$fpl$fretinf)
    x$fpl$usenofp                            0x0800440a   Section        0  usenofp.o(x$fpl$usenofp)
    .constdata                               0x0800440c   Section       64  os_task.o(.constdata)
    .constdata                               0x0800444c   Section       17  __printf_flags_wp.o(.constdata)
    maptable                                 0x0800444c   Data          17  __printf_flags_wp.o(.constdata)
    .constdata                               0x08004460   Section       48  cos_i.o(.constdata)
    C                                        0x08004460   Data          48  cos_i.o(.constdata)
    .constdata                               0x08004490   Section      200  rred.o(.constdata)
    pio2s                                    0x08004490   Data          48  rred.o(.constdata)
    twooverpi                                0x080044c0   Data         152  rred.o(.constdata)
    .constdata                               0x08004558   Section       40  sin_i.o(.constdata)
    S                                        0x08004558   Data          40  sin_i.o(.constdata)
    .conststring                             0x08004580   Section       71  os_task.o(.conststring)
    locale$$data                             0x080045e8   Section      272  lc_ctype_c.o(locale$$data)
    __lcctype_c_name                         0x080045ec   Data           2  lc_ctype_c.o(locale$$data)
    __lcctype_c_start                        0x080045f4   Data           0  lc_ctype_c.o(locale$$data)
    __lcctype_c_end                          0x080046f8   Data           0  lc_ctype_c.o(locale$$data)
    .data                                    0x20000000   Section        2  stm32f4xx_it.o(.data)
    .data                                    0x20000002   Section       16  stm32f4xx_rcc.o(.data)
    APBAHBPrescTable                         0x20000002   Data          16  stm32f4xx_rcc.o(.data)
    .data                                    0x20000012   Section        4  delay.o(.data)
    fac_us                                   0x20000012   Data           1  delay.o(.data)
    fac_ms                                   0x20000014   Data           2  delay.o(.data)
    .data                                    0x20000018   Section       25  uart.o(.data)
    .data                                    0x20000034   Section       94  time.o(.data)
    .data                                    0x20000092   Section        2  dac.o(.data)
    arr                                      0x20000092   Data           2  dac.o(.data)
    .data                                    0x20000094   Section        6  cmd_queue.o(.data)
    cmd_state                                0x20000094   Data           4  cmd_queue.o(.data)
    cmd_pos                                  0x20000098   Data           2  cmd_queue.o(.data)
    .data                                    0x2000009a   Section        5  ad7606.o(.data)
    .data                                    0x2000009f   Section        2  byyc_dma.o(.data)
    x                                        0x200000a0   Data           1  byyc_dma.o(.data)
    .data                                    0x200000a4   Section       20  proc.o(.data)
    systick_cnt                              0x200000b0   Data           4  proc.o(.data)
    systick_cnt2                             0x200000b4   Data           4  proc.o(.data)
    .data                                    0x200000b8   Section       96  os_task.o(.data)
    Freq                                     0x2000010c   Data           4  os_task.o(.data)
    Freq                                     0x20000110   Data           2  os_task.o(.data)
    arr                                      0x20000114   Data           4  os_task.o(.data)
    .data                                    0x20000118   Section     1728  excel.o(.data)
    .bss                                     0x200007d8   Section      184  dac.o(.bss)
    .bss                                     0x20000890   Section       64  cmd_process.o(.bss)
    .bss                                     0x200008d0   Section      516  cmd_queue.o(.bss)
    que                                      0x200008d0   Data         516  cmd_queue.o(.bss)
    .bss                                     0x20000ad4   Section    32768  ad7606.o(.bss)
    .bss                                     0x20008ad4   Section       96  libspace.o(.bss)
    HEAP                                     0x20008b38   Section    24320  startup_stm32f40_41xxx.o(HEAP)
    Heap_Mem                                 0x20008b38   Data       24320  startup_stm32f40_41xxx.o(HEAP)
    STACK                                    0x2000ea38   Section    24320  startup_stm32f40_41xxx.o(STACK)
    Stack_Mem                                0x2000ea38   Data       24320  startup_stm32f40_41xxx.o(STACK)
    __initial_sp                             0x20014938   Data           0  startup_stm32f40_41xxx.o(STACK)

    Global Symbols

    Symbol Name                              Value     Ov Type        Size  Object(Section)

    BuildAttributes$$THM_ISAv4$E$P$D$K$B$S$7EM$VFPi3$EXTD16$VFPS$VFMA$PE$A:L22UL41UL21$X:L11$S22US41US21$IEEE1$IW$USESV6$~STKCKD$USESV7$~SHL$OTIME$ROPI$IEEEX$EBA8$UX$STANDARDLIB$REQ8$PRES8$EABIv2 0x00000000   Number         0  anon$$obj.o ABSOLUTE
    __ARM_use_no_argv                        0x00000000   Number         0  main.o ABSOLUTE
    _printf_flags                            0x00000000   Number         0  printf_stubs.o ABSOLUTE
    _printf_return_value                     0x00000000   Number         0  printf_stubs.o ABSOLUTE
    _printf_sizespec                         0x00000000   Number         0  printf_stubs.o ABSOLUTE
    _printf_widthprec                        0x00000000   Number         0  printf_stubs.o ABSOLUTE
    __ARM_exceptions_init                     - Undefined Weak Reference
    __alloca_initialize                       - Undefined Weak Reference
    __arm_preinit_                            - Undefined Weak Reference
    __cpp_initialize__aeabi_                  - Undefined Weak Reference
    __cxa_finalize                            - Undefined Weak Reference
    __sigvec_lookup                           - Undefined Weak Reference
    __user_heap_extent                        - Undefined Weak Reference
    _atexit_init                              - Undefined Weak Reference
    _call_atexit_fns                          - Undefined Weak Reference
    _clock_init                               - Undefined Weak Reference
    _fp_trap_init                             - Undefined Weak Reference
    _fp_trap_shutdown                         - Undefined Weak Reference
    _get_lc_collate                           - Undefined Weak Reference
    _get_lc_monetary                          - Undefined Weak Reference
    _get_lc_time                              - Undefined Weak Reference
    _getenv_init                              - Undefined Weak Reference
    _handle_redirection                       - Undefined Weak Reference
    _initio                                   - Undefined Weak Reference
    _mutex_acquire                            - Undefined Weak Reference
    _mutex_free                               - Undefined Weak Reference
    _mutex_release                            - Undefined Weak Reference
    _printf_mbtowc                            - Undefined Weak Reference
    _printf_truncate_signed                   - Undefined Weak Reference
    _printf_truncate_unsigned                 - Undefined Weak Reference
    _rand_init                                - Undefined Weak Reference
    _scanf_longlong                           - Undefined Weak Reference
    _scanf_mbtowc                             - Undefined Weak Reference
    _scanf_real                               - Undefined Weak Reference
    _scanf_string                             - Undefined Weak Reference
    _scanf_wctomb                             - Undefined Weak Reference
    _scanf_wstring                            - Undefined Weak Reference
    _signal_finish                            - Undefined Weak Reference
    _signal_init                              - Undefined Weak Reference
    _terminateio                              - Undefined Weak Reference
    __Vectors_Size                           0x00000188   Number         0  startup_stm32f40_41xxx.o ABSOLUTE
    __Vectors                                0x08000000   Data           4  startup_stm32f40_41xxx.o(RESET)
    __Vectors_End                            0x08000188   Data           0  startup_stm32f40_41xxx.o(RESET)
    __main                                   0x08000189   Thumb Code     8  __main.o(!!!main)
    __scatterload                            0x08000191   Thumb Code     0  __scatter.o(!!!scatter)
    __scatterload_rt2                        0x08000191   Thumb Code    44  __scatter.o(!!!scatter)
    __scatterload_rt2_thumb_only             0x08000191   Thumb Code     0  __scatter.o(!!!scatter)
    __scatterload_null                       0x0800019f   Thumb Code     0  __scatter.o(!!!scatter)
    __decompress                             0x080001c5   Thumb Code    90  __dczerorl2.o(!!dczerorl2)
    __decompress1                            0x080001c5   Thumb Code     0  __dczerorl2.o(!!dczerorl2)
    __scatterload_zeroinit                   0x08000221   Thumb Code    28  __scatter_zi.o(!!handler_zi)
    _printf_percent                          0x0800023d   Thumb Code     0  _printf_percent.o(.ARM.Collect$$_printf_percent$$00000000)
    _printf_s                                0x0800023d   Thumb Code     0  _printf_s.o(.ARM.Collect$$_printf_percent$$00000014)
    _printf_percent_end                      0x08000243   Thumb Code     0  _printf_percent_end.o(.ARM.Collect$$_printf_percent$$00000017)
    __rt_lib_init                            0x08000247   Thumb Code     0  libinit.o(.ARM.Collect$$libinit$$00000000)
    __rt_lib_init_fp_1                       0x08000249   Thumb Code     0  libinit2.o(.ARM.Collect$$libinit$$00000001)
    __rt_lib_init_heap_1                     0x0800024d   Thumb Code     0  libinit2.o(.ARM.Collect$$libinit$$0000000A)
    __rt_lib_init_lc_common                  0x0800024d   Thumb Code     0  libinit2.o(.ARM.Collect$$libinit$$0000000F)
    __rt_lib_init_preinit_1                  0x0800024d   Thumb Code     0  libinit2.o(.ARM.Collect$$libinit$$00000004)
    __rt_lib_init_rand_1                     0x0800024d   Thumb Code     0  libinit2.o(.ARM.Collect$$libinit$$0000000E)
    __rt_lib_init_user_alloc_1               0x0800024d   Thumb Code     0  libinit2.o(.ARM.Collect$$libinit$$0000000C)
    __rt_lib_init_lc_collate_1               0x08000253   Thumb Code     0  libinit2.o(.ARM.Collect$$libinit$$00000011)
    __rt_lib_init_lc_ctype_2                 0x08000253   Thumb Code     0  libinit2.o(.ARM.Collect$$libinit$$00000012)
    __rt_lib_init_alloca_1                   0x0800025f   Thumb Code     0  libinit2.o(.ARM.Collect$$libinit$$0000002E)
    __rt_lib_init_argv_1                     0x0800025f   Thumb Code     0  libinit2.o(.ARM.Collect$$libinit$$0000002C)
    __rt_lib_init_atexit_1                   0x0800025f   Thumb Code     0  libinit2.o(.ARM.Collect$$libinit$$0000001B)
    __rt_lib_init_clock_1                    0x0800025f   Thumb Code     0  libinit2.o(.ARM.Collect$$libinit$$00000021)
    __rt_lib_init_cpp_1                      0x0800025f   Thumb Code     0  libinit2.o(.ARM.Collect$$libinit$$00000032)
    __rt_lib_init_exceptions_1               0x0800025f   Thumb Code     0  libinit2.o(.ARM.Collect$$libinit$$00000030)
    __rt_lib_init_fp_trap_1                  0x0800025f   Thumb Code     0  libinit2.o(.ARM.Collect$$libinit$$0000001F)
    __rt_lib_init_getenv_1                   0x0800025f   Thumb Code     0  libinit2.o(.ARM.Collect$$libinit$$00000023)
    __rt_lib_init_lc_ctype_1                 0x0800025f   Thumb Code     0  libinit2.o(.ARM.Collect$$libinit$$00000013)
    __rt_lib_init_lc_monetary_1              0x0800025f   Thumb Code     0  libinit2.o(.ARM.Collect$$libinit$$00000015)
    __rt_lib_init_lc_numeric_1               0x0800025f   Thumb Code     0  libinit2.o(.ARM.Collect$$libinit$$00000017)
    __rt_lib_init_lc_time_1                  0x0800025f   Thumb Code     0  libinit2.o(.ARM.Collect$$libinit$$00000019)
    __rt_lib_init_return                     0x0800025f   Thumb Code     0  libinit2.o(.ARM.Collect$$libinit$$00000033)
    __rt_lib_init_signal_1                   0x0800025f   Thumb Code     0  libinit2.o(.ARM.Collect$$libinit$$0000001D)
    __rt_lib_init_stdio_1                    0x0800025f   Thumb Code     0  libinit2.o(.ARM.Collect$$libinit$$00000025)
    __rt_lib_shutdown                        0x08000261   Thumb Code     0  libshutdown.o(.ARM.Collect$$libshutdown$$00000000)
    __rt_lib_shutdown_cpp_1                  0x08000263   Thumb Code     0  libshutdown2.o(.ARM.Collect$$libshutdown$$00000002)
    __rt_lib_shutdown_fp_trap_1              0x08000263   Thumb Code     0  libshutdown2.o(.ARM.Collect$$libshutdown$$00000007)
    __rt_lib_shutdown_heap_1                 0x08000263   Thumb Code     0  libshutdown2.o(.ARM.Collect$$libshutdown$$0000000F)
    __rt_lib_shutdown_return                 0x08000263   Thumb Code     0  libshutdown2.o(.ARM.Collect$$libshutdown$$00000010)
    __rt_lib_shutdown_signal_1               0x08000263   Thumb Code     0  libshutdown2.o(.ARM.Collect$$libshutdown$$0000000A)
    __rt_lib_shutdown_stdio_1                0x08000263   Thumb Code     0  libshutdown2.o(.ARM.Collect$$libshutdown$$00000004)
    __rt_lib_shutdown_user_alloc_1           0x08000263   Thumb Code     0  libshutdown2.o(.ARM.Collect$$libshutdown$$0000000C)
    __rt_entry                               0x08000265   Thumb Code     0  __rtentry.o(.ARM.Collect$$rtentry$$00000000)
    __rt_entry_presh_1                       0x08000265   Thumb Code     0  __rtentry2.o(.ARM.Collect$$rtentry$$00000002)
    __rt_entry_sh                            0x08000265   Thumb Code     0  __rtentry4.o(.ARM.Collect$$rtentry$$00000004)
    __rt_entry_li                            0x0800026b   Thumb Code     0  __rtentry2.o(.ARM.Collect$$rtentry$$0000000A)
    __rt_entry_postsh_1                      0x0800026b   Thumb Code     0  __rtentry2.o(.ARM.Collect$$rtentry$$00000009)
    __rt_entry_main                          0x0800026f   Thumb Code     0  __rtentry2.o(.ARM.Collect$$rtentry$$0000000D)
    __rt_entry_postli_1                      0x0800026f   Thumb Code     0  __rtentry2.o(.ARM.Collect$$rtentry$$0000000C)
    __rt_exit                                0x08000277   Thumb Code     0  rtexit.o(.ARM.Collect$$rtexit$$00000000)
    __rt_exit_ls                             0x08000279   Thumb Code     0  rtexit2.o(.ARM.Collect$$rtexit$$00000003)
    __rt_exit_prels_1                        0x08000279   Thumb Code     0  rtexit2.o(.ARM.Collect$$rtexit$$00000002)
    __rt_exit_exit                           0x0800027d   Thumb Code     0  rtexit2.o(.ARM.Collect$$rtexit$$00000004)
    Reset_Handler                            0x08000285   Thumb Code     8  startup_stm32f40_41xxx.o(.text)
    ADC_IRQHandler                           0x0800029f   Thumb Code     0  startup_stm32f40_41xxx.o(.text)
    CAN1_RX0_IRQHandler                      0x0800029f   Thumb Code     0  startup_stm32f40_41xxx.o(.text)
    CAN1_RX1_IRQHandler                      0x0800029f   Thumb Code     0  startup_stm32f40_41xxx.o(.text)
    CAN1_SCE_IRQHandler                      0x0800029f   Thumb Code     0  startup_stm32f40_41xxx.o(.text)
    CAN1_TX_IRQHandler                       0x0800029f   Thumb Code     0  startup_stm32f40_41xxx.o(.text)
    CAN2_RX0_IRQHandler                      0x0800029f   Thumb Code     0  startup_stm32f40_41xxx.o(.text)
    CAN2_RX1_IRQHandler                      0x0800029f   Thumb Code     0  startup_stm32f40_41xxx.o(.text)
    CAN2_SCE_IRQHandler                      0x0800029f   Thumb Code     0  startup_stm32f40_41xxx.o(.text)
    CAN2_TX_IRQHandler                       0x0800029f   Thumb Code     0  startup_stm32f40_41xxx.o(.text)
    CRYP_IRQHandler                          0x0800029f   Thumb Code     0  startup_stm32f40_41xxx.o(.text)
    DCMI_IRQHandler                          0x0800029f   Thumb Code     0  startup_stm32f40_41xxx.o(.text)
    DMA1_Stream1_IRQHandler                  0x0800029f   Thumb Code     0  startup_stm32f40_41xxx.o(.text)
    DMA1_Stream2_IRQHandler                  0x0800029f   Thumb Code     0  startup_stm32f40_41xxx.o(.text)
    DMA1_Stream3_IRQHandler                  0x0800029f   Thumb Code     0  startup_stm32f40_41xxx.o(.text)
    DMA1_Stream4_IRQHandler                  0x0800029f   Thumb Code     0  startup_stm32f40_41xxx.o(.text)
    DMA1_Stream5_IRQHandler                  0x0800029f   Thumb Code     0  startup_stm32f40_41xxx.o(.text)
    DMA1_Stream6_IRQHandler                  0x0800029f   Thumb Code     0  startup_stm32f40_41xxx.o(.text)
    DMA1_Stream7_IRQHandler                  0x0800029f   Thumb Code     0  startup_stm32f40_41xxx.o(.text)
    DMA2_Stream2_IRQHandler                  0x0800029f   Thumb Code     0  startup_stm32f40_41xxx.o(.text)
    DMA2_Stream3_IRQHandler                  0x0800029f   Thumb Code     0  startup_stm32f40_41xxx.o(.text)
    DMA2_Stream4_IRQHandler                  0x0800029f   Thumb Code     0  startup_stm32f40_41xxx.o(.text)
    DMA2_Stream5_IRQHandler                  0x0800029f   Thumb Code     0  startup_stm32f40_41xxx.o(.text)
    DMA2_Stream6_IRQHandler                  0x0800029f   Thumb Code     0  startup_stm32f40_41xxx.o(.text)
    DMA2_Stream7_IRQHandler                  0x0800029f   Thumb Code     0  startup_stm32f40_41xxx.o(.text)
    ETH_IRQHandler                           0x0800029f   Thumb Code     0  startup_stm32f40_41xxx.o(.text)
    ETH_WKUP_IRQHandler                      0x0800029f   Thumb Code     0  startup_stm32f40_41xxx.o(.text)
    EXTI0_IRQHandler                         0x0800029f   Thumb Code     0  startup_stm32f40_41xxx.o(.text)
    EXTI1_IRQHandler                         0x0800029f   Thumb Code     0  startup_stm32f40_41xxx.o(.text)
    EXTI2_IRQHandler                         0x0800029f   Thumb Code     0  startup_stm32f40_41xxx.o(.text)
    EXTI3_IRQHandler                         0x0800029f   Thumb Code     0  startup_stm32f40_41xxx.o(.text)
    EXTI4_IRQHandler                         0x0800029f   Thumb Code     0  startup_stm32f40_41xxx.o(.text)
    EXTI9_5_IRQHandler                       0x0800029f   Thumb Code     0  startup_stm32f40_41xxx.o(.text)
    FLASH_IRQHandler                         0x0800029f   Thumb Code     0  startup_stm32f40_41xxx.o(.text)
    FPU_IRQHandler                           0x0800029f   Thumb Code     0  startup_stm32f40_41xxx.o(.text)
    FSMC_IRQHandler                          0x0800029f   Thumb Code     0  startup_stm32f40_41xxx.o(.text)
    HASH_RNG_IRQHandler                      0x0800029f   Thumb Code     0  startup_stm32f40_41xxx.o(.text)
    I2C1_ER_IRQHandler                       0x0800029f   Thumb Code     0  startup_stm32f40_41xxx.o(.text)
    I2C1_EV_IRQHandler                       0x0800029f   Thumb Code     0  startup_stm32f40_41xxx.o(.text)
    I2C2_ER_IRQHandler                       0x0800029f   Thumb Code     0  startup_stm32f40_41xxx.o(.text)
    I2C2_EV_IRQHandler                       0x0800029f   Thumb Code     0  startup_stm32f40_41xxx.o(.text)
    I2C3_ER_IRQHandler                       0x0800029f   Thumb Code     0  startup_stm32f40_41xxx.o(.text)
    I2C3_EV_IRQHandler                       0x0800029f   Thumb Code     0  startup_stm32f40_41xxx.o(.text)
    OTG_FS_IRQHandler                        0x0800029f   Thumb Code     0  startup_stm32f40_41xxx.o(.text)
    OTG_FS_WKUP_IRQHandler                   0x0800029f   Thumb Code     0  startup_stm32f40_41xxx.o(.text)
    OTG_HS_EP1_IN_IRQHandler                 0x0800029f   Thumb Code     0  startup_stm32f40_41xxx.o(.text)
    OTG_HS_EP1_OUT_IRQHandler                0x0800029f   Thumb Code     0  startup_stm32f40_41xxx.o(.text)
    OTG_HS_IRQHandler                        0x0800029f   Thumb Code     0  startup_stm32f40_41xxx.o(.text)
    OTG_HS_WKUP_IRQHandler                   0x0800029f   Thumb Code     0  startup_stm32f40_41xxx.o(.text)
    PVD_IRQHandler                           0x0800029f   Thumb Code     0  startup_stm32f40_41xxx.o(.text)
    RCC_IRQHandler                           0x0800029f   Thumb Code     0  startup_stm32f40_41xxx.o(.text)
    SDIO_IRQHandler                          0x0800029f   Thumb Code     0  startup_stm32f40_41xxx.o(.text)
    SPI1_IRQHandler                          0x0800029f   Thumb Code     0  startup_stm32f40_41xxx.o(.text)
    SPI2_IRQHandler                          0x0800029f   Thumb Code     0  startup_stm32f40_41xxx.o(.text)
    SPI3_IRQHandler                          0x0800029f   Thumb Code     0  startup_stm32f40_41xxx.o(.text)
    TAMP_STAMP_IRQHandler                    0x0800029f   Thumb Code     0  startup_stm32f40_41xxx.o(.text)
    TIM1_BRK_TIM9_IRQHandler                 0x0800029f   Thumb Code     0  startup_stm32f40_41xxx.o(.text)
    TIM1_CC_IRQHandler                       0x0800029f   Thumb Code     0  startup_stm32f40_41xxx.o(.text)
    TIM1_TRG_COM_TIM11_IRQHandler            0x0800029f   Thumb Code     0  startup_stm32f40_41xxx.o(.text)
    TIM1_UP_TIM10_IRQHandler                 0x0800029f   Thumb Code     0  startup_stm32f40_41xxx.o(.text)
    TIM3_IRQHandler                          0x0800029f   Thumb Code     0  startup_stm32f40_41xxx.o(.text)
    TIM4_IRQHandler                          0x0800029f   Thumb Code     0  startup_stm32f40_41xxx.o(.text)
    TIM6_DAC_IRQHandler                      0x0800029f   Thumb Code     0  startup_stm32f40_41xxx.o(.text)
    TIM8_BRK_TIM12_IRQHandler                0x0800029f   Thumb Code     0  startup_stm32f40_41xxx.o(.text)
    TIM8_CC_IRQHandler                       0x0800029f   Thumb Code     0  startup_stm32f40_41xxx.o(.text)
    TIM8_TRG_COM_TIM14_IRQHandler            0x0800029f   Thumb Code     0  startup_stm32f40_41xxx.o(.text)
    TIM8_UP_TIM13_IRQHandler                 0x0800029f   Thumb Code     0  startup_stm32f40_41xxx.o(.text)
    UART4_IRQHandler                         0x0800029f   Thumb Code     0  startup_stm32f40_41xxx.o(.text)
    UART5_IRQHandler                         0x0800029f   Thumb Code     0  startup_stm32f40_41xxx.o(.text)
    USART6_IRQHandler                        0x0800029f   Thumb Code     0  startup_stm32f40_41xxx.o(.text)
    WWDG_IRQHandler                          0x0800029f   Thumb Code     0  startup_stm32f40_41xxx.o(.text)
    __user_initial_stackheap                 0x080002a1   Thumb Code     0  startup_stm32f40_41xxx.o(.text)
    __use_no_semihosting                     0x080002c5   Thumb Code     2  use_no_semi_2.o(.text)
    __2printf                                0x080002c9   Thumb Code    20  __2printf.o(.text)
    __2sprintf                               0x080002e1   Thumb Code    38  __2sprintf.o(.text)
    _printf_str                              0x0800030d   Thumb Code    82  _printf_str.o(.text)
    __printf                                 0x08000361   Thumb Code   308  __printf_flags_wp.o(.text)
    __0sscanf                                0x08000499   Thumb Code    52  __0sscanf.o(.text)
    _scanf_int                               0x080004d5   Thumb Code   332  _scanf_int.o(.text)
    __aeabi_memclr                           0x08000621   Thumb Code     0  rt_memclr.o(.text)
    __rt_memclr                              0x08000621   Thumb Code    68  rt_memclr.o(.text)
    _memset                                  0x08000625   Thumb Code     0  rt_memclr.o(.text)
    __aeabi_memclr4                          0x08000665   Thumb Code     0  rt_memclr_w.o(.text)
    __aeabi_memclr8                          0x08000665   Thumb Code     0  rt_memclr_w.o(.text)
    __rt_memclr_w                            0x08000665   Thumb Code    78  rt_memclr_w.o(.text)
    _memset_w                                0x08000669   Thumb Code     0  rt_memclr_w.o(.text)
    __use_two_region_memory                  0x080006b3   Thumb Code     2  heapauxi.o(.text)
    __rt_heap_escrow                         0x080006b5   Thumb Code     2  heapauxi.o(.text)
    __rt_heap_expand                         0x080006b7   Thumb Code     2  heapauxi.o(.text)
    __I$use$semihosting                      0x080006b9   Thumb Code     0  use_no_semi.o(.text)
    __use_no_semihosting_swi                 0x080006b9   Thumb Code     2  use_no_semi.o(.text)
    __read_errno                             0x080006bb   Thumb Code    10  _rserrno.o(.text)
    __set_errno                              0x080006c5   Thumb Code    12  _rserrno.o(.text)
    _printf_char_common                      0x080006db   Thumb Code    32  _printf_char_common.o(.text)
    _sputc                                   0x08000701   Thumb Code    10  _sputc.o(.text)
    _printf_cs_common                        0x0800070b   Thumb Code    20  _printf_char.o(.text)
    _printf_char                             0x0800071f   Thumb Code    16  _printf_char.o(.text)
    _printf_string                           0x0800072f   Thumb Code     8  _printf_char.o(.text)
    _printf_char_file                        0x08000739   Thumb Code    32  _printf_char_file.o(.text)
    _chval                                   0x0800075d   Thumb Code    28  _chval.o(.text)
    __vfscanf_char                           0x08000785   Thumb Code    24  scanf_char.o(.text)
    _sgetc                                   0x080007a5   Thumb Code    30  _sgetc.o(.text)
    _sbackspace                              0x080007c3   Thumb Code    34  _sgetc.o(.text)
    __user_libspace                          0x080007e5   Thumb Code     8  libspace.o(.text)
    __user_perproc_libspace                  0x080007e5   Thumb Code     0  libspace.o(.text)
    __user_perthread_libspace                0x080007e5   Thumb Code     0  libspace.o(.text)
    __rt_locale                              0x080007ed   Thumb Code     8  rt_locale_intlibspace.o(.text)
    __aeabi_errno_addr                       0x080007f5   Thumb Code     8  rt_errno_addr_intlibspace.o(.text)
    __errno$intlibspace                      0x080007f5   Thumb Code     0  rt_errno_addr_intlibspace.o(.text)
    __rt_errno_addr$intlibspace              0x080007f5   Thumb Code     0  rt_errno_addr_intlibspace.o(.text)
    isspace                                  0x080007fd   Thumb Code    18  isspace.o(.text)
    __vfscanf                                0x08000811   Thumb Code   878  _scanf.o(.text)
    ferror                                   0x08000b85   Thumb Code     8  ferror.o(.text)
    __user_setup_stackheap                   0x08000b8d   Thumb Code    74  sys_stackheap_outer.o(.text)
    __rt_ctype_table                         0x08000bd9   Thumb Code    16  rt_ctype_table.o(.text)
    exit                                     0x08000be9   Thumb Code    18  exit.o(.text)
    strcmp                                   0x08000bfd   Thumb Code   128  strcmpv7m.o(.text)
    BusFault_Handler                         0x08000c7d   Thumb Code     4  stm32f4xx_it.o(i.BusFault_Handler)
    CMD_ID                                   0x08000c81   Thumb Code     8  uart.o(i.CMD_ID)
    ClearBuffer                              0x08000c89   Thumb Code    16  cmd_process.o(i.ClearBuffer)
    DAC_Ch1_SineWaveConfig                   0x08000c99   Thumb Code   128  dac.o(i.DAC_Ch1_SineWaveConfig)
    DAC_Cmd                                  0x08000d29   Thumb Code    34  stm32f4xx_dac.o(i.DAC_Cmd)
    DAC_DMACmd                               0x08000d51   Thumb Code    38  stm32f4xx_dac.o(i.DAC_DMACmd)
    DAC_GPIO_Configuration                   0x08000d7d   Thumb Code    52  dac.o(i.DAC_GPIO_Configuration)
    DAC_Init                                 0x08000db5   Thumb Code    46  stm32f4xx_dac.o(i.DAC_Init)
    DAC_Signal_Init                          0x08000de9   Thumb Code    30  dac.o(i.DAC_Signal_Init)
    DMA1_Stream0_IRQHandler                  0x08000e09   Thumb Code    80  ad7606.o(i.DMA1_Stream0_IRQHandler)
    DMA1_Stream5_NVIC_Init                   0x08000e71   Thumb Code    32  dac.o(i.DMA1_Stream5_NVIC_Init)
    DMA2_Stream0_IRQHandler                  0x08000e91   Thumb Code    56  byyc_dma.o(i.DMA2_Stream0_IRQHandler)
    DMA2_Stream1_IRQHandler                  0x08000ee1   Thumb Code    22  dac.o(i.DMA2_Stream1_IRQHandler)
    DMA_ClearITPendingBit                    0x08000f01   Thumb Code    38  stm32f4xx_dma.o(i.DMA_ClearITPendingBit)
    DMA_Cmd                                  0x08000f35   Thumb Code    22  stm32f4xx_dma.o(i.DMA_Cmd)
    DMA_DeInit                               0x08000f4d   Thumb Code   324  stm32f4xx_dma.o(i.DMA_DeInit)
    DMA_GetFlagStatus                        0x080010a5   Thumb Code    54  stm32f4xx_dma.o(i.DMA_GetFlagStatus)
    DMA_GetITStatus                          0x080010e9   Thumb Code    82  stm32f4xx_dma.o(i.DMA_GetITStatus)
    DMA_Init                                 0x0800114d   Thumb Code    82  stm32f4xx_dma.o(i.DMA_Init)
    DebugMon_Handler                         0x080011a5   Thumb Code     2  stm32f4xx_it.o(i.DebugMon_Handler)
    EXTI15_10_IRQHandler                     0x080011a9   Thumb Code    80  ad7606.o(i.EXTI15_10_IRQHandler)
    EXTI_ClearITPendingBit                   0x080011fd   Thumb Code     6  stm32f4xx_exti.o(i.EXTI_ClearITPendingBit)
    EXTI_GetITStatus                         0x08001209   Thumb Code    20  stm32f4xx_exti.o(i.EXTI_GetITStatus)
    GPIO_Init                                0x08001221   Thumb Code   144  stm32f4xx_gpio.o(i.GPIO_Init)
    GPIO_PinAFConfig                         0x080012b1   Thumb Code    70  stm32f4xx_gpio.o(i.GPIO_PinAFConfig)
    HardFault_Handler                        0x080012f7   Thumb Code     4  stm32f4xx_it.o(i.HardFault_Handler)
    Init_Uart1                               0x080012fd   Thumb Code   168  uart.o(i.Init_Uart1)
    LocationStatic_Task                      0x080013ad   Thumb Code   876  os_task.o(i.LocationStatic_Task)
    MemManage_Handler                        0x08001771   Thumb Code     4  stm32f4xx_it.o(i.MemManage_Handler)
    NMI_Handler                              0x08001775   Thumb Code     2  stm32f4xx_it.o(i.NMI_Handler)
    NVIC_Init                                0x08001779   Thumb Code   106  misc.o(i.NVIC_Init)
    PendSV_Handler                           0x080017f1   Thumb Code     2  stm32f4xx_it.o(i.PendSV_Handler)
    Per_Task                                 0x080017f5   Thumb Code   434  proc.o(i.Per_Task)
    Pin_PP_Out                               0x080019f9   Thumb Code   172  byyc_gpio.o(i.Pin_PP_Out)
    ProcessMessage                           0x08001add   Thumb Code   100  cmd_process.o(i.ProcessMessage)
    RCC_AHB1PeriphClockCmd                   0x08001b51   Thumb Code    26  stm32f4xx_rcc.o(i.RCC_AHB1PeriphClockCmd)
    RCC_APB1PeriphClockCmd                   0x08001b71   Thumb Code    26  stm32f4xx_rcc.o(i.RCC_APB1PeriphClockCmd)
    RCC_APB2PeriphClockCmd                   0x08001b91   Thumb Code    26  stm32f4xx_rcc.o(i.RCC_APB2PeriphClockCmd)
    RCC_GetClocksFreq                        0x08001bb1   Thumb Code   214  stm32f4xx_rcc.o(i.RCC_GetClocksFreq)
    RTC_Alarm_IRQHandler                     0x08001c99   Thumb Code    36  rtc.o(i.RTC_Alarm_IRQHandler)
    RTC_ClearFlag                            0x08001cc9   Thumb Code    24  stm32f4xx_rtc.o(i.RTC_ClearFlag)
    RTC_GetFlagStatus                        0x08001ce5   Thumb Code    32  stm32f4xx_rtc.o(i.RTC_GetFlagStatus)
    RTC_WKUP_IRQHandler                      0x08001d0d   Thumb Code    30  rtc.o(i.RTC_WKUP_IRQHandler)
    SPI_I2S_GetFlagStatus                    0x08001d2b   Thumb Code    18  stm32f4xx_spi.o(i.SPI_I2S_GetFlagStatus)
    SVC_Handler                              0x08001d3d   Thumb Code     2  stm32f4xx_it.o(i.SVC_Handler)
    SendChar                                 0x08001d41   Thumb Code    42  uart.o(i.SendChar)
    SendStrings                              0x08001d71   Thumb Code    22  hmi_driver.o(i.SendStrings)
    SetTextValue                             0x08001e75   Thumb Code    82  hmi_driver.o(i.SetTextValue)
    SysTick_CLKSourceConfig                  0x08001ec7   Thumb Code    40  misc.o(i.SysTick_CLKSourceConfig)
    SysTick_Handler                          0x08001ef1   Thumb Code    12  stm32f4xx_it.o(i.SysTick_Handler)
    SystemInit                               0x08001f05   Thumb Code    88  system_stm32f4xx.o(i.SystemInit)
    SystemTask                               0x08001f6d   Thumb Code    34  os_task.o(i.SystemTask)
    TIM2_IRQHandler                          0x080020b9   Thumb Code   104  ad7606.o(i.TIM2_IRQHandler)
    TIM5_CH1CH2_Cap_Init                     0x0800212d   Thumb Code   324  time.o(i.TIM5_CH1CH2_Cap_Init)
    TIM5_IRQHandler                          0x08002279   Thumb Code   180  time.o(i.TIM5_IRQHandler)
    TIM6DAC_Init                             0x08002355   Thumb Code   136  dac.o(i.TIM6DAC_Init)
    TIM7_IRQHandler                          0x080023e9   Thumb Code    20  time.o(i.TIM7_IRQHandler)
    TIM_ClearITPendingBit                    0x08002401   Thumb Code     6  stm32f4xx_tim.o(i.TIM_ClearITPendingBit)
    TIM_Cmd                                  0x08002407   Thumb Code    24  stm32f4xx_tim.o(i.TIM_Cmd)
    TIM_GetCapture1                          0x0800241f   Thumb Code     6  stm32f4xx_tim.o(i.TIM_GetCapture1)
    TIM_GetCapture2                          0x08002425   Thumb Code     6  stm32f4xx_tim.o(i.TIM_GetCapture2)
    TIM_GetCapture3                          0x0800242b   Thumb Code     6  stm32f4xx_tim.o(i.TIM_GetCapture3)
    TIM_GetCapture4                          0x08002431   Thumb Code     6  stm32f4xx_tim.o(i.TIM_GetCapture4)
    TIM_GetITStatus                          0x08002437   Thumb Code    34  stm32f4xx_tim.o(i.TIM_GetITStatus)
    TIM_ICInit                               0x08002459   Thumb Code   110  stm32f4xx_tim.o(i.TIM_ICInit)
    TIM_ITConfig                             0x080024c7   Thumb Code    18  stm32f4xx_tim.o(i.TIM_ITConfig)
    TIM_SelectOutputTrigger                  0x080024d9   Thumb Code    18  stm32f4xx_tim.o(i.TIM_SelectOutputTrigger)
    TIM_SetIC1Prescaler                      0x080024eb   Thumb Code    18  stm32f4xx_tim.o(i.TIM_SetIC1Prescaler)
    TIM_SetIC2Prescaler                      0x080024fd   Thumb Code    26  stm32f4xx_tim.o(i.TIM_SetIC2Prescaler)
    TIM_SetIC3Prescaler                      0x08002517   Thumb Code    18  stm32f4xx_tim.o(i.TIM_SetIC3Prescaler)
    TIM_SetIC4Prescaler                      0x08002529   Thumb Code    26  stm32f4xx_tim.o(i.TIM_SetIC4Prescaler)
    TIM_TimeBaseInit                         0x08002545   Thumb Code   104  stm32f4xx_tim.o(i.TIM_TimeBaseInit)
    USART1_IRQHandler                        0x080025c9   Thumb Code    62  uart.o(i.USART1_IRQHandler)
    USART2_IRQHandler                        0x08002611   Thumb Code    36  uart.o(i.USART2_IRQHandler)
    USART3_IRQHandler                        0x08002639   Thumb Code    36  uart.o(i.USART3_IRQHandler)
    USART_ClearFlag                          0x08002661   Thumb Code    18  stm32f4xx_usart.o(i.USART_ClearFlag)
    USART_Cmd                                0x08002673   Thumb Code    24  stm32f4xx_usart.o(i.USART_Cmd)
    USART_GetFlagStatus                      0x0800268b   Thumb Code    26  stm32f4xx_usart.o(i.USART_GetFlagStatus)
    USART_ITConfig                           0x080026a5   Thumb Code    74  stm32f4xx_usart.o(i.USART_ITConfig)
    USART_Init                               0x080026f1   Thumb Code   204  stm32f4xx_usart.o(i.USART_Init)
    USART_ReceiveData                        0x080027c5   Thumb Code    10  stm32f4xx_usart.o(i.USART_ReceiveData)
    USART_SendData                           0x080027cf   Thumb Code     8  stm32f4xx_usart.o(i.USART_SendData)
    UsageFault_Handler                       0x080027d7   Thumb Code     4  stm32f4xx_it.o(i.UsageFault_Handler)
    __ARM_fpclassify                         0x080027db   Thumb Code    48  fpclassify.o(i.__ARM_fpclassify)
    __hardfp_round                           0x08002811   Thumb Code   194  round.o(i.__hardfp_round)
    __hardfp_sin                             0x080028f1   Thumb Code   180  sin.o(i.__hardfp_sin)
    __ieee754_rem_pio2                       0x080029b9   Thumb Code   938  rred.o(i.__ieee754_rem_pio2)
    __kernel_cos                             0x08002df1   Thumb Code   322  cos_i.o(i.__kernel_cos)
    __kernel_poly                            0x08002f61   Thumb Code   248  poly.o(i.__kernel_poly)
    __kernel_sin                             0x08003059   Thumb Code   280  sin_i.o(i.__kernel_sin)
    __mathlib_dbl_infnan                     0x08003189   Thumb Code    20  dunder.o(i.__mathlib_dbl_infnan)
    __mathlib_dbl_invalid                    0x080031a1   Thumb Code    24  dunder.o(i.__mathlib_dbl_invalid)
    __mathlib_dbl_underflow                  0x080031c1   Thumb Code    24  dunder.o(i.__mathlib_dbl_underflow)
    _is_digit                                0x080031e1   Thumb Code    14  __printf_wp.o(i._is_digit)
    _sys_exit                                0x080031ef   Thumb Code     4  uart.o(i._sys_exit)
    ad7606_StartRecord                       0x080031f5   Thumb Code    30  ad7606.o(i.ad7606_StartRecord)
    delay_init                               0x0800321d   Thumb Code    52  delay.o(i.delay_init)
    display_Task                             0x08003259   Thumb Code    62  os_task.o(i.display_Task)
    fabs                                     0x080032b9   Thumb Code    24  fabs.o(i.fabs)
    fputc                                    0x080032d1   Thumb Code    22  uart.o(i.fputc)
    main                                     0x080032ed   Thumb Code   114  main.o(i.main)
    modeRecTask                              0x08003369   Thumb Code   114  os_task.o(i.modeRecTask)
    queue_find_cmd                           0x08003405   Thumb Code   122  cmd_queue.o(i.queue_find_cmd)
    queue_push                               0x080034bd   Thumb Code    44  cmd_queue.o(i.queue_push)
    real_adc_value                           0x08003511   Thumb Code   156  ad7606.o(i.real_adc_value)
    sin_Generation                           0x080035cd   Thumb Code   128  dac.o(i.sin_Generation)
    soundlocationTask                        0x08003669   Thumb Code   124  os_task.o(i.soundlocationTask)
    sweptFreSinsignal_Task                   0x08003721   Thumb Code    60  os_task.o(i.sweptFreSinsignal_Task)
    _get_lc_ctype                            0x08003765   Thumb Code    44  lc_ctype_c.o(locale$$code)
    __aeabi_dneg                             0x08003791   Thumb Code     0  basic.o(x$fpl$basic)
    _dneg                                    0x08003791   Thumb Code     6  basic.o(x$fpl$basic)
    __aeabi_fneg                             0x08003797   Thumb Code     0  basic.o(x$fpl$basic)
    _fneg                                    0x08003797   Thumb Code     6  basic.o(x$fpl$basic)
    _dabs                                    0x0800379d   Thumb Code     6  basic.o(x$fpl$basic)
    _fabs                                    0x080037a3   Thumb Code     6  basic.o(x$fpl$basic)
    __aeabi_d2f                              0x080037a9   Thumb Code     0  d2f.o(x$fpl$d2f)
    _d2f                                     0x080037a9   Thumb Code    98  d2f.o(x$fpl$d2f)
    __aeabi_dadd                             0x0800380d   Thumb Code     0  daddsub_clz.o(x$fpl$dadd)
    _dadd                                    0x0800380d   Thumb Code   332  daddsub_clz.o(x$fpl$dadd)
    __fpl_dcmp_Inf                           0x0800395d   Thumb Code    24  dcmpi.o(x$fpl$dcmpinf)
    __aeabi_ddiv                             0x08003975   Thumb Code     0  ddiv.o(x$fpl$ddiv)
    _ddiv                                    0x08003975   Thumb Code   552  ddiv.o(x$fpl$ddiv)
    __aeabi_d2iz                             0x08003c25   Thumb Code     0  dfix.o(x$fpl$dfix)
    _dfix                                    0x08003c25   Thumb Code    94  dfix.o(x$fpl$dfix)
    __aeabi_d2uiz                            0x08003c85   Thumb Code     0  dfixu.o(x$fpl$dfixu)
    _dfixu                                   0x08003c85   Thumb Code    90  dfixu.o(x$fpl$dfixu)
    __aeabi_i2d                              0x08003cdf   Thumb Code     0  dflt_clz.o(x$fpl$dflt)
    _dflt                                    0x08003cdf   Thumb Code    46  dflt_clz.o(x$fpl$dflt)
    __aeabi_ui2d                             0x08003d0d   Thumb Code     0  dflt_clz.o(x$fpl$dfltu)
    _dfltu                                   0x08003d0d   Thumb Code    38  dflt_clz.o(x$fpl$dfltu)
    __aeabi_cdcmple                          0x08003d35   Thumb Code     0  dleqf.o(x$fpl$dleqf)
    _dcmple                                  0x08003d35   Thumb Code   120  dleqf.o(x$fpl$dleqf)
    __fpl_dcmple_InfNaN                      0x08003d97   Thumb Code     0  dleqf.o(x$fpl$dleqf)
    __aeabi_dmul                             0x08003dad   Thumb Code     0  dmul.o(x$fpl$dmul)
    _dmul                                    0x08003dad   Thumb Code   332  dmul.o(x$fpl$dmul)
    __fpl_dnaninf                            0x08003f01   Thumb Code   156  dnaninf.o(x$fpl$dnaninf)
    __fpl_dretinf                            0x08003f9d   Thumb Code    12  dretinf.o(x$fpl$dretinf)
    __aeabi_cdrcmple                         0x08003fa9   Thumb Code     0  drleqf.o(x$fpl$drleqf)
    _drcmple                                 0x08003fa9   Thumb Code   108  drleqf.o(x$fpl$drleqf)
    _drnd                                    0x08004015   Thumb Code   180  drnd.o(x$fpl$drnd)
    __aeabi_drsub                            0x080040c9   Thumb Code     0  daddsub_clz.o(x$fpl$drsb)
    _drsb                                    0x080040c9   Thumb Code    22  daddsub_clz.o(x$fpl$drsb)
    __aeabi_dsub                             0x080040e1   Thumb Code     0  daddsub_clz.o(x$fpl$dsub)
    _dsub                                    0x080040e1   Thumb Code   464  daddsub_clz.o(x$fpl$dsub)
    __aeabi_f2d                              0x080042b5   Thumb Code     0  f2d.o(x$fpl$f2d)
    _f2d                                     0x080042b5   Thumb Code    86  f2d.o(x$fpl$f2d)
    __aeabi_ul2f                             0x0800430b   Thumb Code     0  ffltll_clz.o(x$fpl$ffltll)
    _ll_uto_f                                0x0800430b   Thumb Code     6  ffltll_clz.o(x$fpl$ffltll)
    __aeabi_l2f                              0x08004311   Thumb Code     0  ffltll_clz.o(x$fpl$ffltll)
    _ll_sto_f                                0x08004311   Thumb Code    90  ffltll_clz.o(x$fpl$ffltll)
    __fpl_fnaninf                            0x0800436b   Thumb Code   140  fnaninf.o(x$fpl$fnaninf)
    _fp_init                                 0x080043f7   Thumb Code    10  fpinit.o(x$fpl$fpinit)
    __fplib_config_fpu_vfp                   0x080043ff   Thumb Code     0  fpinit.o(x$fpl$fpinit)
    __fplib_config_pureend_doubles           0x080043ff   Thumb Code     0  fpinit.o(x$fpl$fpinit)
    __fpl_fretinf                            0x08004401   Thumb Code    10  fretinf.o(x$fpl$fretinf)
    __I$use$fp                               0x0800440a   Number         0  usenofp.o(x$fpl$usenofp)
    Region$$Table$$Base                      0x080045c8   Number         0  anon$$obj.o(Region$$Table)
    Region$$Table$$Limit                     0x080045e8   Number         0  anon$$obj.o(Region$$Table)
    __ctype                                  0x080045f5   Data           0  lc_ctype_c.o(locale$$data)
    systick_flag                             0x20000000   Data           1  stm32f4xx_it.o(.data)
    systick_flag2                            0x20000001   Data           1  stm32f4xx_it.o(.data)
    __stdout                                 0x20000018   Data           4  uart.o(.data)
    cmd_id                                   0x2000001c   Data           2  uart.o(.data)
    values                                   0x20000020   Data           4  uart.o(.data)
    valueh                                   0x20000024   Data           4  uart.o(.data)
    size                                     0x20000028   Data           1  uart.o(.data)
    recvBuffer_head                          0x2000002a   Data           2  uart.o(.data)
    recvBuffer_tail                          0x2000002c   Data           2  uart.o(.data)
    frame_index                              0x2000002e   Data           2  uart.o(.data)
    sendingData                              0x20000030   Data           1  uart.o(.data)
    TIM5phasic_float                         0x20000034   Data           4  time.o(.data)
    TIM5phasic_U32                           0x20000038   Data           4  time.o(.data)
    TIM5frequency_float                      0x2000003c   Data           4  time.o(.data)
    TIM5frequency_U32                        0x20000040   Data           4  time.o(.data)
    capture1                                 0x20000044   Data           4  time.o(.data)
    capture2                                 0x20000048   Data           4  time.o(.data)
    capture3                                 0x2000004c   Data           4  time.o(.data)
    capture4                                 0x20000050   Data           4  time.o(.data)
    SUB0                                     0x20000054   Data           4  time.o(.data)
    SUB1                                     0x20000058   Data           4  time.o(.data)
    SUB2                                     0x2000005c   Data           4  time.o(.data)
    SUB3                                     0x20000060   Data           4  time.o(.data)
    SUB4                                     0x20000064   Data           4  time.o(.data)
    SUB5                                     0x20000068   Data           4  time.o(.data)
    sub_capture                              0x2000006c   Data           4  time.o(.data)
    sub_capture4_1                           0x20000070   Data           4  time.o(.data)
    sub_capture3_1                           0x20000074   Data           4  time.o(.data)
    sub_capture2_1                           0x20000078   Data           4  time.o(.data)
    sub_capture2_AD                          0x2000007c   Data           4  time.o(.data)
    sub_capture2_BC                          0x20000080   Data           4  time.o(.data)
    Capture_Secure_FLAG                      0x20000084   Data           1  time.o(.data)
    Capture_OK_FLAG                          0x20000085   Data           1  time.o(.data)
    Cflag                                    0x20000086   Data           1  time.o(.data)
    channel_ready_flags                      0x20000087   Data           1  time.o(.data)
    data_ready_flags                         0x20000088   Data           1  time.o(.data)
    Capture_Secure_FLAG1                     0x20000089   Data           1  time.o(.data)
    Capture_Secure_FLAG2                     0x2000008a   Data           1  time.o(.data)
    Capture_Secure_FLAG3                     0x2000008b   Data           1  time.o(.data)
    Capture_Secure_FLAG4                     0x2000008c   Data           1  time.o(.data)
    Data_Init_Finsh                          0x2000008d   Data           1  time.o(.data)
    DMA_CNT                                  0x2000008e   Data           2  time.o(.data)
    Renew_Count                              0x20000090   Data           2  time.o(.data)
    ad7606_value_tx_ok_flag                  0x2000009a   Data           1  ad7606.o(.data)
    data_conver_ok_flag                      0x2000009b   Data           1  ad7606.o(.data)
    spi_rx_ok_flag                           0x2000009c   Data           1  ad7606.o(.data)
    ad7606_continue_flag                     0x2000009d   Data           1  ad7606.o(.data)
    AD7606_TX_Flag                           0x2000009e   Data           1  ad7606.o(.data)
    dma_txok_flag                            0x2000009f   Data           1  byyc_dma.o(.data)
    SysTick_5ms                              0x200000a4   Data           1  proc.o(.data)
    SysTick_500ms                            0x200000a5   Data           1  proc.o(.data)
    SysTick_100ms                            0x200000a6   Data           1  proc.o(.data)
    SysTick_Mode_Rec_100ms                   0x200000a7   Data           1  proc.o(.data)
    SysTick_Loc_500ms                        0x200000a8   Data           1  proc.o(.data)
    SysTick_50ms                             0x200000a9   Data           1  proc.o(.data)
    SysTick_25ms                             0x200000aa   Data           1  proc.o(.data)
    SysTick_1s                               0x200000ab   Data           1  proc.o(.data)
    SysTick_Signal_1s                        0x200000ac   Data           1  proc.o(.data)
    SysTick_Location_500ms                   0x200000ad   Data           1  proc.o(.data)
    SysTick_Display_500ms                    0x200000ae   Data           1  proc.o(.data)
    SysTick_2s                               0x200000af   Data           1  proc.o(.data)
    xLabel                                   0x200000b8   Data          12  os_task.o(.data)
    yLabel                                   0x200000c4   Data          12  os_task.o(.data)
    Mode                                     0x200000d0   Data           1  os_task.o(.data)
    xLabels                                  0x200000d4   Data          24  os_task.o(.data)
    yLabels                                  0x200000ec   Data          24  os_task.o(.data)
    x                                        0x20000104   Data           1  os_task.o(.data)
    y                                        0x20000105   Data           1  os_task.o(.data)
    Change_Flag                              0x20000106   Data           1  os_task.o(.data)
    error                                    0x20000108   Data           4  os_task.o(.data)
    Sub                                      0x20000118   Data        1728  excel.o(.data)
    sinTable                                 0x200007d8   Data          84  dac.o(.bss)
    cosTable                                 0x2000082c   Data          84  dac.o(.bss)
    DAC_InitStructure                        0x20000880   Data          16  dac.o(.bss)
    cmd_buffer                               0x20000890   Data          64  cmd_process.o(.bss)
    ad7606_value_original                    0x20000ad4   Data        8192  ad7606.o(.bss)
    ad7606_value                             0x20002ad4   Data        8192  ad7606.o(.bss)
    ad7606_value_float32                     0x20004ad4   Data       16384  ad7606.o(.bss)
    __libspace_start                         0x20008ad4   Data          96  libspace.o(.bss)
    __temporary_stack_top$libspace           0x20008b34   Data           0  libspace.o(.bss)



==============================================================================

Memory Map of the image

  Image Entry point : 0x08000189

  Load Region LR_IROM1 (Base: 0x08000000, Size: 0x00004ed0, Max: 0x00080000, ABSOLUTE, COMPRESSED[0x00004b78])

    Execution Region ER_IROM1 (Base: 0x08000000, Size: 0x000046f8, Max: 0x00080000, ABSOLUTE)

    Base Addr    Size         Type   Attr      Idx    E Section Name        Object

    0x08000000   0x00000188   Data   RO            3    RESET               startup_stm32f40_41xxx.o
    0x08000188   0x00000008   Code   RO         7742  * !!!main             c_w.l(__main.o)
    0x08000190   0x00000034   Code   RO         8201    !!!scatter          c_w.l(__scatter.o)
    0x080001c4   0x0000005a   Code   RO         8199    !!dczerorl2         c_w.l(__dczerorl2.o)
    0x0800021e   0x00000002   PAD
    0x08000220   0x0000001c   Code   RO         8203    !!handler_zi        c_w.l(__scatter_zi.o)
    0x0800023c   0x00000000   Code   RO         7729    .ARM.Collect$$_printf_percent$$00000000  c_w.l(_printf_percent.o)
    0x0800023c   0x00000006   Code   RO         7726    .ARM.Collect$$_printf_percent$$00000014  c_w.l(_printf_s.o)
    0x08000242   0x00000004   Code   RO         7888    .ARM.Collect$$_printf_percent$$00000017  c_w.l(_printf_percent_end.o)
    0x08000246   0x00000002   Code   RO         8137    .ARM.Collect$$libinit$$00000000  c_w.l(libinit.o)
    0x08000248   0x00000004   Code   RO         7897    .ARM.Collect$$libinit$$00000001  c_w.l(libinit2.o)
    0x0800024c   0x00000000   Code   RO         7900    .ARM.Collect$$libinit$$00000004  c_w.l(libinit2.o)
    0x0800024c   0x00000000   Code   RO         7903    .ARM.Collect$$libinit$$0000000A  c_w.l(libinit2.o)
    0x0800024c   0x00000000   Code   RO         7905    .ARM.Collect$$libinit$$0000000C  c_w.l(libinit2.o)
    0x0800024c   0x00000000   Code   RO         7907    .ARM.Collect$$libinit$$0000000E  c_w.l(libinit2.o)
    0x0800024c   0x00000006   Code   RO         7908    .ARM.Collect$$libinit$$0000000F  c_w.l(libinit2.o)
    0x08000252   0x00000000   Code   RO         7910    .ARM.Collect$$libinit$$00000011  c_w.l(libinit2.o)
    0x08000252   0x0000000c   Code   RO         7911    .ARM.Collect$$libinit$$00000012  c_w.l(libinit2.o)
    0x0800025e   0x00000000   Code   RO         7912    .ARM.Collect$$libinit$$00000013  c_w.l(libinit2.o)
    0x0800025e   0x00000000   Code   RO         7914    .ARM.Collect$$libinit$$00000015  c_w.l(libinit2.o)
    0x0800025e   0x00000000   Code   RO         7916    .ARM.Collect$$libinit$$00000017  c_w.l(libinit2.o)
    0x0800025e   0x00000000   Code   RO         7918    .ARM.Collect$$libinit$$00000019  c_w.l(libinit2.o)
    0x0800025e   0x00000000   Code   RO         7920    .ARM.Collect$$libinit$$0000001B  c_w.l(libinit2.o)
    0x0800025e   0x00000000   Code   RO         7922    .ARM.Collect$$libinit$$0000001D  c_w.l(libinit2.o)
    0x0800025e   0x00000000   Code   RO         7924    .ARM.Collect$$libinit$$0000001F  c_w.l(libinit2.o)
    0x0800025e   0x00000000   Code   RO         7926    .ARM.Collect$$libinit$$00000021  c_w.l(libinit2.o)
    0x0800025e   0x00000000   Code   RO         7928    .ARM.Collect$$libinit$$00000023  c_w.l(libinit2.o)
    0x0800025e   0x00000000   Code   RO         7930    .ARM.Collect$$libinit$$00000025  c_w.l(libinit2.o)
    0x0800025e   0x00000000   Code   RO         7934    .ARM.Collect$$libinit$$0000002C  c_w.l(libinit2.o)
    0x0800025e   0x00000000   Code   RO         7936    .ARM.Collect$$libinit$$0000002E  c_w.l(libinit2.o)
    0x0800025e   0x00000000   Code   RO         7938    .ARM.Collect$$libinit$$00000030  c_w.l(libinit2.o)
    0x0800025e   0x00000000   Code   RO         7940    .ARM.Collect$$libinit$$00000032  c_w.l(libinit2.o)
    0x0800025e   0x00000002   Code   RO         7941    .ARM.Collect$$libinit$$00000033  c_w.l(libinit2.o)
    0x08000260   0x00000002   Code   RO         8196    .ARM.Collect$$libshutdown$$00000000  c_w.l(libshutdown.o)
    0x08000262   0x00000000   Code   RO         8152    .ARM.Collect$$libshutdown$$00000002  c_w.l(libshutdown2.o)
    0x08000262   0x00000000   Code   RO         8154    .ARM.Collect$$libshutdown$$00000004  c_w.l(libshutdown2.o)
    0x08000262   0x00000000   Code   RO         8157    .ARM.Collect$$libshutdown$$00000007  c_w.l(libshutdown2.o)
    0x08000262   0x00000000   Code   RO         8160    .ARM.Collect$$libshutdown$$0000000A  c_w.l(libshutdown2.o)
    0x08000262   0x00000000   Code   RO         8162    .ARM.Collect$$libshutdown$$0000000C  c_w.l(libshutdown2.o)
    0x08000262   0x00000000   Code   RO         8165    .ARM.Collect$$libshutdown$$0000000F  c_w.l(libshutdown2.o)
    0x08000262   0x00000002   Code   RO         8166    .ARM.Collect$$libshutdown$$00000010  c_w.l(libshutdown2.o)
    0x08000264   0x00000000   Code   RO         7848    .ARM.Collect$$rtentry$$00000000  c_w.l(__rtentry.o)
    0x08000264   0x00000000   Code   RO         8014    .ARM.Collect$$rtentry$$00000002  c_w.l(__rtentry2.o)
    0x08000264   0x00000006   Code   RO         8026    .ARM.Collect$$rtentry$$00000004  c_w.l(__rtentry4.o)
    0x0800026a   0x00000000   Code   RO         8016    .ARM.Collect$$rtentry$$00000009  c_w.l(__rtentry2.o)
    0x0800026a   0x00000004   Code   RO         8017    .ARM.Collect$$rtentry$$0000000A  c_w.l(__rtentry2.o)
    0x0800026e   0x00000000   Code   RO         8019    .ARM.Collect$$rtentry$$0000000C  c_w.l(__rtentry2.o)
    0x0800026e   0x00000008   Code   RO         8020    .ARM.Collect$$rtentry$$0000000D  c_w.l(__rtentry2.o)
    0x08000276   0x00000002   Code   RO         8138    .ARM.Collect$$rtexit$$00000000  c_w.l(rtexit.o)
    0x08000278   0x00000000   Code   RO         8170    .ARM.Collect$$rtexit$$00000002  c_w.l(rtexit2.o)
    0x08000278   0x00000004   Code   RO         8171    .ARM.Collect$$rtexit$$00000003  c_w.l(rtexit2.o)
    0x0800027c   0x00000006   Code   RO         8172    .ARM.Collect$$rtexit$$00000004  c_w.l(rtexit2.o)
    0x08000282   0x00000002   PAD
    0x08000284   0x00000040   Code   RO            4    .text               startup_stm32f40_41xxx.o
    0x080002c4   0x00000002   Code   RO         7625    .text               c_w.l(use_no_semi_2.o)
    0x080002c6   0x00000002   PAD
    0x080002c8   0x00000018   Code   RO         7689    .text               c_w.l(__2printf.o)
    0x080002e0   0x0000002c   Code   RO         7691    .text               c_w.l(__2sprintf.o)
    0x0800030c   0x00000052   Code   RO         7701    .text               c_w.l(_printf_str.o)
    0x0800035e   0x00000002   PAD
    0x08000360   0x00000138   Code   RO         7717    .text               c_w.l(__printf_flags_wp.o)
    0x08000498   0x0000003c   Code   RO         7730    .text               c_w.l(__0sscanf.o)
    0x080004d4   0x0000014c   Code   RO         7732    .text               c_w.l(_scanf_int.o)
    0x08000620   0x00000044   Code   RO         7736    .text               c_w.l(rt_memclr.o)
    0x08000664   0x0000004e   Code   RO         7738    .text               c_w.l(rt_memclr_w.o)
    0x080006b2   0x00000006   Code   RO         7740    .text               c_w.l(heapauxi.o)
    0x080006b8   0x00000002   Code   RO         7844    .text               c_w.l(use_no_semi.o)
    0x080006ba   0x00000016   Code   RO         7874    .text               c_w.l(_rserrno.o)
    0x080006d0   0x00000030   Code   RO         7880    .text               c_w.l(_printf_char_common.o)
    0x08000700   0x0000000a   Code   RO         7882    .text               c_w.l(_sputc.o)
    0x0800070a   0x0000002c   Code   RO         7884    .text               c_w.l(_printf_char.o)
    0x08000736   0x00000002   PAD
    0x08000738   0x00000024   Code   RO         7886    .text               c_w.l(_printf_char_file.o)
    0x0800075c   0x0000001c   Code   RO         7889    .text               c_w.l(_chval.o)
    0x08000778   0x0000002c   Code   RO         7891    .text               c_w.l(scanf_char.o)
    0x080007a4   0x00000040   Code   RO         7893    .text               c_w.l(_sgetc.o)
    0x080007e4   0x00000008   Code   RO         8010    .text               c_w.l(libspace.o)
    0x080007ec   0x00000008   Code   RO         8031    .text               c_w.l(rt_locale_intlibspace.o)
    0x080007f4   0x00000008   Code   RO         8036    .text               c_w.l(rt_errno_addr_intlibspace.o)
    0x080007fc   0x00000012   Code   RO         8048    .text               c_w.l(isspace.o)
    0x0800080e   0x00000002   PAD
    0x08000810   0x00000374   Code   RO         8054    .text               c_w.l(_scanf.o)
    0x08000b84   0x00000008   Code   RO         8081    .text               c_w.l(ferror.o)
    0x08000b8c   0x0000004a   Code   RO         8112    .text               c_w.l(sys_stackheap_outer.o)
    0x08000bd6   0x00000002   PAD
    0x08000bd8   0x00000010   Code   RO         8114    .text               c_w.l(rt_ctype_table.o)
    0x08000be8   0x00000012   Code   RO         8120    .text               c_w.l(exit.o)
    0x08000bfa   0x00000002   PAD
    0x08000bfc   0x00000080   Code   RO         8126    .text               c_w.l(strcmpv7m.o)
    0x08000c7c   0x00000004   Code   RO          243    i.BusFault_Handler  stm32f4xx_it.o
    0x08000c80   0x00000008   Code   RO         5670    i.CMD_ID            uart.o
    0x08000c88   0x00000010   Code   RO         5908    i.ClearBuffer       cmd_process.o
    0x08000c98   0x00000090   Code   RO         5839    i.DAC_Ch1_SineWaveConfig  dac.o
    0x08000d28   0x00000028   Code   RO         1109    i.DAC_Cmd           stm32f4xx_dac.o
    0x08000d50   0x0000002c   Code   RO         1110    i.DAC_DMACmd        stm32f4xx_dac.o
    0x08000d7c   0x00000038   Code   RO         5840    i.DAC_GPIO_Configuration  dac.o
    0x08000db4   0x00000034   Code   RO         1117    i.DAC_Init          stm32f4xx_dac.o
    0x08000de8   0x0000001e   Code   RO         5841    i.DAC_Signal_Init   dac.o
    0x08000e06   0x00000002   PAD
    0x08000e08   0x00000068   Code   RO         6801    i.DMA1_Stream0_IRQHandler  ad7606.o
    0x08000e70   0x00000020   Code   RO         5842    i.DMA1_Stream5_NVIC_Init  dac.o
    0x08000e90   0x00000050   Code   RO         7045    i.DMA2_Stream0_IRQHandler  byyc_dma.o
    0x08000ee0   0x00000020   Code   RO         5843    i.DMA2_Stream1_IRQHandler  dac.o
    0x08000f00   0x00000034   Code   RO         1372    i.DMA_ClearITPendingBit  stm32f4xx_dma.o
    0x08000f34   0x00000016   Code   RO         1373    i.DMA_Cmd           stm32f4xx_dma.o
    0x08000f4a   0x00000002   PAD
    0x08000f4c   0x00000158   Code   RO         1374    i.DMA_DeInit        stm32f4xx_dma.o
    0x080010a4   0x00000044   Code   RO         1382    i.DMA_GetFlagStatus  stm32f4xx_dma.o
    0x080010e8   0x00000064   Code   RO         1383    i.DMA_GetITStatus   stm32f4xx_dma.o
    0x0800114c   0x00000058   Code   RO         1385    i.DMA_Init          stm32f4xx_dma.o
    0x080011a4   0x00000002   Code   RO          244    i.DebugMon_Handler  stm32f4xx_it.o
    0x080011a6   0x00000002   PAD
    0x080011a8   0x00000054   Code   RO         6808    i.EXTI15_10_IRQHandler  ad7606.o
    0x080011fc   0x0000000c   Code   RO         1631    i.EXTI_ClearITPendingBit  stm32f4xx_exti.o
    0x08001208   0x00000018   Code   RO         1635    i.EXTI_GetITStatus  stm32f4xx_exti.o
    0x08001220   0x00000090   Code   RO         2107    i.GPIO_Init         stm32f4xx_gpio.o
    0x080012b0   0x00000046   Code   RO         2108    i.GPIO_PinAFConfig  stm32f4xx_gpio.o
    0x080012f6   0x00000004   Code   RO          245    i.HardFault_Handler  stm32f4xx_it.o
    0x080012fa   0x00000002   PAD
    0x080012fc   0x000000b0   Code   RO         5671    i.Init_Uart1        uart.o
    0x080013ac   0x000003c4   Code   RO         7126    i.LocationStatic_Task  os_task.o
    0x08001770   0x00000004   Code   RO          246    i.MemManage_Handler  stm32f4xx_it.o
    0x08001774   0x00000002   Code   RO          247    i.NMI_Handler       stm32f4xx_it.o
    0x08001776   0x00000002   PAD
    0x08001778   0x00000078   Code   RO          358    i.NVIC_Init         misc.o
    0x080017f0   0x00000002   Code   RO          248    i.PendSV_Handler    stm32f4xx_it.o
    0x080017f2   0x00000002   PAD
    0x080017f4   0x00000204   Code   RO         7098    i.Per_Task          proc.o
    0x080019f8   0x000000e4   Code   RO         6944    i.Pin_PP_Out        byyc_gpio.o
    0x08001adc   0x00000074   Code   RO         5923    i.ProcessMessage    cmd_process.o
    0x08001b50   0x00000020   Code   RO         2971    i.RCC_AHB1PeriphClockCmd  stm32f4xx_rcc.o
    0x08001b70   0x00000020   Code   RO         2980    i.RCC_APB1PeriphClockCmd  stm32f4xx_rcc.o
    0x08001b90   0x00000020   Code   RO         2983    i.RCC_APB2PeriphClockCmd  stm32f4xx_rcc.o
    0x08001bb0   0x000000e8   Code   RO         2992    i.RCC_GetClocksFreq  stm32f4xx_rcc.o
    0x08001c98   0x00000030   Code   RO         5599    i.RTC_Alarm_IRQHandler  rtc.o
    0x08001cc8   0x0000001c   Code   RO         3375    i.RTC_ClearFlag     stm32f4xx_rtc.o
    0x08001ce4   0x00000028   Code   RO         3387    i.RTC_GetFlagStatus  stm32f4xx_rtc.o
    0x08001d0c   0x0000001e   Code   RO         5605    i.RTC_WKUP_IRQHandler  rtc.o
    0x08001d2a   0x00000012   Code   RO         4096    i.SPI_I2S_GetFlagStatus  stm32f4xx_spi.o
    0x08001d3c   0x00000002   Code   RO          249    i.SVC_Handler       stm32f4xx_it.o
    0x08001d3e   0x00000002   PAD
    0x08001d40   0x00000030   Code   RO         5674    i.SendChar          uart.o
    0x08001d70   0x00000016   Code   RO         6159    i.SendStrings       hmi_driver.o
    0x08001d86   0x00000002   PAD
    0x08001d88   0x000000ec   Code   RO          321    i.SetSysClock       system_stm32f4xx.o
    0x08001e74   0x00000052   Code   RO         6185    i.SetTextValue      hmi_driver.o
    0x08001ec6   0x00000028   Code   RO          362    i.SysTick_CLKSourceConfig  misc.o
    0x08001eee   0x00000002   PAD
    0x08001ef0   0x00000014   Code   RO          250    i.SysTick_Handler   stm32f4xx_it.o
    0x08001f04   0x00000068   Code   RO          323    i.SystemInit        system_stm32f4xx.o
    0x08001f6c   0x00000028   Code   RO         7128    i.SystemTask        os_task.o
    0x08001f94   0x0000003a   Code   RO         4302    i.TI1_Config        stm32f4xx_tim.o
    0x08001fce   0x00000050   Code   RO         4303    i.TI2_Config        stm32f4xx_tim.o
    0x0800201e   0x00000048   Code   RO         4304    i.TI3_Config        stm32f4xx_tim.o
    0x08002066   0x00000050   Code   RO         4305    i.TI4_Config        stm32f4xx_tim.o
    0x080020b6   0x00000002   PAD
    0x080020b8   0x00000074   Code   RO         6811    i.TIM2_IRQHandler   ad7606.o
    0x0800212c   0x0000014c   Code   RO         5759    i.TIM5_CH1CH2_Cap_Init  time.o
    0x08002278   0x000000dc   Code   RO         5760    i.TIM5_IRQHandler   time.o
    0x08002354   0x00000094   Code   RO         5844    i.TIM6DAC_Init      dac.o
    0x080023e8   0x00000018   Code   RO         5762    i.TIM7_IRQHandler   time.o
    0x08002400   0x00000006   Code   RO         4313    i.TIM_ClearITPendingBit  stm32f4xx_tim.o
    0x08002406   0x00000018   Code   RO         4318    i.TIM_Cmd           stm32f4xx_tim.o
    0x0800241e   0x00000006   Code   RO         4333    i.TIM_GetCapture1   stm32f4xx_tim.o
    0x08002424   0x00000006   Code   RO         4334    i.TIM_GetCapture2   stm32f4xx_tim.o
    0x0800242a   0x00000006   Code   RO         4335    i.TIM_GetCapture3   stm32f4xx_tim.o
    0x08002430   0x00000006   Code   RO         4336    i.TIM_GetCapture4   stm32f4xx_tim.o
    0x08002436   0x00000022   Code   RO         4339    i.TIM_GetITStatus   stm32f4xx_tim.o
    0x08002458   0x0000006e   Code   RO         4341    i.TIM_ICInit        stm32f4xx_tim.o
    0x080024c6   0x00000012   Code   RO         4343    i.TIM_ITConfig      stm32f4xx_tim.o
    0x080024d8   0x00000012   Code   RO         4376    i.TIM_SelectOutputTrigger  stm32f4xx_tim.o
    0x080024ea   0x00000012   Code   RO         4385    i.TIM_SetIC1Prescaler  stm32f4xx_tim.o
    0x080024fc   0x0000001a   Code   RO         4386    i.TIM_SetIC2Prescaler  stm32f4xx_tim.o
    0x08002516   0x00000012   Code   RO         4387    i.TIM_SetIC3Prescaler  stm32f4xx_tim.o
    0x08002528   0x0000001a   Code   RO         4388    i.TIM_SetIC4Prescaler  stm32f4xx_tim.o
    0x08002542   0x00000002   PAD
    0x08002544   0x00000084   Code   RO         4390    i.TIM_TimeBaseInit  stm32f4xx_tim.o
    0x080025c8   0x00000048   Code   RO         5675    i.USART1_IRQHandler  uart.o
    0x08002610   0x00000028   Code   RO         5676    i.USART2_IRQHandler  uart.o
    0x08002638   0x00000028   Code   RO         5677    i.USART3_IRQHandler  uart.o
    0x08002660   0x00000012   Code   RO         4864    i.USART_ClearFlag   stm32f4xx_usart.o
    0x08002672   0x00000018   Code   RO         4868    i.USART_Cmd         stm32f4xx_usart.o
    0x0800268a   0x0000001a   Code   RO         4871    i.USART_GetFlagStatus  stm32f4xx_usart.o
    0x080026a4   0x0000004a   Code   RO         4874    i.USART_ITConfig    stm32f4xx_usart.o
    0x080026ee   0x00000002   PAD
    0x080026f0   0x000000d4   Code   RO         4875    i.USART_Init        stm32f4xx_usart.o
    0x080027c4   0x0000000a   Code   RO         4882    i.USART_ReceiveData  stm32f4xx_usart.o
    0x080027ce   0x00000008   Code   RO         4885    i.USART_SendData    stm32f4xx_usart.o
    0x080027d6   0x00000004   Code   RO          251    i.UsageFault_Handler  stm32f4xx_it.o
    0x080027da   0x00000030   Code   RO         8109    i.__ARM_fpclassify  m_wm.l(fpclassify.o)
    0x0800280a   0x00000006   PAD
    0x08002810   0x000000e0   Code   RO         7816    i.__hardfp_round    m_wm.l(round.o)
    0x080028f0   0x000000c8   Code   RO         7820    i.__hardfp_sin      m_wm.l(sin.o)
    0x080029b8   0x00000438   Code   RO         7997    i.__ieee754_rem_pio2  m_wm.l(rred.o)
    0x08002df0   0x00000170   Code   RO         7961    i.__kernel_cos      m_wm.l(cos_i.o)
    0x08002f60   0x000000f8   Code   RO         7994    i.__kernel_poly     m_wm.l(poly.o)
    0x08003058   0x00000130   Code   RO         8002    i.__kernel_sin      m_wm.l(sin_i.o)
    0x08003188   0x00000014   Code   RO         7965    i.__mathlib_dbl_infnan  m_wm.l(dunder.o)
    0x0800319c   0x00000004   PAD
    0x080031a0   0x00000020   Code   RO         7967    i.__mathlib_dbl_invalid  m_wm.l(dunder.o)
    0x080031c0   0x00000020   Code   RO         7970    i.__mathlib_dbl_underflow  m_wm.l(dunder.o)
    0x080031e0   0x0000000e   Code   RO         7715    i._is_digit         c_w.l(__printf_wp.o)
    0x080031ee   0x00000004   Code   RO         5678    i._sys_exit         uart.o
    0x080031f2   0x00000002   PAD
    0x080031f4   0x00000028   Code   RO         6815    i.ad7606_StartRecord  ad7606.o
    0x0800321c   0x0000003c   Code   RO         5152    i.delay_init        delay.o
    0x08003258   0x00000060   Code   RO         7129    i.display_Task      os_task.o
    0x080032b8   0x00000018   Code   RO         8105    i.fabs              m_wm.l(fabs.o)
    0x080032d0   0x0000001c   Code   RO         5679    i.fputc             uart.o
    0x080032ec   0x0000007c   Code   RO           12    i.main              main.o
    0x08003368   0x0000009c   Code   RO         7130    i.modeRecTask       os_task.o
    0x08003404   0x00000084   Code   RO         6033    i.queue_find_cmd    cmd_queue.o
    0x08003488   0x00000034   Code   RO         6034    i.queue_pop         cmd_queue.o
    0x080034bc   0x00000030   Code   RO         6035    i.queue_push        cmd_queue.o
    0x080034ec   0x00000024   Code   RO         6037    i.queue_size        cmd_queue.o
    0x08003510   0x000000bc   Code   RO         6819    i.real_adc_value    ad7606.o
    0x080035cc   0x0000009c   Code   RO         5846    i.sin_Generation    dac.o
    0x08003668   0x000000b8   Code   RO         7131    i.soundlocationTask  os_task.o
    0x08003720   0x00000044   Code   RO         7132    i.sweptFreSinsignal_Task  os_task.o
    0x08003764   0x0000002c   Code   RO         8145    locale$$code        c_w.l(lc_ctype_c.o)
    0x08003790   0x00000018   Code   RO         7942    x$fpl$basic         fz_wm.l(basic.o)
    0x080037a8   0x00000062   Code   RO         7744    x$fpl$d2f           fz_wm.l(d2f.o)
    0x0800380a   0x00000002   PAD
    0x0800380c   0x00000150   Code   RO         7746    x$fpl$dadd          fz_wm.l(daddsub_clz.o)
    0x0800395c   0x00000018   Code   RO         8097    x$fpl$dcmpinf       fz_wm.l(dcmpi.o)
    0x08003974   0x000002b0   Code   RO         7753    x$fpl$ddiv          fz_wm.l(ddiv.o)
    0x08003c24   0x0000005e   Code   RO         7756    x$fpl$dfix          fz_wm.l(dfix.o)
    0x08003c82   0x00000002   PAD
    0x08003c84   0x0000005a   Code   RO         7760    x$fpl$dfixu         fz_wm.l(dfixu.o)
    0x08003cde   0x0000002e   Code   RO         7765    x$fpl$dflt          fz_wm.l(dflt_clz.o)
    0x08003d0c   0x00000026   Code   RO         7764    x$fpl$dfltu         fz_wm.l(dflt_clz.o)
    0x08003d32   0x00000002   PAD
    0x08003d34   0x00000078   Code   RO         7946    x$fpl$dleqf         fz_wm.l(dleqf.o)
    0x08003dac   0x00000154   Code   RO         7770    x$fpl$dmul          fz_wm.l(dmul.o)
    0x08003f00   0x0000009c   Code   RO         7948    x$fpl$dnaninf       fz_wm.l(dnaninf.o)
    0x08003f9c   0x0000000c   Code   RO         7950    x$fpl$dretinf       fz_wm.l(dretinf.o)
    0x08003fa8   0x0000006c   Code   RO         7952    x$fpl$drleqf        fz_wm.l(drleqf.o)
    0x08004014   0x000000b4   Code   RO         7954    x$fpl$drnd          fz_wm.l(drnd.o)
    0x080040c8   0x00000016   Code   RO         7747    x$fpl$drsb          fz_wm.l(daddsub_clz.o)
    0x080040de   0x00000002   PAD
    0x080040e0   0x000001d4   Code   RO         7748    x$fpl$dsub          fz_wm.l(daddsub_clz.o)
    0x080042b4   0x00000056   Code   RO         7772    x$fpl$f2d           fz_wm.l(f2d.o)
    0x0800430a   0x00000060   Code   RO         7774    x$fpl$ffltll        fz_wm.l(ffltll_clz.o)
    0x0800436a   0x0000008c   Code   RO         7956    x$fpl$fnaninf       fz_wm.l(fnaninf.o)
    0x080043f6   0x0000000a   Code   RO         8099    x$fpl$fpinit        fz_wm.l(fpinit.o)
    0x08004400   0x0000000a   Code   RO         7958    x$fpl$fretinf       fz_wm.l(fretinf.o)
    0x0800440a   0x00000000   Code   RO         7960    x$fpl$usenofp       fz_wm.l(usenofp.o)
    0x0800440a   0x00000002   PAD
    0x0800440c   0x00000040   Data   RO         7134    .constdata          os_task.o
    0x0800444c   0x00000011   Data   RO         7718    .constdata          c_w.l(__printf_flags_wp.o)
    0x0800445d   0x00000003   PAD
    0x08004460   0x00000030   Data   RO         7962    .constdata          m_wm.l(cos_i.o)
    0x08004490   0x000000c8   Data   RO         7999    .constdata          m_wm.l(rred.o)
    0x08004558   0x00000028   Data   RO         8003    .constdata          m_wm.l(sin_i.o)
    0x08004580   0x00000047   Data   RO         7135    .conststring        os_task.o
    0x080045c7   0x00000001   PAD
    0x080045c8   0x00000020   Data   RO         8197    Region$$Table       anon$$obj.o
    0x080045e8   0x00000110   Data   RO         8144    locale$$data        c_w.l(lc_ctype_c.o)


    Execution Region RW_IRAM1 (Base: 0x20000000, Size: 0x00014938, Max: 0x00020000, ABSOLUTE, COMPRESSED[0x00000480])

    Base Addr    Size         Type   Attr      Idx    E Section Name        Object

    0x20000000   0x00000002   Data   RW          252    .data               stm32f4xx_it.o
    0x20000002   0x00000010   Data   RW         3024    .data               stm32f4xx_rcc.o
    0x20000012   0x00000004   Data   RW         5156    .data               delay.o
    0x20000016   0x00000002   PAD
    0x20000018   0x00000019   Data   RW         5681    .data               uart.o
    0x20000031   0x00000003   PAD
    0x20000034   0x0000005e   Data   RW         5764    .data               time.o
    0x20000092   0x00000002   Data   RW         5848    .data               dac.o
    0x20000094   0x00000006   Data   RW         6039    .data               cmd_queue.o
    0x2000009a   0x00000005   Data   RW         6821    .data               ad7606.o
    0x2000009f   0x00000002   Data   RW         7051    .data               byyc_dma.o
    0x200000a1   0x00000003   PAD
    0x200000a4   0x00000014   Data   RW         7099    .data               proc.o
    0x200000b8   0x00000060   Data   RW         7136    .data               os_task.o
    0x20000118   0x000006c0   Data   RW         7211    .data               excel.o
    0x200007d8   0x000000b8   Zero   RW         5847    .bss                dac.o
    0x20000890   0x00000040   Zero   RW         5925    .bss                cmd_process.o
    0x200008d0   0x00000204   Zero   RW         6038    .bss                cmd_queue.o
    0x20000ad4   0x00008000   Zero   RW         6820    .bss                ad7606.o
    0x20008ad4   0x00000060   Zero   RW         8011    .bss                c_w.l(libspace.o)
    0x20008b34   0x00000004   PAD
    0x20008b38   0x00005f00   Zero   RW            2    HEAP                startup_stm32f40_41xxx.o
    0x2000ea38   0x00005f00   Zero   RW            1    STACK               startup_stm32f40_41xxx.o


==============================================================================

Image component sizes


      Code (inc. data)   RO Data    RW Data    ZI Data      Debug   Object Name

       532         82          0          5      32768       4114   ad7606.o
        80         24          0          2          0        838   byyc_dma.o
       228         56          0          0          0       1189   byyc_gpio.o
       132         16          0          0         64       3897   cmd_process.o
       268         24          0          6        516       3106   cmd_queue.o
       598         70          0          2        184       4897   dac.o
        60          8          0          4          0        801   delay.o
         0          0          0       1728          0        954   excel.o
       104          0          0          0          0       1329   hmi_driver.o
         0          0          0          0          0      12496   kalman.o
       124         10          0          0          0     333082   main.o
       160         14          0          0          0     230814   misc.o
      1508        238        135         96          0       5498   os_task.o
       516         82          0         20          0       1525   proc.o
        78         12          0          0          0       1065   rtc.o
        64         26        392          0      48640        888   startup_stm32f40_41xxx.o
       136         18          0          0          0       2466   stm32f4xx_dac.o
       674         72          0          0          0       5392   stm32f4xx_dma.o
        36         10          0          0          0       1176   stm32f4xx_exti.o
       214          0          0          0          0       1831   stm32f4xx_gpio.o
        44          8          0          2          0       4567   stm32f4xx_it.o
       328         36          0         16          0       4747   stm32f4xx_rcc.o
        68         12          0          0          0       1204   stm32f4xx_rtc.o
        18          0          0          0          0       1256   stm32f4xx_spi.o
       744         28          0          0          0      12833   stm32f4xx_tim.o
       372          8          0          0          0       5427   stm32f4xx_usart.o
       340         32          0          0          0       1545   system_stm32f4xx.o
       576         52          0         94          0       3689   time.o
       416         38          0         25          0       6850   uart.o

    ----------------------------------------------------------------------
      8444        976        560       2008      82172     659476   Object Totals
         0          0         32          0          0          0   (incl. Generated)
        26          0          1          8          0          0   (incl. Padding)

    ----------------------------------------------------------------------

      Code (inc. data)   RO Data    RW Data    ZI Data      Debug   Library Member Name

        60          8          0          0          0         84   __0sscanf.o
        24          4          0          0          0         84   __2printf.o
        44          6          0          0          0         84   __2sprintf.o
        90          0          0          0          0          0   __dczerorl2.o
         8          0          0          0          0         68   __main.o
       312          4         17          0          0         92   __printf_flags_wp.o
        14          0          0          0          0         68   __printf_wp.o
         0          0          0          0          0          0   __rtentry.o
        12          0          0          0          0          0   __rtentry2.o
         6          0          0          0          0          0   __rtentry4.o
        52          8          0          0          0          0   __scatter.o
        28          0          0          0          0          0   __scatter_zi.o
        28          0          0          0          0         68   _chval.o
        44          0          0          0          0        108   _printf_char.o
        48          6          0          0          0         96   _printf_char_common.o
        36          4          0          0          0         80   _printf_char_file.o
         0          0          0          0          0          0   _printf_percent.o
         4          0          0          0          0          0   _printf_percent_end.o
         6          0          0          0          0          0   _printf_s.o
        82          0          0          0          0         80   _printf_str.o
        22          0          0          0          0        100   _rserrno.o
       884          6          0          0          0        100   _scanf.o
       332          0          0          0          0         96   _scanf_int.o
        64          0          0          0          0         84   _sgetc.o
        10          0          0          0          0         68   _sputc.o
        18          0          0          0          0         80   exit.o
         8          0          0          0          0         68   ferror.o
         6          0          0          0          0        152   heapauxi.o
        18          0          0          0          0         76   isspace.o
        44         10        272          0          0         76   lc_ctype_c.o
         2          0          0          0          0          0   libinit.o
        24          0          0          0          0          0   libinit2.o
         2          0          0          0          0          0   libshutdown.o
         2          0          0          0          0          0   libshutdown2.o
         8          4          0          0         96         68   libspace.o
        16          4          0          0          0         76   rt_ctype_table.o
         8          4          0          0          0         68   rt_errno_addr_intlibspace.o
         8          4          0          0          0         68   rt_locale_intlibspace.o
        68          0          0          0          0         68   rt_memclr.o
        78          0          0          0          0         80   rt_memclr_w.o
         2          0          0          0          0          0   rtexit.o
        10          0          0          0          0          0   rtexit2.o
        44          8          0          0          0         84   scanf_char.o
       128          0          0          0          0         68   strcmpv7m.o
        74          0          0          0          0         80   sys_stackheap_outer.o
         2          0          0          0          0         68   use_no_semi.o
         2          0          0          0          0         68   use_no_semi_2.o
        24          0          0          0          0        164   basic.o
        98          4          0          0          0        140   d2f.o
       826         16          0          0          0        492   daddsub_clz.o
        24          0          0          0          0        116   dcmpi.o
       688        140          0          0          0        256   ddiv.o
        94          4          0          0          0        140   dfix.o
        90          4          0          0          0        140   dfixu.o
        84          0          0          0          0        232   dflt_clz.o
       120          4          0          0          0        140   dleqf.o
       340         12          0          0          0        152   dmul.o
       156          4          0          0          0        140   dnaninf.o
        12          0          0          0          0        116   dretinf.o
       108          0          0          0          0        128   drleqf.o
       180          4          0          0          0        128   drnd.o
        86          4          0          0          0        132   f2d.o
        96          0          0          0          0        132   ffltll_clz.o
       140          4          0          0          0        132   fnaninf.o
        10          0          0          0          0        116   fpinit.o
        10          0          0          0          0        116   fretinf.o
         0          0          0          0          0          0   usenofp.o
       368         46         48          0          0        200   cos_i.o
        84         16          0          0          0        372   dunder.o
        24          0          0          0          0        124   fabs.o
        48          0          0          0          0        124   fpclassify.o
       248          0          0          0          0        152   poly.o
       224         30          0          0          0        172   round.o
      1080        142        200          0          0        188   rred.o
       200         20          0          0          0        164   sin.o
       304         24         40          0          0        208   sin_i.o

    ----------------------------------------------------------------------
      8584        558        580          0        100       7424   Library Totals
        36          0          3          0          4          0   (incl. Padding)

    ----------------------------------------------------------------------

      Code (inc. data)   RO Data    RW Data    ZI Data      Debug   Library Name

      2782         80        289          0         96       2608   c_w.l
      3186        200          0          0          0       3112   fz_wm.l
      2580        278        288          0          0       1704   m_wm.l

    ----------------------------------------------------------------------
      8584        558        580          0        100       7424   Library Totals

    ----------------------------------------------------------------------

==============================================================================


      Code (inc. data)   RO Data    RW Data    ZI Data      Debug   

     17028       1534       1140       2008      82272     652544   Grand Totals
     17028       1534       1140       1152      82272     652544   ELF Image Totals (compressed)
     17028       1534       1140       1152          0          0   ROM Totals

==============================================================================

    Total RO  Size (Code + RO Data)                18168 (  17.74kB)
    Total RW  Size (RW Data + ZI Data)             84280 (  82.30kB)
    Total ROM Size (Code + RO Data + RW Data)      19320 (  18.87kB)

==============================================================================

