Component: ARM Compiler 5.06 update 1 (build 61) Tool: armlink [4d35a8]

==============================================================================

Section Cross References

    AD7606.o(i.AD7606_Init_Synthesis) refers to stm32f4xx_rcc.o(i.RCC_AHB1PeriphClockCmd) for RCC_AHB1PeriphClockCmd
    AD7606.o(i.AD7606_Init_Synthesis) refers to byyc_dma.o(i.spi3_rx_dma) for spi3_rx_dma
    AD7606.o(i.AD7606_Init_Synthesis) refers to byyc_dma.o(i.dma_enable) for dma_enable
    AD7606.o(i.AD7606_Init_Synthesis) refers to AD7606.o(i.ad7606_init) for ad7606_init
    AD7606.o(i.AD7606_Init_Synthesis) refers to AD7606.o(i.TIM2_AD7606_Init) for TIM2_AD7606_Init
    AD7606.o(i.AD7606_Init_Synthesis) refers to stm32f4xx_tim.o(i.TIM_Cmd) for TIM_Cmd
    AD7606.o(i.AD7606_Init_Synthesis) refers to AD7606.o(.data) for ad7606_continue_flag
    AD7606.o(i.AD7606_Init_Synthesis) refers to AD7606.o(.bss) for ad7606_value_original
    AD7606.o(i.DMA1_Stream0_IRQHandler) refers to stm32f4xx_dma.o(i.DMA_GetFlagStatus) for DMA_GetFlagStatus
    AD7606.o(i.DMA1_Stream0_IRQHandler) refers to stm32f4xx_tim.o(i.TIM_Cmd) for TIM_Cmd
    AD7606.o(i.DMA1_Stream0_IRQHandler) refers to AD7606.o(i.real_adc_value) for real_adc_value
    AD7606.o(i.DMA1_Stream0_IRQHandler) refers to stm32f4xx_dma.o(i.DMA_ClearITPendingBit) for DMA_ClearITPendingBit
    AD7606.o(i.DMA1_Stream0_IRQHandler) refers to AD7606.o(.data) for data_conver_ok_flag
    AD7606.o(i.Debug_AD7606_Float32_Value) refers to printfa.o(i.__0printf) for __2printf
    AD7606.o(i.Debug_AD7606_Float32_Value) refers to f2d.o(.text) for __aeabi_f2d
    AD7606.o(i.Debug_AD7606_Float32_Value) refers to AD7606.o(.data) for data_conver_ok_flag
    AD7606.o(i.Debug_AD7606_Float32_Value) refers to AD7606.o(.bss) for ad7606_value_float32
    AD7606.o(i.Debug_AD7606_Float32_Value_Chanel) refers to printfa.o(i.__0printf) for __2printf
    AD7606.o(i.Debug_AD7606_Float32_Value_Chanel) refers to f2d.o(.text) for __aeabi_f2d
    AD7606.o(i.Debug_AD7606_Float32_Value_Chanel) refers to AD7606.o(.data) for data_conver_ok_flag
    AD7606.o(i.Debug_AD7606_Float32_Value_Chanel) refers to AD7606.o(.bss) for ad7606_value_float32
    AD7606.o(i.Debug_AD7606_Value) refers to printfa.o(i.__0printf) for __2printf
    AD7606.o(i.Debug_AD7606_Value) refers to AD7606.o(.data) for data_conver_ok_flag
    AD7606.o(i.Debug_AD7606_Value) refers to AD7606.o(.bss) for ad7606_value
    AD7606.o(i.Debug_AD7606_Value_Chanel) refers to printfa.o(i.__0printf) for __2printf
    AD7606.o(i.Debug_AD7606_Value_Chanel) refers to AD7606.o(.data) for data_conver_ok_flag
    AD7606.o(i.Debug_AD7606_Value_Chanel) refers to AD7606.o(.bss) for ad7606_value
    AD7606.o(i.Debug_AD7606_value_original) refers to printfa.o(i.__0printf) for __2printf
    AD7606.o(i.Debug_AD7606_value_original) refers to AD7606.o(.data) for data_conver_ok_flag
    AD7606.o(i.Debug_AD7606_value_original) refers to AD7606.o(.bss) for ad7606_value_original
    AD7606.o(i.Debug_AD7606_value_original_Chanel) refers to printfa.o(i.__0printf) for __2printf
    AD7606.o(i.Debug_AD7606_value_original_Chanel) refers to AD7606.o(.data) for data_conver_ok_flag
    AD7606.o(i.Debug_AD7606_value_original_Chanel) refers to AD7606.o(.bss) for ad7606_value_original
    AD7606.o(i.EXTI15_10_IRQHandler) refers to stm32f4xx_exti.o(i.EXTI_GetITStatus) for EXTI_GetITStatus
    AD7606.o(i.EXTI15_10_IRQHandler) refers to stm32f4xx_spi.o(i.SPI_I2S_GetFlagStatus) for SPI_I2S_GetFlagStatus
    AD7606.o(i.EXTI15_10_IRQHandler) refers to AD7606.o(i.ad7606_StartRecord) for ad7606_StartRecord
    AD7606.o(i.EXTI15_10_IRQHandler) refers to stm32f4xx_exti.o(i.EXTI_ClearITPendingBit) for EXTI_ClearITPendingBit
    AD7606.o(i.Init_EXTI_for_AD7606) refers to stm32f4xx_rcc.o(i.RCC_AHB1PeriphClockCmd) for RCC_AHB1PeriphClockCmd
    AD7606.o(i.Init_EXTI_for_AD7606) refers to stm32f4xx_gpio.o(i.GPIO_Init) for GPIO_Init
    AD7606.o(i.Init_EXTI_for_AD7606) refers to stm32f4xx_syscfg.o(i.SYSCFG_EXTILineConfig) for SYSCFG_EXTILineConfig
    AD7606.o(i.Init_EXTI_for_AD7606) refers to stm32f4xx_exti.o(i.EXTI_Init) for EXTI_Init
    AD7606.o(i.Init_EXTI_for_AD7606) refers to misc.o(i.NVIC_Init) for NVIC_Init
    AD7606.o(i.TIM2_AD7606_Init) refers to misc.o(i.NVIC_Init) for NVIC_Init
    AD7606.o(i.TIM2_AD7606_Init) refers to stm32f4xx_rcc.o(i.RCC_APB1PeriphClockCmd) for RCC_APB1PeriphClockCmd
    AD7606.o(i.TIM2_AD7606_Init) refers to stm32f4xx_tim.o(i.TIM_TimeBaseInit) for TIM_TimeBaseInit
    AD7606.o(i.TIM2_AD7606_Init) refers to stm32f4xx_tim.o(i.TIM_ClearFlag) for TIM_ClearFlag
    AD7606.o(i.TIM2_AD7606_Init) refers to stm32f4xx_tim.o(i.TIM_ITConfig) for TIM_ITConfig
    AD7606.o(i.TIM2_AD7606_Init) refers to stm32f4xx_tim.o(i.TIM_SetCounter) for TIM_SetCounter
    AD7606.o(i.TIM2_AD7606_Init) refers to stm32f4xx_tim.o(i.TIM_Cmd) for TIM_Cmd
    AD7606.o(i.TIM2_IRQHandler) refers to stm32f4xx_tim.o(i.TIM_GetITStatus) for TIM_GetITStatus
[...]
    ../mathlib/atan2f.c                      0x00000000   Number         0  atan2f_x.o ABSOLUTE
    ../mathlib/atan2f.c                      0x00000000   Number         0  atan2f.o ABSOLUTE
    ../mathlib/cos.c                         0x00000000   Number         0  cos.o ABSOLUTE
    ../mathlib/cos.c                         0x00000000   Number         0  cos_x.o ABSOLUTE
    ../mathlib/cos_i.c                       0x00000000   Number         0  cos_i.o ABSOLUTE
    ../mathlib/dunder.c                      0x00000000   Number         0  dunder.o ABSOLUTE
    ../mathlib/fabs.c                        0x00000000   Number         0  fabs.o ABSOLUTE
    ../mathlib/fpclassify.c                  0x00000000   Number         0  fpclassify.o ABSOLUTE
    ../mathlib/fpclassifyf.c                 0x00000000   Number         0  fpclassifyf.o ABSOLUTE
    ../mathlib/funder.c                      0x00000000   Number         0  funder.o ABSOLUTE
    ../mathlib/log.c                         0x00000000   Number         0  log.o ABSOLUTE
    ../mathlib/log.c                         0x00000000   Number         0  log_x.o ABSOLUTE
    ../mathlib/poly.c                        0x00000000   Number         0  poly.o ABSOLUTE
    ../mathlib/qnan.c                        0x00000000   Number         0  qnan.o ABSOLUTE
    ../mathlib/round.c                       0x00000000   Number         0  round.o ABSOLUTE
    ../mathlib/rred.c                        0x00000000   Number         0  rred.o ABSOLUTE
    ../mathlib/sin.c                         0x00000000   Number         0  sin.o ABSOLUTE
    ../mathlib/sin.c                         0x00000000   Number         0  sin_x.o ABSOLUTE
    ../mathlib/sin_i.c                       0x00000000   Number         0  sin_i.o ABSOLUTE
    ../mathlib/sin_i.c                       0x00000000   Number         0  sin_i_x.o ABSOLUTE
    ../mathlib/sqrtf.c                       0x00000000   Number         0  sqrtf_x.o ABSOLUTE
    ../mathlib/sqrtf.c                       0x00000000   Number         0  sqrtf.o ABSOLUTE
    ..\CommonTables\arm_common_tables.c      0x00000000   Number         0  arm_common_tables.o ABSOLUTE
    ..\ComplexMathFunctions\arm_cmplx_mag_f32.c 0x00000000   Number         0  arm_cmplx_mag_f32.o ABSOLUTE
    ..\FastMathFunctions\arm_cos_f32.c       0x00000000   Number         0  arm_cos_f32.o ABSOLUTE
    ..\FastMathFunctions\arm_sin_f32.c       0x00000000   Number         0  arm_sin_f32.o ABSOLUTE
    ..\FilteringFunctions\arm_fir_f32.c      0x00000000   Number         0  arm_fir_f32.o ABSOLUTE
    ..\FilteringFunctions\arm_fir_init_f32.c 0x00000000   Number         0  arm_fir_init_f32.o ABSOLUTE
    ..\TransformFunctions\arm_bitreversal.c  0x00000000   Number         0  arm_bitreversal.o ABSOLUTE
    ..\TransformFunctions\arm_cfft_f32.c     0x00000000   Number         0  arm_cfft_f32.o ABSOLUTE
    ..\TransformFunctions\arm_cfft_radix2_f32.c 0x00000000   Number         0  arm_cfft_radix2_f32.o ABSOLUTE
    ..\TransformFunctions\arm_cfft_radix2_init_f32.c 0x00000000   Number         0  arm_cfft_radix2_init_f32.o ABSOLUTE
    ..\TransformFunctions\arm_cfft_radix8_f32.c 0x00000000   Number         0  arm_cfft_radix8_f32.o ABSOLUTE
    ..\TransformFunctions\arm_rfft_fast_f32.c 0x00000000   Number         0  arm_rfft_fast_f32.o ABSOLUTE
    ..\TransformFunctions\arm_rfft_fast_init_f32.c 0x00000000   Number         0  arm_rfft_fast_init_f32.o ABSOLUTE
    ..\\CommonTables\\arm_common_tables.c    0x00000000   Number         0  arm_common_tables.o ABSOLUTE
    ..\\ComplexMathFunctions\\arm_cmplx_mag_f32.c 0x00000000   Number         0  arm_cmplx_mag_f32.o ABSOLUTE
    ..\\FastMathFunctions\\arm_cos_f32.c     0x00000000   Number         0  arm_cos_f32.o ABSOLUTE
    ..\\FastMathFunctions\\arm_sin_f32.c     0x00000000   Number         0  arm_sin_f32.o ABSOLUTE
    ..\\FilteringFunctions\\arm_fir_f32.c    0x00000000   Number         0  arm_fir_f32.o ABSOLUTE
    ..\\FilteringFunctions\\arm_fir_init_f32.c 0x00000000   Number         0  arm_fir_init_f32.o ABSOLUTE
    ..\\TransformFunctions\\arm_bitreversal.c 0x00000000   Number         0  arm_bitreversal.o ABSOLUTE
    ..\\TransformFunctions\\arm_bitreversal2.S 0x00000000   Number         0  arm_bitreversal2.o ABSOLUTE
    ..\\TransformFunctions\\arm_cfft_f32.c   0x00000000   Number         0  arm_cfft_f32.o ABSOLUTE
    ..\\TransformFunctions\\arm_cfft_radix2_f32.c 0x00000000   Number         0  arm_cfft_radix2_f32.o ABSOLUTE
    ..\\TransformFunctions\\arm_cfft_radix2_init_f32.c 0x00000000   Number         0  arm_cfft_radix2_init_f32.o ABSOLUTE
    ..\\TransformFunctions\\arm_cfft_radix8_f32.c 0x00000000   Number         0  arm_cfft_radix8_f32.o ABSOLUTE
    ..\\TransformFunctions\\arm_rfft_fast_f32.c 0x00000000   Number         0  arm_rfft_fast_f32.o ABSOLUTE
    ..\\TransformFunctions\\arm_rfft_fast_init_f32.c 0x00000000   Number         0  arm_rfft_fast_init_f32.o ABSOLUTE
    .\..\AD7606\AD7606.c                     0x00000000   Number         0  AD7606.o ABSOLUTE
    .\..\AD7606\byyc_dma.c                   0x00000000   Number         0  byyc_dma.o ABSOLUTE
    .\..\AD7606\byyc_gpio.c                  0x00000000   Number         0  byyc_gpio.o ABSOLUTE
    .\..\AD7606\byyc_spi.c                   0x00000000   Number         0  byyc_spi.o ABSOLUTE
    .\..\Hardware\ADC.c                      0x00000000   Number         0  ADC.o ABSOLUTE
    .\..\Hardware\Cmd.c                      0x00000000   Number         0  Cmd.o ABSOLUTE
    .\..\Hardware\DAC.c                      0x00000000   Number         0  DAC.o ABSOLUTE
    .\..\Hardware\NTC.c                      0x00000000   Number         0  NTC.o ABSOLUTE
    .\..\Hardware\Rtc.c                      0x00000000   Number         0  Rtc.o ABSOLUTE
    .\..\Hardware\Task.c                     0x00000000   Number         0  Task.o ABSOLUTE
    .\..\Hardware\Time.c                     0x00000000   Number         0  Time.o ABSOLUTE
    .\..\Hardware\hcsr04.c                   0x00000000   Number         0  hcsr04.o ABSOLUTE
    .\..\Hardware\pwm.c                      0x00000000   Number         0  pwm.o ABSOLUTE
    .\..\Hardware\uart.c                     0x00000000   Number         0  uart.o ABSOLUTE
    .\..\Libarary\misc.c                     0x00000000   Number         0  misc.o ABSOLUTE
    .\..\Libarary\stm32f4xx_adc.c            0x00000000   Number         0  stm32f4xx_adc.o ABSOLUTE
    .\..\Libarary\stm32f4xx_can.c            0x00000000   Number         0  stm32f4xx_can.o ABSOLUTE
    .\..\Libarary\stm32f4xx_crc.c            0x00000000   Number         0  stm32f4xx_crc.o ABSOLUTE
    .\..\Libarary\stm32f4xx_cryp.c           0x00000000   Number         0  stm32f4xx_cryp.o ABSOLUTE
    .\..\Libarary\stm32f4xx_cryp_aes.c       0x00000000   Number         0  stm32f4xx_cryp_aes.o ABSOLUTE
    .\..\Libarary\stm32f4xx_cryp_des.c       0x00000000   Number         0  stm32f4xx_cryp_des.o ABSOLUTE
    .\..\Libarary\stm32f4xx_cryp_tdes.c      0x00000000   Number         0  stm32f4xx_cryp_tdes.o ABSOLUTE
    .\..\Libarary\stm32f4xx_dac.c            0x00000000   Number         0  stm32f4xx_dac.o ABSOLUTE
    .\..\Libarary\stm32f4xx_dbgmcu.c         0x00000000   Number         0  stm32f4xx_dbgmcu.o ABSOLUTE
    .\..\Libarary\stm32f4xx_dcmi.c           0x00000000   Number         0  stm32f4xx_dcmi.o ABSOLUTE
    .\..\Libarary\stm32f4xx_dma.c            0x00000000   Number         0  stm32f4xx_dma.o ABSOLUTE
    .\..\Libarary\stm32f4xx_dma2d.c          0x00000000   Number         0  stm32f4xx_dma2d.o ABSOLUTE
    .\..\Libarary\stm32f4xx_exti.c           0x00000000   Number         0  stm32f4xx_exti.o ABSOLUTE
    .\..\Libarary\stm32f4xx_flash.c          0x00000000   Number         0  stm32f4xx_flash.o ABSOLUTE
    .\..\Libarary\stm32f4xx_flash_ramfunc.c  0x00000000   Number         0  stm32f4xx_flash_ramfunc.o ABSOLUTE
    .\..\Libarary\stm32f4xx_fsmc.c           0x00000000   Number         0  stm32f4xx_fsmc.o ABSOLUTE
    .\..\Libarary\stm32f4xx_gpio.c           0x00000000   Number         0  stm32f4xx_gpio.o ABSOLUTE
    .\..\Libarary\stm32f4xx_hash.c           0x00000000   Number         0  stm32f4xx_hash.o ABSOLUTE
    .\..\Libarary\stm32f4xx_hash_md5.c       0x00000000   Number         0  stm32f4xx_hash_md5.o ABSOLUTE
    .\..\Libarary\stm32f4xx_hash_sha1.c      0x00000000   Number         0  stm32f4xx_hash_sha1.o ABSOLUTE
    .\..\Libarary\stm32f4xx_i2c.c            0x00000000   Number         0  stm32f4xx_i2c.o ABSOLUTE
    .\..\Libarary\stm32f4xx_iwdg.c           0x00000000   Number         0  stm32f4xx_iwdg.o ABSOLUTE
    .\..\Libarary\stm32f4xx_ltdc.c           0x00000000   Number         0  stm32f4xx_ltdc.o ABSOLUTE
    .\..\Libarary\stm32f4xx_pwr.c            0x00000000   Number         0  stm32f4xx_pwr.o ABSOLUTE
    .\..\Libarary\stm32f4xx_rcc.c            0x00000000   Number         0  stm32f4xx_rcc.o ABSOLUTE
    .\..\Libarary\stm32f4xx_rng.c            0x00000000   Number         0  stm32f4xx_rng.o ABSOLUTE
    .\..\Libarary\stm32f4xx_rtc.c            0x00000000   Number         0  stm32f4xx_rtc.o ABSOLUTE
    .\..\Libarary\stm32f4xx_sai.c            0x00000000   Number         0  stm32f4xx_sai.o ABSOLUTE
    .\..\Libarary\stm32f4xx_sdio.c           0x00000000   Number         0  stm32f4xx_sdio.o ABSOLUTE
    .\..\Libarary\stm32f4xx_spi.c            0x00000000   Number         0  stm32f4xx_spi.o ABSOLUTE
    .\..\Libarary\stm32f4xx_syscfg.c         0x00000000   Number         0  stm32f4xx_syscfg.o ABSOLUTE
    .\..\Libarary\stm32f4xx_tim.c            0x00000000   Number         0  stm32f4xx_tim.o ABSOLUTE
    .\..\Libarary\stm32f4xx_usart.c          0x00000000   Number         0  stm32f4xx_usart.o ABSOLUTE
    .\..\Libarary\stm32f4xx_wwdg.c           0x00000000   Number         0  stm32f4xx_wwdg.o ABSOLUTE
    .\..\OS\Excel.c                          0x00000000   Number         0  Excel.o ABSOLUTE
    .\..\OS\OS_Task.c                        0x00000000   Number         0  OS_Task.o ABSOLUTE
    .\..\OS\Proc.c                           0x00000000   Number         0  Proc.o ABSOLUTE
    .\..\Peripheral\Steering.c               0x00000000   Number         0  Steering.o ABSOLUTE
    .\..\Satrt\startup_stm32f40_41xxx.s      0x00000000   Number         0  startup_stm32f40_41xxx.o ABSOLUTE
    .\..\System\FFT.c                        0x00000000   Number         0  FFT.o ABSOLUTE
    .\..\System\Kalman.c                     0x00000000   Number         0  Kalman.o ABSOLUTE
    .\..\System\NVIC.c                       0x00000000   Number         0  NVIC.o ABSOLUTE
    .\..\System\delay\delay.c                0x00000000   Number         0  delay.o ABSOLUTE
    .\..\System\sys\sys.c                    0x00000000   Number         0  sys.o ABSOLUTE
    .\..\TouchScreen\cmd_process.c           0x00000000   Number         0  cmd_process.o ABSOLUTE
    .\..\TouchScreen\cmd_queue.c             0x00000000   Number         0  cmd_queue.o ABSOLUTE
    .\..\TouchScreen\hmi_driver.c            0x00000000   Number         0  hmi_driver.o ABSOLUTE
    .\\..\\AD7606\\AD7606.c                  0x00000000   Number         0  AD7606.o ABSOLUTE
    .\\..\\AD7606\\byyc_dma.c                0x00000000   Number         0  byyc_dma.o ABSOLUTE
    .\\..\\AD7606\\byyc_gpio.c               0x00000000   Number         0  byyc_gpio.o ABSOLUTE
    .\\..\\AD7606\\byyc_spi.c                0x00000000   Number         0  byyc_spi.o ABSOLUTE
    .\\..\\Hardware\\ADC.c                   0x00000000   Number         0  ADC.o ABSOLUTE
    .\\..\\Hardware\\Cmd.c                   0x00000000   Number         0  Cmd.o ABSOLUTE
    .\\..\\Hardware\\DAC.c                   0x00000000   Number         0  DAC.o ABSOLUTE
    .\\..\\Hardware\\NTC.c                   0x00000000   Number         0  NTC.o ABSOLUTE
    .\\..\\Hardware\\Rtc.c                   0x00000000   Number         0  Rtc.o ABSOLUTE
    .\\..\\Hardware\\Task.c                  0x00000000   Number         0  Task.o ABSOLUTE
    .\\..\\Hardware\\Time.c                  0x00000000   Number         0  Time.o ABSOLUTE
    .\\..\\Hardware\\hcsr04.c                0x00000000   Number         0  hcsr04.o ABSOLUTE
    .\\..\\Hardware\\pwm.c                   0x00000000   Number         0  pwm.o ABSOLUTE
    .\\..\\Hardware\\uart.c                  0x00000000   Number         0  uart.o ABSOLUTE
    .\\..\\Libarary\\misc.c                  0x00000000   Number         0  misc.o ABSOLUTE
    .\\..\\Libarary\\stm32f4xx_adc.c         0x00000000   Number         0  stm32f4xx_adc.o ABSOLUTE
    .\\..\\Libarary\\stm32f4xx_can.c         0x00000000   Number         0  stm32f4xx_can.o ABSOLUTE
    .\\..\\Libarary\\stm32f4xx_crc.c         0x00000000   Number         0  stm32f4xx_crc.o ABSOLUTE
    .\\..\\Libarary\\stm32f4xx_cryp.c        0x00000000   Number         0  stm32f4xx_cryp.o ABSOLUTE
    .\\..\\Libarary\\stm32f4xx_cryp_aes.c    0x00000000   Number         0  stm32f4xx_cryp_aes.o ABSOLUTE
    .\\..\\Libarary\\stm32f4xx_cryp_des.c    0x00000000   Number         0  stm32f4xx_cryp_des.o ABSOLUTE
    .\\..\\Libarary\\stm32f4xx_cryp_tdes.c   0x00000000   Number         0  stm32f4xx_cryp_tdes.o ABSOLUTE
    .\\..\\Libarary\\stm32f4xx_dac.c         0x00000000   Number         0  stm32f4xx_dac.o ABSOLUTE
    .\\..\\Libarary\\stm32f4xx_dbgmcu.c      0x00000000   Number         0  stm32f4xx_dbgmcu.o ABSOLUTE
    .\\..\\Libarary\\stm32f4xx_dcmi.c        0x00000000   Number         0  stm32f4xx_dcmi.o ABSOLUTE
    .\\..\\Libarary\\stm32f4xx_dma.c         0x00000000   Number         0  stm32f4xx_dma.o ABSOLUTE
    .\\..\\Libarary\\stm32f4xx_dma2d.c       0x00000000   Number         0  stm32f4xx_dma2d.o ABSOLUTE
    .\\..\\Libarary\\stm32f4xx_exti.c        0x00000000   Number         0  stm32f4xx_exti.o ABSOLUTE
    .\\..\\Libarary\\stm32f4xx_flash.c       0x00000000   Number         0  stm32f4xx_flash.o ABSOLUTE
    .\\..\\Libarary\\stm32f4xx_flash_ramfunc.c 0x00000000   Number         0  stm32f4xx_flash_ramfunc.o ABSOLUTE
    .\\..\\Libarary\\stm32f4xx_fsmc.c        0x00000000   Number         0  stm32f4xx_fsmc.o ABSOLUTE
    .\\..\\Libarary\\stm32f4xx_gpio.c        0x00000000   Number         0  stm32f4xx_gpio.o ABSOLUTE
    .\\..\\Libarary\\stm32f4xx_hash.c        0x00000000   Number         0  stm32f4xx_hash.o ABSOLUTE
    .\\..\\Libarary\\stm32f4xx_hash_md5.c    0x00000000   Number         0  stm32f4xx_hash_md5.o ABSOLUTE
    .\\..\\Libarary\\stm32f4xx_hash_sha1.c   0x00000000   Number         0  stm32f4xx_hash_sha1.o ABSOLUTE
    .\\..\\Libarary\\stm32f4xx_i2c.c         0x00000000   Number         0  stm32f4xx_i2c.o ABSOLUTE
    .\\..\\Libarary\\stm32f4xx_iwdg.c        0x00000000   Number         0  stm32f4xx_iwdg.o ABSOLUTE
    .\\..\\Libarary\\stm32f4xx_ltdc.c        0x00000000   Number         0  stm32f4xx_ltdc.o ABSOLUTE
    .\\..\\Libarary\\stm32f4xx_pwr.c         0x00000000   Number         0  stm32f4xx_pwr.o ABSOLUTE
    .\\..\\Libarary\\stm32f4xx_rcc.c         0x00000000   Number         0  stm32f4xx_rcc.o ABSOLUTE
    .\\..\\Libarary\\stm32f4xx_rng.c         0x00000000   Number         0  stm32f4xx_rng.o ABSOLUTE
    .\\..\\Libarary\\stm32f4xx_rtc.c         0x00000000   Number         0  stm32f4xx_rtc.o ABSOLUTE
    .\\..\\Libarary\\stm32f4xx_sai.c         0x00000000   Number         0  stm32f4xx_sai.o ABSOLUTE
    .\\..\\Libarary\\stm32f4xx_sdio.c        0x00000000   Number         0  stm32f4xx_sdio.o ABSOLUTE
    .\\..\\Libarary\\stm32f4xx_spi.c         0x00000000   Number         0  stm32f4xx_spi.o ABSOLUTE
    .\\..\\Libarary\\stm32f4xx_syscfg.c      0x00000000   Number         0  stm32f4xx_syscfg.o ABSOLUTE
    .\\..\\Libarary\\stm32f4xx_tim.c         0x00000000   Number         0  stm32f4xx_tim.o ABSOLUTE
    .\\..\\Libarary\\stm32f4xx_usart.c       0x00000000   Number         0  stm32f4xx_usart.o ABSOLUTE
    .\\..\\Libarary\\stm32f4xx_wwdg.c        0x00000000   Number         0  stm32f4xx_wwdg.o ABSOLUTE
    .\\..\\OS\\Excel.c                       0x00000000   Number         0  Excel.o ABSOLUTE
    .\\..\\OS\\OS_Task.c                     0x00000000   Number         0  OS_Task.o ABSOLUTE
    .\\..\\OS\\Proc.c                        0x00000000   Number         0  Proc.o ABSOLUTE
    .\\..\\Peripheral\\Steering.c            0x00000000   Number         0  Steering.o ABSOLUTE
    .\\..\\System\\FFT.c                     0x00000000   Number         0  FFT.o ABSOLUTE
    .\\..\\System\\Kalman.c                  0x00000000   Number         0  Kalman.o ABSOLUTE
    .\\..\\System\\NVIC.c                    0x00000000   Number         0  NVIC.o ABSOLUTE
    .\\..\\System\\delay\\delay.c            0x00000000   Number         0  delay.o ABSOLUTE
    .\\..\\System\\sys\\sys.c                0x00000000   Number         0  sys.o ABSOLUTE
    .\\..\\TouchScreen\\cmd_process.c        0x00000000   Number         0  cmd_process.o ABSOLUTE
    .\\..\\TouchScreen\\cmd_queue.c          0x00000000   Number         0  cmd_queue.o ABSOLUTE
    .\\..\\TouchScreen\\hmi_driver.c         0x00000000   Number         0  hmi_driver.o ABSOLUTE
    .\\main.c                                0x00000000   Number         0  main.o ABSOLUTE
    .\\stm32f4xx_it.c                        0x00000000   Number         0  stm32f4xx_it.o ABSOLUTE
    .\\system_stm32f4xx.c                    0x00000000   Number         0  system_stm32f4xx.o ABSOLUTE
    .\main.c                                 0x00000000   Number         0  main.o ABSOLUTE
    .\stm32f4xx_it.c                         0x00000000   Number         0  stm32f4xx_it.o ABSOLUTE
    .\system_stm32f4xx.c                     0x00000000   Number         0  system_stm32f4xx.o ABSOLUTE
    cdcmple.s                                0x00000000   Number         0  cdcmple.o ABSOLUTE
    cdrcmple.s                               0x00000000   Number         0  cdrcmple.o ABSOLUTE
    dc.s                                     0x00000000   Number         0  dc.o ABSOLUTE
    handlers.s                               0x00000000   Number         0  handlers.o ABSOLUTE
    init.s                                   0x00000000   Number         0  init.o ABSOLUTE
    RESET                                    0x08000000   Section      392  startup_stm32f40_41xxx.o(RESET)
    .ARM.Collect$$$$00000000                 0x08000188   Section        0  entry.o(.ARM.Collect$$$$00000000)
    .ARM.Collect$$$$00000001                 0x08000188   Section        4  entry2.o(.ARM.Collect$$$$00000001)
    .ARM.Collect$$$$00000004                 0x0800018c   Section        4  entry5.o(.ARM.Collect$$$$00000004)
    .ARM.Collect$$$$00000008                 0x08000190   Section        0  entry7b.o(.ARM.Collect$$$$00000008)
    .ARM.Collect$$$$0000000A                 0x08000190   Section        0  entry8b.o(.ARM.Collect$$$$0000000A)
    .ARM.Collect$$$$0000000B                 0x08000190   Section        8  entry9a.o(.ARM.Collect$$$$0000000B)
    .ARM.Collect$$$$0000000D                 0x08000198   Section        0  entry10a.o(.ARM.Collect$$$$0000000D)
    .ARM.Collect$$$$0000000F                 0x08000198   Section        0  entry11a.o(.ARM.Collect$$$$0000000F)
    .ARM.Collect$$$$00002712                 0x08000198   Section        4  entry2.o(.ARM.Collect$$$$00002712)
    __lit__00000000                          0x08000198   Data           4  entry2.o(.ARM.Collect$$$$00002712)
    .text                                    0x0800019c   Section       36  startup_stm32f40_41xxx.o(.text)
    $v0                                      0x0800019c   Number         0  startup_stm32f40_41xxx.o(.text)
    .text                                    0x080001c0   Section        0  memseta.o(.text)
    .text                                    0x080001e4   Section        0  __0sscanf.o(.text)
    .text                                    0x0800021c   Section        0  _scanf_int.o(.text)
    .text                                    0x08000368   Section        0  dadd.o(.text)
    .text                                    0x080004b6   Section        0  dmul.o(.text)
    .text                                    0x0800059a   Section        0  ddiv.o(.text)
    .text                                    0x08000678   Section        0  ffltl.o(.text)
    .text                                    0x080006a4   Section        0  f2d.o(.text)
    .text                                    0x080006ca   Section        0  d2f.o(.text)
    .text                                    0x08000702   Section        0  uidiv.o(.text)
    .text                                    0x0800072e   Section        0  uldiv.o(.text)
    .text                                    0x08000790   Section        0  llshl.o(.text)
    .text                                    0x080007ae   Section        0  llushr.o(.text)
    .text                                    0x080007ce   Section        0  llsshr.o(.text)
    .text                                    0x080007f2   Section        0  _chval.o(.text)
    .text                                    0x08000810   Section        0  scanf_char.o(.text)
    _scanf_char_input                        0x08000811   Thumb Code    12  scanf_char.o(.text)
    .text                                    0x08000838   Section        0  _sgetc.o(.text)
    .text                                    0x08000878   Section        0  iusefp.o(.text)
    .text                                    0x08000878   Section        0  fepilogue.o(.text)
    .text                                    0x080008e6   Section        0  depilogue.o(.text)
    .text                                    0x080009a0   Section        0  dfixul.o(.text)
    .text                                    0x080009d0   Section       48  cdrcmple.o(.text)
    .text                                    0x08000a00   Section       36  init.o(.text)
    .text                                    0x08000a24   Section        0  isspace_c.o(.text)
    .text                                    0x08000a30   Section        0  _scanf.o(.text)
    .text                                    0x08000d5c   Section        0  ctype_c.o(.text)
    .text                                    0x08000d84   Section        0  __dczerorl2.o(.text)
    i.BusFault_Handler                       0x08000dda   Section        0  stm32f4xx_it.o(i.BusFault_Handler)
    i.CMD_ID                                 0x08000dde   Section        0  uart.o(i.CMD_ID)
    i.ClearBuffer                            0x08000de6   Section        0  cmd_process.o(i.ClearBuffer)
    i.DMA1_Stream0_IRQHandler                0x08000df8   Section        0  AD7606.o(i.DMA1_Stream0_IRQHandler)
    i.DMA2_Stream0_IRQHandler                0x08000e60   Section        0  byyc_dma.o(i.DMA2_Stream0_IRQHandler)
    i.DMA2_Stream1_IRQHandler                0x08000eb0   Section        0  DAC.o(i.DMA2_Stream1_IRQHandler)
    i.DMA_ClearITPendingBit                  0x08000ed0   Section        0  stm32f4xx_dma.o(i.DMA_ClearITPendingBit)
    i.DMA_GetFlagStatus                      0x08000f04   Section        0  stm32f4xx_dma.o(i.DMA_GetFlagStatus)
    i.DMA_GetITStatus                        0x08000f48   Section        0  stm32f4xx_dma.o(i.DMA_GetITStatus)
    i.DebugMon_Handler                       0x08000fac   Section        0  stm32f4xx_it.o(i.DebugMon_Handler)
    i.EXTI15_10_IRQHandler                   0x08000fb0   Section        0  AD7606.o(i.EXTI15_10_IRQHandler)
    i.EXTI_ClearITPendingBit                 0x08001004   Section        0  stm32f4xx_exti.o(i.EXTI_ClearITPendingBit)
    i.EXTI_GetITStatus                       0x08001010   Section        0  stm32f4xx_exti.o(i.EXTI_GetITStatus)
    i.GPIO_Init                              0x08001028   Section        0  stm32f4xx_gpio.o(i.GPIO_Init)
    i.GPIO_PinAFConfig                       0x080010b8   Section        0  stm32f4xx_gpio.o(i.GPIO_PinAFConfig)
    i.HardFault_Handler                      0x080010fe   Section        0  stm32f4xx_it.o(i.HardFault_Handler)
    i.Init_Uart1                             0x08001104   Section        0  uart.o(i.Init_Uart1)
    i.Location_Task                          0x080011b4   Section        0  OS_Task.o(i.Location_Task)
    i.MemManage_Handler                      0x080013fc   Section        0  stm32f4xx_it.o(i.MemManage_Handler)
    i.NMI_Handler                            0x08001400   Section        0  stm32f4xx_it.o(i.NMI_Handler)
    i.NVIC_Init                              0x08001404   Section        0  misc.o(i.NVIC_Init)
    i.PendSV_Handler                         0x0800147c   Section        0  stm32f4xx_it.o(i.PendSV_Handler)
    i.Per_Task                               0x08001480   Section        0  Proc.o(i.Per_Task)
    i.Pin_PP_Out                             0x08001684   Section        0  byyc_gpio.o(i.Pin_PP_Out)
    i.ProcessMessage                         0x08001768   Section        0  cmd_process.o(i.ProcessMessage)
    i.RCC_AHB1PeriphClockCmd                 0x080017dc   Section        0  stm32f4xx_rcc.o(i.RCC_AHB1PeriphClockCmd)
    i.RCC_APB1PeriphClockCmd                 0x080017fc   Section        0  stm32f4xx_rcc.o(i.RCC_APB1PeriphClockCmd)
    i.RCC_APB2PeriphClockCmd                 0x0800181c   Section        0  stm32f4xx_rcc.o(i.RCC_APB2PeriphClockCmd)
    i.RCC_GetClocksFreq                      0x0800183c   Section        0  stm32f4xx_rcc.o(i.RCC_GetClocksFreq)
    i.RTC_Alarm_IRQHandler                   0x08001924   Section        0  Rtc.o(i.RTC_Alarm_IRQHandler)
    i.RTC_ClearFlag                          0x08001954   Section        0  stm32f4xx_rtc.o(i.RTC_ClearFlag)
    i.RTC_GetFlagStatus                      0x08001970   Section        0  stm32f4xx_rtc.o(i.RTC_GetFlagStatus)
    i.RTC_WKUP_IRQHandler                    0x08001998   Section        0  Rtc.o(i.RTC_WKUP_IRQHandler)
    i.SPI_I2S_GetFlagStatus                  0x080019b6   Section        0  stm32f4xx_spi.o(i.SPI_I2S_GetFlagStatus)
    i.SVC_Handler                            0x080019c8   Section        0  stm32f4xx_it.o(i.SVC_Handler)
    i.SendChar                               0x080019cc   Section        0  uart.o(i.SendChar)
    i.SendStrings                            0x080019fc   Section        0  hmi_driver.o(i.SendStrings)
    i.SetSysClock                            0x08001a14   Section        0  system_stm32f4xx.o(i.SetSysClock)
    SetSysClock                              0x08001a15   Thumb Code   220  system_stm32f4xx.o(i.SetSysClock)
    i.SetTextValue                           0x08001b00   Section        0  hmi_driver.o(i.SetTextValue)
    i.SysTick_CLKSourceConfig                0x08001b52   Section        0  misc.o(i.SysTick_CLKSourceConfig)
    i.SysTick_Handler                        0x08001b7c   Section        0  stm32f4xx_it.o(i.SysTick_Handler)
    i.SystemInit                             0x08001b90   Section        0  system_stm32f4xx.o(i.SystemInit)
    i.TI1_Config                             0x08001bf8   Section        0  stm32f4xx_tim.o(i.TI1_Config)
    TI1_Config                               0x08001bf9   Thumb Code    58  stm32f4xx_tim.o(i.TI1_Config)
    i.TI2_Config                             0x08001c32   Section        0  stm32f4xx_tim.o(i.TI2_Config)
    TI2_Config                               0x08001c33   Thumb Code    80  stm32f4xx_tim.o(i.TI2_Config)
    i.TI3_Config                             0x08001c82   Section        0  stm32f4xx_tim.o(i.TI3_Config)
    TI3_Config                               0x08001c83   Thumb Code    72  stm32f4xx_tim.o(i.TI3_Config)
    i.TI4_Config                             0x08001cca   Section        0  stm32f4xx_tim.o(i.TI4_Config)
    TI4_Config                               0x08001ccb   Thumb Code    80  stm32f4xx_tim.o(i.TI4_Config)
    i.TIM2_IRQHandler                        0x08001d1c   Section        0  AD7606.o(i.TIM2_IRQHandler)
    i.TIM5_CH1CH2_Cap_Init                   0x08001d90   Section        0  Time.o(i.TIM5_CH1CH2_Cap_Init)
    i.TIM5_IRQHandler                        0x08001edc   Section        0  Time.o(i.TIM5_IRQHandler)
    i.TIM7_IRQHandler                        0x08001fb8   Section        0  Time.o(i.TIM7_IRQHandler)
    i.TIM_ClearITPendingBit                  0x08001fd0   Section        0  stm32f4xx_tim.o(i.TIM_ClearITPendingBit)
    i.TIM_Cmd                                0x08001fd6   Section        0  stm32f4xx_tim.o(i.TIM_Cmd)
    i.TIM_GetCapture1                        0x08001fee   Section        0  stm32f4xx_tim.o(i.TIM_GetCapture1)
    i.TIM_GetCapture2                        0x08001ff4   Section        0  stm32f4xx_tim.o(i.TIM_GetCapture2)
    i.TIM_GetCapture3                        0x08001ffa   Section        0  stm32f4xx_tim.o(i.TIM_GetCapture3)
    i.TIM_GetCapture4                        0x08002000   Section        0  stm32f4xx_tim.o(i.TIM_GetCapture4)
    i.TIM_GetITStatus                        0x08002006   Section        0  stm32f4xx_tim.o(i.TIM_GetITStatus)
    i.TIM_ICInit                             0x08002028   Section        0  stm32f4xx_tim.o(i.TIM_ICInit)
    i.TIM_ITConfig                           0x08002096   Section        0  stm32f4xx_tim.o(i.TIM_ITConfig)
    i.TIM_SetIC1Prescaler                    0x080020a8   Section        0  stm32f4xx_tim.o(i.TIM_SetIC1Prescaler)
    i.TIM_SetIC2Prescaler                    0x080020ba   Section        0  stm32f4xx_tim.o(i.TIM_SetIC2Prescaler)
    i.TIM_SetIC3Prescaler                    0x080020d4   Section        0  stm32f4xx_tim.o(i.TIM_SetIC3Prescaler)
    i.TIM_SetIC4Prescaler                    0x080020e6   Section        0  stm32f4xx_tim.o(i.TIM_SetIC4Prescaler)
    i.TIM_TimeBaseInit                       0x08002100   Section        0  stm32f4xx_tim.o(i.TIM_TimeBaseInit)
    i.USART1_IRQHandler                      0x08002184   Section        0  uart.o(i.USART1_IRQHandler)
    i.USART2_IRQHandler                      0x080021cc   Section        0  uart.o(i.USART2_IRQHandler)
    i.USART3_IRQHandler                      0x080021f4   Section        0  uart.o(i.USART3_IRQHandler)
    i.USART_ClearFlag                        0x0800221c   Section        0  stm32f4xx_usart.o(i.USART_ClearFlag)
    i.USART_Cmd                              0x0800222e   Section        0  stm32f4xx_usart.o(i.USART_Cmd)
    i.USART_GetFlagStatus                    0x08002246   Section        0  stm32f4xx_usart.o(i.USART_GetFlagStatus)
    i.USART_ITConfig                         0x08002260   Section        0  stm32f4xx_usart.o(i.USART_ITConfig)
    i.USART_Init                             0x080022ac   Section        0  stm32f4xx_usart.o(i.USART_Init)
    i.USART_ReceiveData                      0x08002380   Section        0  stm32f4xx_usart.o(i.USART_ReceiveData)
    i.USART_SendData                         0x0800238a   Section        0  stm32f4xx_usart.o(i.USART_SendData)
    i.UsageFault_Handler                     0x08002392   Section        0  stm32f4xx_it.o(i.UsageFault_Handler)
    i.__0printf                              0x08002398   Section        0  printfa.o(i.__0printf)
    i.__0sprintf                             0x080023b8   Section        0  printfa.o(i.__0sprintf)
    i.__scatterload_copy                     0x080023e0   Section       14  handlers.o(i.__scatterload_copy)
    i.__scatterload_null                     0x080023ee   Section        2  handlers.o(i.__scatterload_null)
    i.__scatterload_zeroinit                 0x080023f0   Section       14  handlers.o(i.__scatterload_zeroinit)
    i._fp_digits                             0x08002400   Section        0  printfa.o(i._fp_digits)
    _fp_digits                               0x08002401   Thumb Code   334  printfa.o(i._fp_digits)
    i._printf_core                           0x08002564   Section        0  printfa.o(i._printf_core)
    _printf_core                             0x08002565   Thumb Code  1744  printfa.o(i._printf_core)
    i._printf_post_padding                   0x08002c40   Section        0  printfa.o(i._printf_post_padding)
    _printf_post_padding                     0x08002c41   Thumb Code    36  printfa.o(i._printf_post_padding)
    i._printf_pre_padding                    0x08002c64   Section        0  printfa.o(i._printf_pre_padding)
    _printf_pre_padding                      0x08002c65   Thumb Code    46  printfa.o(i._printf_pre_padding)
    i._sputc                                 0x08002c92   Section        0  printfa.o(i._sputc)
    _sputc                                   0x08002c93   Thumb Code    10  printfa.o(i._sputc)
    i.ad7606_StartRecord                     0x08002c9c   Section        0  AD7606.o(i.ad7606_StartRecord)
    i.delay_init                             0x08002cc4   Section        0  delay.o(i.delay_init)
    i.display_Task                           0x08002d00   Section        0  OS_Task.o(i.display_Task)
    i.fputc                                  0x08002dbc   Section        0  uart.o(i.fputc)
    i.main                                   0x08002dd8   Section        0  main.o(i.main)
    i.modeRecTask                            0x08002e58   Section        0  OS_Task.o(i.modeRecTask)
    i.queue_find_cmd                         0x08002f28   Section        0  cmd_queue.o(i.queue_find_cmd)
    i.queue_pop                              0x08002fac   Section        0  cmd_queue.o(i.queue_pop)
    queue_pop                                0x08002fad   Thumb Code    48  cmd_queue.o(i.queue_pop)
    i.queue_push                             0x08002fe0   Section        0  cmd_queue.o(i.queue_push)
    i.queue_size                             0x08003010   Section        0  cmd_queue.o(i.queue_size)
    queue_size                               0x08003011   Thumb Code    30  cmd_queue.o(i.queue_size)
    i.real_adc_value                         0x08003034   Section        0  AD7606.o(i.real_adc_value)
    i.soundlocationTask                      0x080030f0   Section        0  OS_Task.o(i.soundlocationTask)
    .constdata                               0x08003200   Section       64  ctype_c.o(.constdata)
    .conststring                             0x08003240   Section       71  OS_Task.o(.conststring)
    .data                                    0x20000000   Section        5  AD7606.o(.data)
    .data                                    0x20000005   Section        2  byyc_dma.o(.data)
    x                                        0x20000006   Data           1  byyc_dma.o(.data)
    .data                                    0x20000008   Section       94  Time.o(.data)
    .data                                    0x20000068   Section       25  uart.o(.data)
    .data                                    0x20000081   Section       16  stm32f4xx_rcc.o(.data)
    APBAHBPrescTable                         0x20000081   Data          16  stm32f4xx_rcc.o(.data)
    .data                                    0x20000094   Section     1728  Excel.o(.data)
    .data                                    0x20000754   Section       96  OS_Task.o(.data)
    Freq                                     0x200007a8   Data           4  OS_Task.o(.data)
    Freq                                     0x200007ac   Data           2  OS_Task.o(.data)
    arr                                      0x200007b0   Data           4  OS_Task.o(.data)
    .data                                    0x200007b4   Section       20  Proc.o(.data)
    systick_cnt                              0x200007c0   Data           4  Proc.o(.data)
    systick_cnt2                             0x200007c4   Data           4  Proc.o(.data)
    .data                                    0x200007c8   Section        4  delay.o(.data)
    fac_us                                   0x200007c8   Data           1  delay.o(.data)
    fac_ms                                   0x200007ca   Data           2  delay.o(.data)
    .data                                    0x200007cc   Section        6  cmd_queue.o(.data)
    cmd_state                                0x200007cc   Data           4  cmd_queue.o(.data)
    cmd_pos                                  0x200007d0   Data           2  cmd_queue.o(.data)
    .data                                    0x200007d2   Section        2  stm32f4xx_it.o(.data)
    .bss                                     0x200007d4   Section    32768  AD7606.o(.bss)
    .bss                                     0x200087d4   Section       64  cmd_process.o(.bss)
    .bss                                     0x20008814   Section      516  cmd_queue.o(.bss)
    que                                      0x20008814   Data         516  cmd_queue.o(.bss)
    STACK                                    0x20008a18   Section    24320  startup_stm32f40_41xxx.o(STACK)

    Global Symbols

    Symbol Name                              Value     Ov Type        Size  Object(Section)

    BuildAttributes$$THM_ISAv4$E$P$D$K$B$S$7EM$VFPi3$EXTD16$VFPS$VFMA$PE$A:L22UL41UL21$X:L11$S22US41US21$IEEE1$IW$USESV6$~STKCKD$USESV7$~SHL$OTIME$ROPI$IEEEX$EBA8$MICROLIB$REQ8$PRES8$EABIv2 0x00000000   Number         0  anon$$obj.o ABSOLUTE
    __ARM_use_no_argv                        0x00000000   Number         0  main.o ABSOLUTE
    __use_no_errno                           0x00000000   Number         0  useno.o ABSOLUTE
    __use_no_exception_handling              0x00000000   Number         0  useno.o ABSOLUTE
    __use_no_fp                              0x00000000   Number         0  useno.o ABSOLUTE
    __use_no_heap                            0x00000000   Number         0  useno.o ABSOLUTE
    __use_no_heap_region                     0x00000000   Number         0  useno.o ABSOLUTE
    __use_no_semihosting                     0x00000000   Number         0  useno.o ABSOLUTE
    __use_no_semihosting_swi                 0x00000000   Number         0  useno.o ABSOLUTE
    __use_no_signal_handling                 0x00000000   Number         0  useno.o ABSOLUTE
    _printf_a                                0x00000000   Number         0  stubs.o ABSOLUTE
    _printf_c                                0x00000000   Number         0  stubs.o ABSOLUTE
    _printf_charcount                        0x00000000   Number         0  stubs.o ABSOLUTE
    _printf_d                                0x00000000   Number         0  stubs.o ABSOLUTE
    _printf_e                                0x00000000   Number         0  stubs.o ABSOLUTE
    _printf_f                                0x00000000   Number         0  stubs.o ABSOLUTE
    _printf_flags                            0x00000000   Number         0  stubs.o ABSOLUTE
    _printf_fp_dec                           0x00000000   Number         0  stubs.o ABSOLUTE
    _printf_fp_hex                           0x00000000   Number         0  stubs.o ABSOLUTE
    _printf_g                                0x00000000   Number         0  stubs.o ABSOLUTE
    _printf_i                                0x00000000   Number         0  stubs.o ABSOLUTE
    _printf_int_dec                          0x00000000   Number         0  stubs.o ABSOLUTE
    _printf_l                                0x00000000   Number         0  stubs.o ABSOLUTE
    _printf_lc                               0x00000000   Number         0  stubs.o ABSOLUTE
    _printf_ll                               0x00000000   Number         0  stubs.o ABSOLUTE
    _printf_lld                              0x00000000   Number         0  stubs.o ABSOLUTE
    _printf_lli                              0x00000000   Number         0  stubs.o ABSOLUTE
    _printf_llo                              0x00000000   Number         0  stubs.o ABSOLUTE
    _printf_llu                              0x00000000   Number         0  stubs.o ABSOLUTE
    _printf_llx                              0x00000000   Number         0  stubs.o ABSOLUTE
    _printf_longlong_dec                     0x00000000   Number         0  stubs.o ABSOLUTE
    _printf_longlong_hex                     0x00000000   Number         0  stubs.o ABSOLUTE
    _printf_longlong_oct                     0x00000000   Number         0  stubs.o ABSOLUTE
    _printf_ls                               0x00000000   Number         0  stubs.o ABSOLUTE
    _printf_mbtowc                           0x00000000   Number         0  stubs.o ABSOLUTE
    _printf_n                                0x00000000   Number         0  stubs.o ABSOLUTE
    _printf_o                                0x00000000   Number         0  stubs.o ABSOLUTE
    _printf_p                                0x00000000   Number         0  stubs.o ABSOLUTE
    _printf_percent                          0x00000000   Number         0  stubs.o ABSOLUTE
    _printf_pre_padding                      0x00000000   Number         0  stubs.o ABSOLUTE
    _printf_return_value                     0x00000000   Number         0  stubs.o ABSOLUTE
    _printf_s                                0x00000000   Number         0  stubs.o ABSOLUTE
    _printf_sizespec                         0x00000000   Number         0  stubs.o ABSOLUTE
    _printf_str                              0x00000000   Number         0  stubs.o ABSOLUTE
    _printf_truncate_signed                  0x00000000   Number         0  stubs.o ABSOLUTE
    _printf_truncate_unsigned                0x00000000   Number         0  stubs.o ABSOLUTE
    _printf_u                                0x00000000   Number         0  stubs.o ABSOLUTE
    _printf_wc                               0x00000000   Number         0  stubs.o ABSOLUTE
    _printf_wctomb                           0x00000000   Number         0  stubs.o ABSOLUTE
    _printf_widthprec                        0x00000000   Number         0  stubs.o ABSOLUTE
    _printf_x                                0x00000000   Number         0  stubs.o ABSOLUTE
    __cpp_initialize__aeabi_                  - Undefined Weak Reference
    __cxa_finalize                            - Undefined Weak Reference
    _clock_init                               - Undefined Weak Reference
    _microlib_exit                            - Undefined Weak Reference
    _scanf_longlong                           - Undefined Weak Reference
    _scanf_real                               - Undefined Weak Reference
    _scanf_string                             - Undefined Weak Reference
    __Vectors_Size                           0x00000188   Number         0  startup_stm32f40_41xxx.o ABSOLUTE
    __Vectors                                0x08000000   Data           4  startup_stm32f40_41xxx.o(RESET)
    __Vectors_End                            0x08000188   Data           0  startup_stm32f40_41xxx.o(RESET)
    __main                                   0x08000189   Thumb Code     0  entry.o(.ARM.Collect$$$$00000000)
    _main_stk                                0x08000189   Thumb Code     0  entry2.o(.ARM.Collect$$$$00000001)
    _main_scatterload                        0x0800018d   Thumb Code     0  entry5.o(.ARM.Collect$$$$00000004)
    __main_after_scatterload                 0x08000191   Thumb Code     0  entry5.o(.ARM.Collect$$$$00000004)
    _main_clock                              0x08000191   Thumb Code     0  entry7b.o(.ARM.Collect$$$$00000008)
    _main_cpp_init                           0x08000191   Thumb Code     0  entry8b.o(.ARM.Collect$$$$0000000A)
    _main_init                               0x08000191   Thumb Code     0  entry9a.o(.ARM.Collect$$$$0000000B)
    __rt_final_cpp                           0x08000199   Thumb Code     0  entry10a.o(.ARM.Collect$$$$0000000D)
    __rt_final_exit                          0x08000199   Thumb Code     0  entry11a.o(.ARM.Collect$$$$0000000F)
    Reset_Handler                            0x0800019d   Thumb Code     8  startup_stm32f40_41xxx.o(.text)
    ADC_IRQHandler                           0x080001b7   Thumb Code     0  startup_stm32f40_41xxx.o(.text)
    CAN1_RX0_IRQHandler                      0x080001b7   Thumb Code     0  startup_stm32f40_41xxx.o(.text)
    CAN1_RX1_IRQHandler                      0x080001b7   Thumb Code     0  startup_stm32f40_41xxx.o(.text)
    CAN1_SCE_IRQHandler                      0x080001b7   Thumb Code     0  startup_stm32f40_41xxx.o(.text)
    CAN1_TX_IRQHandler                       0x080001b7   Thumb Code     0  startup_stm32f40_41xxx.o(.text)
    CAN2_RX0_IRQHandler                      0x080001b7   Thumb Code     0  startup_stm32f40_41xxx.o(.text)
    CAN2_RX1_IRQHandler                      0x080001b7   Thumb Code     0  startup_stm32f40_41xxx.o(.text)
    CAN2_SCE_IRQHandler                      0x080001b7   Thumb Code     0  startup_stm32f40_41xxx.o(.text)
    CAN2_TX_IRQHandler                       0x080001b7   Thumb Code     0  startup_stm32f40_41xxx.o(.text)
    CRYP_IRQHandler                          0x080001b7   Thumb Code     0  startup_stm32f40_41xxx.o(.text)
    DCMI_IRQHandler                          0x080001b7   Thumb Code     0  startup_stm32f40_41xxx.o(.text)
    DMA1_Stream1_IRQHandler                  0x080001b7   Thumb Code     0  startup_stm32f40_41xxx.o(.text)
    DMA1_Stream2_IRQHandler                  0x080001b7   Thumb Code     0  startup_stm32f40_41xxx.o(.text)
    DMA1_Stream3_IRQHandler                  0x080001b7   Thumb Code     0  startup_stm32f40_41xxx.o(.text)
    DMA1_Stream4_IRQHandler                  0x080001b7   Thumb Code     0  startup_stm32f40_41xxx.o(.text)
    DMA1_Stream5_IRQHandler                  0x080001b7   Thumb Code     0  startup_stm32f40_41xxx.o(.text)
    DMA1_Stream6_IRQHandler                  0x080001b7   Thumb Code     0  startup_stm32f40_41xxx.o(.text)
    DMA1_Stream7_IRQHandler                  0x080001b7   Thumb Code     0  startup_stm32f40_41xxx.o(.text)
    DMA2_Stream2_IRQHandler                  0x080001b7   Thumb Code     0  startup_stm32f40_41xxx.o(.text)
    DMA2_Stream3_IRQHandler                  0x080001b7   Thumb Code     0  startup_stm32f40_41xxx.o(.text)
    DMA2_Stream4_IRQHandler                  0x080001b7   Thumb Code     0  startup_stm32f40_41xxx.o(.text)
    DMA2_Stream5_IRQHandler                  0x080001b7   Thumb Code     0  startup_stm32f40_41xxx.o(.text)
    DMA2_Stream6_IRQHandler                  0x080001b7   Thumb Code     0  startup_stm32f40_41xxx.o(.text)
    DMA2_Stream7_IRQHandler                  0x080001b7   Thumb Code     0  startup_stm32f40_41xxx.o(.text)
    ETH_IRQHandler                           0x080001b7   Thumb Code     0  startup_stm32f40_41xxx.o(.text)
    ETH_WKUP_IRQHandler                      0x080001b7   Thumb Code     0  startup_stm32f40_41xxx.o(.text)
    EXTI0_IRQHandler                         0x080001b7   Thumb Code     0  startup_stm32f40_41xxx.o(.text)
    EXTI1_IRQHandler                         0x080001b7   Thumb Code     0  startup_stm32f40_41xxx.o(.text)
    EXTI2_IRQHandler                         0x080001b7   Thumb Code     0  startup_stm32f40_41xxx.o(.text)
    EXTI3_IRQHandler                         0x080001b7   Thumb Code     0  startup_stm32f40_41xxx.o(.text)
    EXTI4_IRQHandler                         0x080001b7   Thumb Code     0  startup_stm32f40_41xxx.o(.text)
    EXTI9_5_IRQHandler                       0x080001b7   Thumb Code     0  startup_stm32f40_41xxx.o(.text)
    FLASH_IRQHandler                         0x080001b7   Thumb Code     0  startup_stm32f40_41xxx.o(.text)
    FPU_IRQHandler                           0x080001b7   Thumb Code     0  startup_stm32f40_41xxx.o(.text)
    FSMC_IRQHandler                          0x080001b7   Thumb Code     0  startup_stm32f40_41xxx.o(.text)
    HASH_RNG_IRQHandler                      0x080001b7   Thumb Code     0  startup_stm32f40_41xxx.o(.text)
    I2C1_ER_IRQHandler                       0x080001b7   Thumb Code     0  startup_stm32f40_41xxx.o(.text)
    I2C1_EV_IRQHandler                       0x080001b7   Thumb Code     0  startup_stm32f40_41xxx.o(.text)
    I2C2_ER_IRQHandler                       0x080001b7   Thumb Code     0  startup_stm32f40_41xxx.o(.text)
    I2C2_EV_IRQHandler                       0x080001b7   Thumb Code     0  startup_stm32f40_41xxx.o(.text)
    I2C3_ER_IRQHandler                       0x080001b7   Thumb Code     0  startup_stm32f40_41xxx.o(.text)
    I2C3_EV_IRQHandler                       0x080001b7   Thumb Code     0  startup_stm32f40_41xxx.o(.text)
    OTG_FS_IRQHandler                        0x080001b7   Thumb Code     0  startup_stm32f40_41xxx.o(.text)
    OTG_FS_WKUP_IRQHandler                   0x080001b7   Thumb Code     0  startup_stm32f40_41xxx.o(.text)
    OTG_HS_EP1_IN_IRQHandler                 0x080001b7   Thumb Code     0  startup_stm32f40_41xxx.o(.text)
    OTG_HS_EP1_OUT_IRQHandler                0x080001b7   Thumb Code     0  startup_stm32f40_41xxx.o(.text)
    OTG_HS_IRQHandler                        0x080001b7   Thumb Code     0  startup_stm32f40_41xxx.o(.text)
    OTG_HS_WKUP_IRQHandler                   0x080001b7   Thumb Code     0  startup_stm32f40_41xxx.o(.text)
    PVD_IRQHandler                           0x080001b7   Thumb Code     0  startup_stm32f40_41xxx.o(.text)
    RCC_IRQHandler                           0x080001b7   Thumb Code     0  startup_stm32f40_41xxx.o(.text)
    SDIO_IRQHandler                          0x080001b7   Thumb Code     0  startup_stm32f40_41xxx.o(.text)
    SPI1_IRQHandler                          0x080001b7   Thumb Code     0  startup_stm32f40_41xxx.o(.text)
    SPI2_IRQHandler                          0x080001b7   Thumb Code     0  startup_stm32f40_41xxx.o(.text)
    SPI3_IRQHandler                          0x080001b7   Thumb Code     0  startup_stm32f40_41xxx.o(.text)
    TAMP_STAMP_IRQHandler                    0x080001b7   Thumb Code     0  startup_stm32f40_41xxx.o(.text)
    TIM1_BRK_TIM9_IRQHandler                 0x080001b7   Thumb Code     0  startup_stm32f40_41xxx.o(.text)
    TIM1_CC_IRQHandler                       0x080001b7   Thumb Code     0  startup_stm32f40_41xxx.o(.text)
    TIM1_TRG_COM_TIM11_IRQHandler            0x080001b7   Thumb Code     0  startup_stm32f40_41xxx.o(.text)
    TIM1_UP_TIM10_IRQHandler                 0x080001b7   Thumb Code     0  startup_stm32f40_41xxx.o(.text)
    TIM3_IRQHandler                          0x080001b7   Thumb Code     0  startup_stm32f40_41xxx.o(.text)
    TIM4_IRQHandler                          0x080001b7   Thumb Code     0  startup_stm32f40_41xxx.o(.text)
    TIM6_DAC_IRQHandler                      0x080001b7   Thumb Code     0  startup_stm32f40_41xxx.o(.text)
    TIM8_BRK_TIM12_IRQHandler                0x080001b7   Thumb Code     0  startup_stm32f40_41xxx.o(.text)
    TIM8_CC_IRQHandler                       0x080001b7   Thumb Code     0  startup_stm32f40_41xxx.o(.text)
    TIM8_TRG_COM_TIM14_IRQHandler            0x080001b7   Thumb Code     0  startup_stm32f40_41xxx.o(.text)
    TIM8_UP_TIM13_IRQHandler                 0x080001b7   Thumb Code     0  startup_stm32f40_41xxx.o(.text)
    UART4_IRQHandler                         0x080001b7   Thumb Code     0  startup_stm32f40_41xxx.o(.text)
    UART5_IRQHandler                         0x080001b7   Thumb Code     0  startup_stm32f40_41xxx.o(.text)
    USART6_IRQHandler                        0x080001b7   Thumb Code     0  startup_stm32f40_41xxx.o(.text)
    WWDG_IRQHandler                          0x080001b7   Thumb Code     0  startup_stm32f40_41xxx.o(.text)
    __aeabi_memset                           0x080001c1   Thumb Code    14  memseta.o(.text)
    __aeabi_memset4                          0x080001c1   Thumb Code     0  memseta.o(.text)
    __aeabi_memset8                          0x080001c1   Thumb Code     0  memseta.o(.text)
    __aeabi_memclr                           0x080001cf   Thumb Code     4  memseta.o(.text)
    __aeabi_memclr4                          0x080001cf   Thumb Code     0  memseta.o(.text)
    __aeabi_memclr8                          0x080001cf   Thumb Code     0  memseta.o(.text)
    _memset$wrapper                          0x080001d3   Thumb Code    18  memseta.o(.text)
    __0sscanf                                0x080001e5   Thumb Code    48  __0sscanf.o(.text)
    _scanf_int                               0x0800021d   Thumb Code   332  _scanf_int.o(.text)
    __aeabi_dadd                             0x08000369   Thumb Code   322  dadd.o(.text)
    __aeabi_dsub                             0x080004ab   Thumb Code     6  dadd.o(.text)
    __aeabi_drsub                            0x080004b1   Thumb Code     6  dadd.o(.text)
    __aeabi_dmul                             0x080004b7   Thumb Code   228  dmul.o(.text)
    __aeabi_ddiv                             0x0800059b   Thumb Code   222  ddiv.o(.text)
    __aeabi_l2f                              0x08000679   Thumb Code    44  ffltl.o(.text)
    __aeabi_f2d                              0x080006a5   Thumb Code    38  f2d.o(.text)
    __aeabi_d2f                              0x080006cb   Thumb Code    56  d2f.o(.text)
    __aeabi_uidiv                            0x08000703   Thumb Code     0  uidiv.o(.text)
    __aeabi_uidivmod                         0x08000703   Thumb Code    44  uidiv.o(.text)
    __aeabi_uldivmod                         0x0800072f   Thumb Code    98  uldiv.o(.text)
    __aeabi_llsl                             0x08000791   Thumb Code    30  llshl.o(.text)
    _ll_shift_l                              0x08000791   Thumb Code     0  llshl.o(.text)
    __aeabi_llsr                             0x080007af   Thumb Code    32  llushr.o(.text)
    _ll_ushift_r                             0x080007af   Thumb Code     0  llushr.o(.text)
    __aeabi_lasr                             0x080007cf   Thumb Code    36  llsshr.o(.text)
    _ll_sshift_r                             0x080007cf   Thumb Code     0  llsshr.o(.text)
    _chval                                   0x080007f3   Thumb Code    28  _chval.o(.text)
    __vfscanf_char                           0x0800081d   Thumb Code    20  scanf_char.o(.text)
    _sgetc                                   0x08000839   Thumb Code    30  _sgetc.o(.text)
    _sbackspace                              0x08000857   Thumb Code    34  _sgetc.o(.text)
    __I$use$fp                               0x08000879   Thumb Code     0  iusefp.o(.text)
    _float_round                             0x08000879   Thumb Code    18  fepilogue.o(.text)
    _float_epilogue                          0x0800088b   Thumb Code    92  fepilogue.o(.text)
    _double_round                            0x080008e7   Thumb Code    30  depilogue.o(.text)
    _double_epilogue                         0x08000905   Thumb Code   156  depilogue.o(.text)
    __aeabi_d2ulz                            0x080009a1   Thumb Code    48  dfixul.o(.text)
    __aeabi_cdrcmple                         0x080009d1   Thumb Code    48  cdrcmple.o(.text)
    __scatterload                            0x08000a01   Thumb Code    28  init.o(.text)
    __scatterload_rt2                        0x08000a01   Thumb Code     0  init.o(.text)
    isspace                                  0x08000a25   Thumb Code    10  isspace_c.o(.text)
    __vfscanf                                0x08000a31   Thumb Code   808  _scanf.o(.text)
    __ctype_lookup                           0x08000d5d   Thumb Code    34  ctype_c.o(.text)
    __decompress                             0x08000d85   Thumb Code     0  __dczerorl2.o(.text)
    __decompress1                            0x08000d85   Thumb Code    86  __dczerorl2.o(.text)
    BusFault_Handler                         0x08000ddb   Thumb Code     4  stm32f4xx_it.o(i.BusFault_Handler)
    CMD_ID                                   0x08000ddf   Thumb Code     8  uart.o(i.CMD_ID)
    ClearBuffer                              0x08000de7   Thumb Code    16  cmd_process.o(i.ClearBuffer)
    DMA1_Stream0_IRQHandler                  0x08000df9   Thumb Code    80  AD7606.o(i.DMA1_Stream0_IRQHandler)
    DMA2_Stream0_IRQHandler                  0x08000e61   Thumb Code    56  byyc_dma.o(i.DMA2_Stream0_IRQHandler)
    DMA2_Stream1_IRQHandler                  0x08000eb1   Thumb Code    22  DAC.o(i.DMA2_Stream1_IRQHandler)
    DMA_ClearITPendingBit                    0x08000ed1   Thumb Code    38  stm32f4xx_dma.o(i.DMA_ClearITPendingBit)
    DMA_GetFlagStatus                        0x08000f05   Thumb Code    54  stm32f4xx_dma.o(i.DMA_GetFlagStatus)
    DMA_GetITStatus                          0x08000f49   Thumb Code    82  stm32f4xx_dma.o(i.DMA_GetITStatus)
    DebugMon_Handler                         0x08000fad   Thumb Code     2  stm32f4xx_it.o(i.DebugMon_Handler)
    EXTI15_10_IRQHandler                     0x08000fb1   Thumb Code    80  AD7606.o(i.EXTI15_10_IRQHandler)
    EXTI_ClearITPendingBit                   0x08001005   Thumb Code     6  stm32f4xx_exti.o(i.EXTI_ClearITPendingBit)
    EXTI_GetITStatus                         0x08001011   Thumb Code    20  stm32f4xx_exti.o(i.EXTI_GetITStatus)
    GPIO_Init                                0x08001029   Thumb Code   144  stm32f4xx_gpio.o(i.GPIO_Init)
    GPIO_PinAFConfig                         0x080010b9   Thumb Code    70  stm32f4xx_gpio.o(i.GPIO_PinAFConfig)
    HardFault_Handler                        0x080010ff   Thumb Code     4  stm32f4xx_it.o(i.HardFault_Handler)
    Init_Uart1                               0x08001105   Thumb Code   168  uart.o(i.Init_Uart1)
    Location_Task                            0x080011b5   Thumb Code   488  OS_Task.o(i.Location_Task)
    MemManage_Handler                        0x080013fd   Thumb Code     4  stm32f4xx_it.o(i.MemManage_Handler)
    NMI_Handler                              0x08001401   Thumb Code     2  stm32f4xx_it.o(i.NMI_Handler)
    NVIC_Init                                0x08001405   Thumb Code   106  misc.o(i.NVIC_Init)
    PendSV_Handler                           0x0800147d   Thumb Code     2  stm32f4xx_it.o(i.PendSV_Handler)
    Per_Task                                 0x08001481   Thumb Code   434  Proc.o(i.Per_Task)
    Pin_PP_Out                               0x08001685   Thumb Code   172  byyc_gpio.o(i.Pin_PP_Out)
    ProcessMessage                           0x08001769   Thumb Code   100  cmd_process.o(i.ProcessMessage)
    RCC_AHB1PeriphClockCmd                   0x080017dd   Thumb Code    26  stm32f4xx_rcc.o(i.RCC_AHB1PeriphClockCmd)
    RCC_APB1PeriphClockCmd                   0x080017fd   Thumb Code    26  stm32f4xx_rcc.o(i.RCC_APB1PeriphClockCmd)
    RCC_APB2PeriphClockCmd                   0x0800181d   Thumb Code    26  stm32f4xx_rcc.o(i.RCC_APB2PeriphClockCmd)
    RCC_GetClocksFreq                        0x0800183d   Thumb Code   214  stm32f4xx_rcc.o(i.RCC_GetClocksFreq)
    RTC_Alarm_IRQHandler                     0x08001925   Thumb Code    36  Rtc.o(i.RTC_Alarm_IRQHandler)
    RTC_ClearFlag                            0x08001955   Thumb Code    24  stm32f4xx_rtc.o(i.RTC_ClearFlag)
    RTC_GetFlagStatus                        0x08001971   Thumb Code    32  stm32f4xx_rtc.o(i.RTC_GetFlagStatus)
    RTC_WKUP_IRQHandler                      0x08001999   Thumb Code    30  Rtc.o(i.RTC_WKUP_IRQHandler)
    SPI_I2S_GetFlagStatus                    0x080019b7   Thumb Code    18  stm32f4xx_spi.o(i.SPI_I2S_GetFlagStatus)
    SVC_Handler                              0x080019c9   Thumb Code     2  stm32f4xx_it.o(i.SVC_Handler)
    SendChar                                 0x080019cd   Thumb Code    42  uart.o(i.SendChar)
    SendStrings                              0x080019fd   Thumb Code    22  hmi_driver.o(i.SendStrings)
    SetTextValue                             0x08001b01   Thumb Code    82  hmi_driver.o(i.SetTextValue)
    SysTick_CLKSourceConfig                  0x08001b53   Thumb Code    40  misc.o(i.SysTick_CLKSourceConfig)
    SysTick_Handler                          0x08001b7d   Thumb Code    12  stm32f4xx_it.o(i.SysTick_Handler)
    SystemInit                               0x08001b91   Thumb Code    88  system_stm32f4xx.o(i.SystemInit)
    TIM2_IRQHandler                          0x08001d1d   Thumb Code   104  AD7606.o(i.TIM2_IRQHandler)
    TIM5_CH1CH2_Cap_Init                     0x08001d91   Thumb Code   324  Time.o(i.TIM5_CH1CH2_Cap_Init)
    TIM5_IRQHandler                          0x08001edd   Thumb Code   180  Time.o(i.TIM5_IRQHandler)
    TIM7_IRQHandler                          0x08001fb9   Thumb Code    20  Time.o(i.TIM7_IRQHandler)
    TIM_ClearITPendingBit                    0x08001fd1   Thumb Code     6  stm32f4xx_tim.o(i.TIM_ClearITPendingBit)
    TIM_Cmd                                  0x08001fd7   Thumb Code    24  stm32f4xx_tim.o(i.TIM_Cmd)
    TIM_GetCapture1                          0x08001fef   Thumb Code     6  stm32f4xx_tim.o(i.TIM_GetCapture1)
    TIM_GetCapture2                          0x08001ff5   Thumb Code     6  stm32f4xx_tim.o(i.TIM_GetCapture2)
    TIM_GetCapture3                          0x08001ffb   Thumb Code     6  stm32f4xx_tim.o(i.TIM_GetCapture3)
    TIM_GetCapture4                          0x08002001   Thumb Code     6  stm32f4xx_tim.o(i.TIM_GetCapture4)
    TIM_GetITStatus                          0x08002007   Thumb Code    34  stm32f4xx_tim.o(i.TIM_GetITStatus)
    TIM_ICInit                               0x08002029   Thumb Code   110  stm32f4xx_tim.o(i.TIM_ICInit)
    TIM_ITConfig                             0x08002097   Thumb Code    18  stm32f4xx_tim.o(i.TIM_ITConfig)
    TIM_SetIC1Prescaler                      0x080020a9   Thumb Code    18  stm32f4xx_tim.o(i.TIM_SetIC1Prescaler)
    TIM_SetIC2Prescaler                      0x080020bb   Thumb Code    26  stm32f4xx_tim.o(i.TIM_SetIC2Prescaler)
    TIM_SetIC3Prescaler                      0x080020d5   Thumb Code    18  stm32f4xx_tim.o(i.TIM_SetIC3Prescaler)
    TIM_SetIC4Prescaler                      0x080020e7   Thumb Code    26  stm32f4xx_tim.o(i.TIM_SetIC4Prescaler)
    TIM_TimeBaseInit                         0x08002101   Thumb Code   104  stm32f4xx_tim.o(i.TIM_TimeBaseInit)
    USART1_IRQHandler                        0x08002185   Thumb Code    62  uart.o(i.USART1_IRQHandler)
    USART2_IRQHandler                        0x080021cd   Thumb Code    36  uart.o(i.USART2_IRQHandler)
    USART3_IRQHandler                        0x080021f5   Thumb Code    36  uart.o(i.USART3_IRQHandler)
    USART_ClearFlag                          0x0800221d   Thumb Code    18  stm32f4xx_usart.o(i.USART_ClearFlag)
    USART_Cmd                                0x0800222f   Thumb Code    24  stm32f4xx_usart.o(i.USART_Cmd)
    USART_GetFlagStatus                      0x08002247   Thumb Code    26  stm32f4xx_usart.o(i.USART_GetFlagStatus)
    USART_ITConfig                           0x08002261   Thumb Code    74  stm32f4xx_usart.o(i.USART_ITConfig)
    USART_Init                               0x080022ad   Thumb Code   204  stm32f4xx_usart.o(i.USART_Init)
    USART_ReceiveData                        0x08002381   Thumb Code    10  stm32f4xx_usart.o(i.USART_ReceiveData)
    USART_SendData                           0x0800238b   Thumb Code     8  stm32f4xx_usart.o(i.USART_SendData)
    UsageFault_Handler                       0x08002393   Thumb Code     4  stm32f4xx_it.o(i.UsageFault_Handler)
    __0printf                                0x08002399   Thumb Code    22  printfa.o(i.__0printf)
    __1printf                                0x08002399   Thumb Code     0  printfa.o(i.__0printf)
    __2printf                                0x08002399   Thumb Code     0  printfa.o(i.__0printf)
    __c89printf                              0x08002399   Thumb Code     0  printfa.o(i.__0printf)
    printf                                   0x08002399   Thumb Code     0  printfa.o(i.__0printf)
    __0sprintf                               0x080023b9   Thumb Code    34  printfa.o(i.__0sprintf)
    __1sprintf                               0x080023b9   Thumb Code     0  printfa.o(i.__0sprintf)
    __2sprintf                               0x080023b9   Thumb Code     0  printfa.o(i.__0sprintf)
    __c89sprintf                             0x080023b9   Thumb Code     0  printfa.o(i.__0sprintf)
    sprintf                                  0x080023b9   Thumb Code     0  printfa.o(i.__0sprintf)
    __scatterload_copy                       0x080023e1   Thumb Code    14  handlers.o(i.__scatterload_copy)
    __scatterload_null                       0x080023ef   Thumb Code     2  handlers.o(i.__scatterload_null)
    __scatterload_zeroinit                   0x080023f1   Thumb Code    14  handlers.o(i.__scatterload_zeroinit)
    ad7606_StartRecord                       0x08002c9d   Thumb Code    30  AD7606.o(i.ad7606_StartRecord)
    delay_init                               0x08002cc5   Thumb Code    52  delay.o(i.delay_init)
    display_Task                             0x08002d01   Thumb Code   120  OS_Task.o(i.display_Task)
    fputc                                    0x08002dbd   Thumb Code    22  uart.o(i.fputc)
    main                                     0x08002dd9   Thumb Code   118  main.o(i.main)
    modeRecTask                              0x08002e59   Thumb Code   176  OS_Task.o(i.modeRecTask)
    queue_find_cmd                           0x08002f29   Thumb Code   122  cmd_queue.o(i.queue_find_cmd)
    queue_push                               0x08002fe1   Thumb Code    44  cmd_queue.o(i.queue_push)
    real_adc_value                           0x08003035   Thumb Code   156  AD7606.o(i.real_adc_value)
    soundlocationTask                        0x080030f1   Thumb Code   200  OS_Task.o(i.soundlocationTask)
    __ctype_categories                       0x08003200   Data          64  ctype_c.o(.constdata)
    Region$$Table$$Base                      0x08003288   Number         0  anon$$obj.o(Region$$Table)
    Region$$Table$$Limit                     0x080032a8   Number         0  anon$$obj.o(Region$$Table)
    ad7606_value_tx_ok_flag                  0x20000000   Data           1  AD7606.o(.data)
    data_conver_ok_flag                      0x20000001   Data           1  AD7606.o(.data)
    spi_rx_ok_flag                           0x20000002   Data           1  AD7606.o(.data)
    ad7606_continue_flag                     0x20000003   Data           1  AD7606.o(.data)
    AD7606_TX_Flag                           0x20000004   Data           1  AD7606.o(.data)
    dma_txok_flag                            0x20000005   Data           1  byyc_dma.o(.data)
    TIM5phasic_float                         0x20000008   Data           4  Time.o(.data)
    TIM5phasic_U32                           0x2000000c   Data           4  Time.o(.data)
    TIM5frequency_float                      0x20000010   Data           4  Time.o(.data)
    TIM5frequency_U32                        0x20000014   Data           4  Time.o(.data)
    capture1                                 0x20000018   Data           4  Time.o(.data)
    capture2                                 0x2000001c   Data           4  Time.o(.data)
    capture3                                 0x20000020   Data           4  Time.o(.data)
    capture4                                 0x20000024   Data           4  Time.o(.data)
    SUB0                                     0x20000028   Data           4  Time.o(.data)
    SUB1                                     0x2000002c   Data           4  Time.o(.data)
    SUB2                                     0x20000030   Data           4  Time.o(.data)
    SUB3                                     0x20000034   Data           4  Time.o(.data)
    SUB4                                     0x20000038   Data           4  Time.o(.data)
    SUB5                                     0x2000003c   Data           4  Time.o(.data)
    sub_capture                              0x20000040   Data           4  Time.o(.data)
    sub_capture4_1                           0x20000044   Data           4  Time.o(.data)
    sub_capture3_1                           0x20000048   Data           4  Time.o(.data)
    sub_capture2_1                           0x2000004c   Data           4  Time.o(.data)
    sub_capture2_AD                          0x20000050   Data           4  Time.o(.data)
    sub_capture2_BC                          0x20000054   Data           4  Time.o(.data)
    Capture_Secure_FLAG                      0x20000058   Data           1  Time.o(.data)
    Capture_OK_FLAG                          0x20000059   Data           1  Time.o(.data)
    Cflag                                    0x2000005a   Data           1  Time.o(.data)
    channel_ready_flags                      0x2000005b   Data           1  Time.o(.data)
    data_ready_flags                         0x2000005c   Data           1  Time.o(.data)
    Capture_Secure_FLAG1                     0x2000005d   Data           1  Time.o(.data)
    Capture_Secure_FLAG2                     0x2000005e   Data           1  Time.o(.data)
    Capture_Secure_FLAG3                     0x2000005f   Data           1  Time.o(.data)
    Capture_Secure_FLAG4                     0x20000060   Data           1  Time.o(.data)
    Data_Init_Finsh                          0x20000061   Data           1  Time.o(.data)
    DMA_CNT                                  0x20000062   Data           2  Time.o(.data)
    Renew_Count                              0x20000064   Data           2  Time.o(.data)
    __stdout                                 0x20000068   Data           4  uart.o(.data)
    cmd_id                                   0x2000006c   Data           2  uart.o(.data)
    values                                   0x20000070   Data           4  uart.o(.data)
    valueh                                   0x20000074   Data           4  uart.o(.data)
    size                                     0x20000078   Data           1  uart.o(.data)
    recvBuffer_head                          0x2000007a   Data           2  uart.o(.data)
    recvBuffer_tail                          0x2000007c   Data           2  uart.o(.data)
    frame_index                              0x2000007e   Data           2  uart.o(.data)
    sendingData                              0x20000080   Data           1  uart.o(.data)
    Sub                                      0x20000094   Data        1728  Excel.o(.data)
    xLabel                                   0x20000754   Data          12  OS_Task.o(.data)
    yLabel                                   0x20000760   Data          12  OS_Task.o(.data)
    Mode                                     0x2000076c   Data           1  OS_Task.o(.data)
    xLabels                                  0x20000770   Data          24  OS_Task.o(.data)
    yLabels                                  0x20000788   Data          24  OS_Task.o(.data)
    x                                        0x200007a0   Data           1  OS_Task.o(.data)
    y                                        0x200007a1   Data           1  OS_Task.o(.data)
    Change_Flag                              0x200007a2   Data           1  OS_Task.o(.data)
    error                                    0x200007a4   Data           4  OS_Task.o(.data)
    SysTick_5ms                              0x200007b4   Data           1  Proc.o(.data)
    SysTick_500ms                            0x200007b5   Data           1  Proc.o(.data)
    SysTick_100ms                            0x200007b6   Data           1  Proc.o(.data)
    SysTick_Mode_Rec_100ms                   0x200007b7   Data           1  Proc.o(.data)
    SysTick_Loc_500ms                        0x200007b8   Data           1  Proc.o(.data)
    SysTick_50ms                             0x200007b9   Data           1  Proc.o(.data)
    SysTick_25ms                             0x200007ba   Data           1  Proc.o(.data)
    SysTick_1s                               0x200007bb   Data           1  Proc.o(.data)
    SysTick_Signal_1s                        0x200007bc   Data           1  Proc.o(.data)
    SysTick_Location_500ms                   0x200007bd   Data           1  Proc.o(.data)
    SysTick_Display_500ms                    0x200007be   Data           1  Proc.o(.data)
    SysTick_2s                               0x200007bf   Data           1  Proc.o(.data)
    systick_flag                             0x200007d2   Data           1  stm32f4xx_it.o(.data)
    systick_flag2                            0x200007d3   Data           1  stm32f4xx_it.o(.data)
    ad7606_value_original                    0x200007d4   Data        8192  AD7606.o(.bss)
    ad7606_value                             0x200027d4   Data        8192  AD7606.o(.bss)
    ad7606_value_float32                     0x200047d4   Data       16384  AD7606.o(.bss)
    cmd_buffer                               0x200087d4   Data          64  cmd_process.o(.bss)
    __initial_sp                             0x2000e918   Data           0  startup_stm32f40_41xxx.o(STACK)



==============================================================================

Memory Map of the image

  Image Entry point : 0x08000189

  Load Region LR_IROM1 (Base: 0x08000000, Size: 0x00003a7c, Max: 0x00080000, ABSOLUTE, COMPRESSED[0x00003748])

    Execution Region ER_IROM1 (Base: 0x08000000, Size: 0x000032a8, Max: 0x00080000, ABSOLUTE)

    Base Addr    Size         Type   Attr      Idx    E Section Name        Object

    0x08000000   0x00000188   Data   RO         6093    RESET               startup_stm32f40_41xxx.o
    0x08000188   0x00000000   Code   RO         7765  * .ARM.Collect$$$$00000000  mc_w.l(entry.o)
    0x08000188   0x00000004   Code   RO         8132    .ARM.Collect$$$$00000001  mc_w.l(entry2.o)
    0x0800018c   0x00000004   Code   RO         8135    .ARM.Collect$$$$00000004  mc_w.l(entry5.o)
    0x08000190   0x00000000   Code   RO         8137    .ARM.Collect$$$$00000008  mc_w.l(entry7b.o)
    0x08000190   0x00000000   Code   RO         8139    .ARM.Collect$$$$0000000A  mc_w.l(entry8b.o)
    0x08000190   0x00000008   Code   RO         8140    .ARM.Collect$$$$0000000B  mc_w.l(entry9a.o)
    0x08000198   0x00000000   Code   RO         8142    .ARM.Collect$$$$0000000D  mc_w.l(entry10a.o)
    0x08000198   0x00000000   Code   RO         8144    .ARM.Collect$$$$0000000F  mc_w.l(entry11a.o)
    0x08000198   0x00000004   Code   RO         8133    .ARM.Collect$$$$00002712  mc_w.l(entry2.o)
    0x0800019c   0x00000024   Code   RO         6094    .text               startup_stm32f40_41xxx.o
    0x080001c0   0x00000024   Code   RO         7770    .text               mc_w.l(memseta.o)
    0x080001e4   0x00000038   Code   RO         8063    .text               mc_w.l(__0sscanf.o)
    0x0800021c   0x0000014c   Code   RO         8065    .text               mc_w.l(_scanf_int.o)
    0x08000368   0x0000014e   Code   RO         8067    .text               mf_w.l(dadd.o)
    0x080004b6   0x000000e4   Code   RO         8069    .text               mf_w.l(dmul.o)
    0x0800059a   0x000000de   Code   RO         8071    .text               mf_w.l(ddiv.o)
    0x08000678   0x0000002c   Code   RO         8073    .text               mf_w.l(ffltl.o)
    0x080006a4   0x00000026   Code   RO         8081    .text               mf_w.l(f2d.o)
    0x080006ca   0x00000038   Code   RO         8083    .text               mf_w.l(d2f.o)
    0x08000702   0x0000002c   Code   RO         8146    .text               mc_w.l(uidiv.o)
    0x0800072e   0x00000062   Code   RO         8148    .text               mc_w.l(uldiv.o)
    0x08000790   0x0000001e   Code   RO         8150    .text               mc_w.l(llshl.o)
    0x080007ae   0x00000020   Code   RO         8152    .text               mc_w.l(llushr.o)
    0x080007ce   0x00000024   Code   RO         8154    .text               mc_w.l(llsshr.o)
    0x080007f2   0x0000001c   Code   RO         8165    .text               mc_w.l(_chval.o)
    0x0800080e   0x00000002   PAD
    0x08000810   0x00000028   Code   RO         8167    .text               mc_w.l(scanf_char.o)
    0x08000838   0x00000040   Code   RO         8169    .text               mc_w.l(_sgetc.o)
    0x08000878   0x00000000   Code   RO         8171    .text               mc_w.l(iusefp.o)
    0x08000878   0x0000006e   Code   RO         8172    .text               mf_w.l(fepilogue.o)
    0x080008e6   0x000000ba   Code   RO         8174    .text               mf_w.l(depilogue.o)
    0x080009a0   0x00000030   Code   RO         8182    .text               mf_w.l(dfixul.o)
    0x080009d0   0x00000030   Code   RO         8186    .text               mf_w.l(cdrcmple.o)
    0x08000a00   0x00000024   Code   RO         8196    .text               mc_w.l(init.o)
    0x08000a24   0x0000000a   Code   RO         8198    .text               mc_w.l(isspace_c.o)
    0x08000a2e   0x00000002   PAD
    0x08000a30   0x0000032c   Code   RO         8200    .text               mc_w.l(_scanf.o)
    0x08000d5c   0x00000028   Code   RO         8202    .text               mc_w.l(ctype_c.o)
    0x08000d84   0x00000056   Code   RO         8213    .text               mc_w.l(__dczerorl2.o)
    0x08000dda   0x00000004   Code   RO         7261    i.BusFault_Handler  stm32f4xx_it.o
    0x08000dde   0x00000008   Code   RO          967    i.CMD_ID            uart.o
    0x08000de6   0x00000010   Code   RO         6324    i.ClearBuffer       cmd_process.o
    0x08000df6   0x00000002   PAD
    0x08000df8   0x00000068   Code   RO            4    i.DMA1_Stream0_IRQHandler  AD7606.o
    0x08000e60   0x00000050   Code   RO          274    i.DMA2_Stream0_IRQHandler  byyc_dma.o
    0x08000eb0   0x00000020   Code   RO          553    i.DMA2_Stream1_IRQHandler  DAC.o
    0x08000ed0   0x00000034   Code   RO         2065    i.DMA_ClearITPendingBit  stm32f4xx_dma.o
    0x08000f04   0x00000044   Code   RO         2075    i.DMA_GetFlagStatus  stm32f4xx_dma.o
    0x08000f48   0x00000064   Code   RO         2076    i.DMA_GetITStatus   stm32f4xx_dma.o
    0x08000fac   0x00000002   Code   RO         7262    i.DebugMon_Handler  stm32f4xx_it.o
    0x08000fae   0x00000002   PAD
    0x08000fb0   0x00000054   Code   RO           11    i.EXTI15_10_IRQHandler  AD7606.o
    0x08001004   0x0000000c   Code   RO         2327    i.EXTI_ClearITPendingBit  stm32f4xx_exti.o
    0x08001010   0x00000018   Code   RO         2331    i.EXTI_GetITStatus  stm32f4xx_exti.o
    0x08001028   0x00000090   Code   RO         2812    i.GPIO_Init         stm32f4xx_gpio.o
    0x080010b8   0x00000046   Code   RO         2813    i.GPIO_PinAFConfig  stm32f4xx_gpio.o
    0x080010fe   0x00000004   Code   RO         7263    i.HardFault_Handler  stm32f4xx_it.o
    0x08001102   0x00000002   PAD
    0x08001104   0x000000b0   Code   RO          968    i.Init_Uart1        uart.o
    0x080011b4   0x00000248   Code   RO         5888    i.Location_Task     OS_Task.o
    0x080013fc   0x00000004   Code   RO         7264    i.MemManage_Handler  stm32f4xx_it.o
    0x08001400   0x00000002   Code   RO         7265    i.NMI_Handler       stm32f4xx_it.o
    0x08001402   0x00000002   PAD
    0x08001404   0x00000078   Code   RO         1053    i.NVIC_Init         misc.o
    0x0800147c   0x00000002   Code   RO         7266    i.PendSV_Handler    stm32f4xx_it.o
    0x0800147e   0x00000002   PAD
    0x08001480   0x00000204   Code   RO         6004    i.Per_Task          Proc.o
    0x08001684   0x000000e4   Code   RO          329    i.Pin_PP_Out        byyc_gpio.o
    0x08001768   0x00000074   Code   RO         6339    i.ProcessMessage    cmd_process.o
    0x080017dc   0x00000020   Code   RO         3691    i.RCC_AHB1PeriphClockCmd  stm32f4xx_rcc.o
    0x080017fc   0x00000020   Code   RO         3700    i.RCC_APB1PeriphClockCmd  stm32f4xx_rcc.o
    0x0800181c   0x00000020   Code   RO         3703    i.RCC_APB2PeriphClockCmd  stm32f4xx_rcc.o
    0x0800183c   0x000000e8   Code   RO         3712    i.RCC_GetClocksFreq  stm32f4xx_rcc.o
    0x08001924   0x00000030   Code   RO          695    i.RTC_Alarm_IRQHandler  Rtc.o
    0x08001954   0x0000001c   Code   RO         4101    i.RTC_ClearFlag     stm32f4xx_rtc.o
    0x08001970   0x00000028   Code   RO         4113    i.RTC_GetFlagStatus  stm32f4xx_rtc.o
    0x08001998   0x0000001e   Code   RO          701    i.RTC_WKUP_IRQHandler  Rtc.o
    0x080019b6   0x00000012   Code   RO         4828    i.SPI_I2S_GetFlagStatus  stm32f4xx_spi.o
    0x080019c8   0x00000002   Code   RO         7267    i.SVC_Handler       stm32f4xx_it.o
    0x080019ca   0x00000002   PAD
    0x080019cc   0x00000030   Code   RO          971    i.SendChar          uart.o
    0x080019fc   0x00000016   Code   RO         6584    i.SendStrings       hmi_driver.o
    0x08001a12   0x00000002   PAD
    0x08001a14   0x000000ec   Code   RO         7335    i.SetSysClock       system_stm32f4xx.o
    0x08001b00   0x00000052   Code   RO         6610    i.SetTextValue      hmi_driver.o
    0x08001b52   0x00000028   Code   RO         1057    i.SysTick_CLKSourceConfig  misc.o
    0x08001b7a   0x00000002   PAD
    0x08001b7c   0x00000014   Code   RO         7268    i.SysTick_Handler   stm32f4xx_it.o
    0x08001b90   0x00000068   Code   RO         7337    i.SystemInit        system_stm32f4xx.o
    0x08001bf8   0x0000003a   Code   RO         5040    i.TI1_Config        stm32f4xx_tim.o
    0x08001c32   0x00000050   Code   RO         5041    i.TI2_Config        stm32f4xx_tim.o
    0x08001c82   0x00000048   Code   RO         5042    i.TI3_Config        stm32f4xx_tim.o
    0x08001cca   0x00000050   Code   RO         5043    i.TI4_Config        stm32f4xx_tim.o
    0x08001d1a   0x00000002   PAD
    0x08001d1c   0x00000074   Code   RO           14    i.TIM2_IRQHandler   AD7606.o
    0x08001d90   0x0000014c   Code   RO          812    i.TIM5_CH1CH2_Cap_Init  Time.o
    0x08001edc   0x000000dc   Code   RO          813    i.TIM5_IRQHandler   Time.o
    0x08001fb8   0x00000018   Code   RO          815    i.TIM7_IRQHandler   Time.o
    0x08001fd0   0x00000006   Code   RO         5051    i.TIM_ClearITPendingBit  stm32f4xx_tim.o
    0x08001fd6   0x00000018   Code   RO         5056    i.TIM_Cmd           stm32f4xx_tim.o
    0x08001fee   0x00000006   Code   RO         5071    i.TIM_GetCapture1   stm32f4xx_tim.o
    0x08001ff4   0x00000006   Code   RO         5072    i.TIM_GetCapture2   stm32f4xx_tim.o
    0x08001ffa   0x00000006   Code   RO         5073    i.TIM_GetCapture3   stm32f4xx_tim.o
    0x08002000   0x00000006   Code   RO         5074    i.TIM_GetCapture4   stm32f4xx_tim.o
    0x08002006   0x00000022   Code   RO         5077    i.TIM_GetITStatus   stm32f4xx_tim.o
    0x08002028   0x0000006e   Code   RO         5079    i.TIM_ICInit        stm32f4xx_tim.o
    0x08002096   0x00000012   Code   RO         5081    i.TIM_ITConfig      stm32f4xx_tim.o
    0x080020a8   0x00000012   Code   RO         5123    i.TIM_SetIC1Prescaler  stm32f4xx_tim.o
    0x080020ba   0x0000001a   Code   RO         5124    i.TIM_SetIC2Prescaler  stm32f4xx_tim.o
    0x080020d4   0x00000012   Code   RO         5125    i.TIM_SetIC3Prescaler  stm32f4xx_tim.o
    0x080020e6   0x0000001a   Code   RO         5126    i.TIM_SetIC4Prescaler  stm32f4xx_tim.o
    0x08002100   0x00000084   Code   RO         5128    i.TIM_TimeBaseInit  stm32f4xx_tim.o
    0x08002184   0x00000048   Code   RO          972    i.USART1_IRQHandler  uart.o
    0x080021cc   0x00000028   Code   RO          973    i.USART2_IRQHandler  uart.o
    0x080021f4   0x00000028   Code   RO          974    i.USART3_IRQHandler  uart.o
    0x0800221c   0x00000012   Code   RO         5605    i.USART_ClearFlag   stm32f4xx_usart.o
    0x0800222e   0x00000018   Code   RO         5609    i.USART_Cmd         stm32f4xx_usart.o
    0x08002246   0x0000001a   Code   RO         5612    i.USART_GetFlagStatus  stm32f4xx_usart.o
    0x08002260   0x0000004a   Code   RO         5615    i.USART_ITConfig    stm32f4xx_usart.o
    0x080022aa   0x00000002   PAD
    0x080022ac   0x000000d4   Code   RO         5616    i.USART_Init        stm32f4xx_usart.o
    0x08002380   0x0000000a   Code   RO         5623    i.USART_ReceiveData  stm32f4xx_usart.o
    0x0800238a   0x00000008   Code   RO         5626    i.USART_SendData    stm32f4xx_usart.o
    0x08002392   0x00000004   Code   RO         7269    i.UsageFault_Handler  stm32f4xx_it.o
    0x08002396   0x00000002   PAD
    0x08002398   0x00000020   Code   RO         8007    i.__0printf         mc_w.l(printfa.o)
    0x080023b8   0x00000028   Code   RO         8009    i.__0sprintf        mc_w.l(printfa.o)
    0x080023e0   0x0000000e   Code   RO         8207    i.__scatterload_copy  mc_w.l(handlers.o)
    0x080023ee   0x00000002   Code   RO         8208    i.__scatterload_null  mc_w.l(handlers.o)
    0x080023f0   0x0000000e   Code   RO         8209    i.__scatterload_zeroinit  mc_w.l(handlers.o)
    0x080023fe   0x00000002   PAD
    0x08002400   0x00000164   Code   RO         8014    i._fp_digits        mc_w.l(printfa.o)
    0x08002564   0x000006dc   Code   RO         8015    i._printf_core      mc_w.l(printfa.o)
    0x08002c40   0x00000024   Code   RO         8016    i._printf_post_padding  mc_w.l(printfa.o)
    0x08002c64   0x0000002e   Code   RO         8017    i._printf_pre_padding  mc_w.l(printfa.o)
    0x08002c92   0x0000000a   Code   RO         8019    i._sputc            mc_w.l(printfa.o)
    0x08002c9c   0x00000028   Code   RO           18    i.ad7606_StartRecord  AD7606.o
    0x08002cc4   0x0000003c   Code   RO         6260    i.delay_init        delay.o
    0x08002d00   0x000000bc   Code   RO         5889    i.display_Task      OS_Task.o
    0x08002dbc   0x0000001c   Code   RO          976    i.fputc             uart.o
    0x08002dd8   0x00000080   Code   RO         7225    i.main              main.o
    0x08002e58   0x000000d0   Code   RO         5890    i.modeRecTask       OS_Task.o
    0x08002f28   0x00000084   Code   RO         6455    i.queue_find_cmd    cmd_queue.o
    0x08002fac   0x00000034   Code   RO         6456    i.queue_pop         cmd_queue.o
    0x08002fe0   0x00000030   Code   RO         6457    i.queue_push        cmd_queue.o
    0x08003010   0x00000024   Code   RO         6459    i.queue_size        cmd_queue.o
    0x08003034   0x000000bc   Code   RO           22    i.real_adc_value    AD7606.o
    0x080030f0   0x00000110   Code   RO         5891    i.soundlocationTask  OS_Task.o
    0x08003200   0x00000040   Data   RO         8203    .constdata          mc_w.l(ctype_c.o)
    0x08003240   0x00000047   Data   RO         5894    .conststring        OS_Task.o
    0x08003287   0x00000001   PAD
    0x08003288   0x00000020   Data   RO         8205    Region$$Table       anon$$obj.o


    Execution Region RW_IRAM1 (Base: 0x20000000, Size: 0x0000e918, Max: 0x00020000, ABSOLUTE, COMPRESSED[0x000004a0])

    Base Addr    Size         Type   Attr      Idx    E Section Name        Object

    0x20000000   0x00000005   Data   RW           24    .data               AD7606.o
    0x20000005   0x00000002   Data   RW          280    .data               byyc_dma.o
    0x20000007   0x00000001   PAD
    0x20000008   0x0000005e   Data   RW          817    .data               Time.o
    0x20000066   0x00000002   PAD
    0x20000068   0x00000019   Data   RW          978    .data               uart.o
    0x20000081   0x00000010   Data   RW         3744    .data               stm32f4xx_rcc.o
    0x20000091   0x00000003   PAD
    0x20000094   0x000006c0   Data   RW         5861    .data               Excel.o
    0x20000754   0x00000060   Data   RW         5895    .data               OS_Task.o
    0x200007b4   0x00000014   Data   RW         6005    .data               Proc.o
    0x200007c8   0x00000004   Data   RW         6264    .data               delay.o
    0x200007cc   0x00000006   Data   RW         6461    .data               cmd_queue.o
    0x200007d2   0x00000002   Data   RW         7270    .data               stm32f4xx_it.o
    0x200007d4   0x00008000   Zero   RW           23    .bss                AD7606.o
    0x200087d4   0x00000040   Zero   RW         6341    .bss                cmd_process.o
    0x20008814   0x00000204   Zero   RW         6460    .bss                cmd_queue.o
    0x20008a18   0x00005f00   Zero   RW         6091    STACK               startup_stm32f40_41xxx.o


==============================================================================

Image component sizes


      Code (inc. data)   RO Data    RW Data    ZI Data      Debug   Object Name

       532         82          0          5      32768     298178   AD7606.o
        32         10          0          0          0        526   DAC.o
         0          0          0       1728          0        942   Excel.o
      1252        268         71         96          0       4251   OS_Task.o
       516         82          0         20          0       1513   Proc.o
        78         12          0          0          0       1057   Rtc.o
       576         52          0         94          0       3665   Time.o
        80         24          0          2          0        826   byyc_dma.o
       228         56          0          0          0       1181   byyc_gpio.o
       132         16          0          0         64       3865   cmd_process.o
       268         24          0          6        516       3498   cmd_queue.o
        60          8          0          4          0        793   delay.o
       104          0          0          0          0       1321   hmi_driver.o
       128         10          0          0          0      27158   main.o
       160         14          0          0          0       3242   misc.o
        36          8        392          0      24320        856   startup_stm32f40_41xxx.o
       220         46          0          0          0      15958   stm32f4xx_dma.o
        36         10          0          0          0       1172   stm32f4xx_exti.o
       214          0          0          0          0       8783   stm32f4xx_gpio.o
        44          8          0          2          0       4491   stm32f4xx_it.o
       328         36          0         16          0      19983   stm32f4xx_rcc.o
        68         12          0          0          0       1196   stm32f4xx_rtc.o
        18          0          0          0          0       9416   stm32f4xx_spi.o
       726         28          0          0          0      31815   stm32f4xx_tim.o
       372          8          0          0          0      11363   stm32f4xx_usart.o
       340         32          0          0          0       1521   system_stm32f4xx.o
       412         38          0         25          0       6294   uart.o

    ----------------------------------------------------------------------
      6982        884        496       2004      57668     464864   Object Totals
         0          0         32          0          0          0   (incl. Generated)
        22          0          1          6          0          0   (incl. Padding)

    ----------------------------------------------------------------------

      Code (inc. data)   RO Data    RW Data    ZI Data      Debug   Library Member Name

        56          8          0          0          0         84   __0sscanf.o
        86          0          0          0          0          0   __dczerorl2.o
        28          0          0          0          0         68   _chval.o
       812          4          0          0          0        112   _scanf.o
       332          0          0          0          0         96   _scanf_int.o
        64          0          0          0          0         84   _sgetc.o
        40          6         64          0          0         68   ctype_c.o
         0          0          0          0          0          0   entry.o
         0          0          0          0          0          0   entry10a.o
         0          0          0          0          0          0   entry11a.o
         8          4          0          0          0          0   entry2.o
         4          0          0          0          0          0   entry5.o
         0          0          0          0          0          0   entry7b.o
         0          0          0          0          0          0   entry8b.o
         8          4          0          0          0          0   entry9a.o
        30          0          0          0          0          0   handlers.o
        36          8          0          0          0         68   init.o
        10          0          0          0          0         68   isspace_c.o
         0          0          0          0          0          0   iusefp.o
        30          0          0          0          0         68   llshl.o
        36          0          0          0          0         68   llsshr.o
        32          0          0          0          0         68   llushr.o
        36          0          0          0          0        108   memseta.o
      2276         96          0          0          0        596   printfa.o
        40          8          0          0          0         84   scanf_char.o
        44          0          0          0          0         80   uidiv.o
        98          0          0          0          0         92   uldiv.o
        48          0          0          0          0         68   cdrcmple.o
        56          0          0          0          0         88   d2f.o
       334          0          0          0          0        148   dadd.o
       222          0          0          0          0        100   ddiv.o
       186          0          0          0          0        176   depilogue.o
        48          0          0          0          0         68   dfixul.o
       228          0          0          0          0         96   dmul.o
        38          0          0          0          0         68   f2d.o
       110          0          0          0          0        168   fepilogue.o
        44          0          0          0          0         92   ffltl.o

    ----------------------------------------------------------------------
      5426        138         64          0          0       2884   Library Totals
         6          0          0          0          0          0   (incl. Padding)

    ----------------------------------------------------------------------

      Code (inc. data)   RO Data    RW Data    ZI Data      Debug   Library Name

      4106        138         64          0          0       1812   mc_w.l
      1314          0          0          0          0       1072   mf_w.l

    ----------------------------------------------------------------------
      5426        138         64          0          0       2884   Library Totals

    ----------------------------------------------------------------------

==============================================================================


      Code (inc. data)   RO Data    RW Data    ZI Data      Debug   

     12408       1022        560       2004      57668     458324   Grand Totals
     12408       1022        560       1184      57668     458324   ELF Image Totals (compressed)
     12408       1022        560       1184          0          0   ROM Totals

==============================================================================

    Total RO  Size (Code + RO Data)                12968 (  12.66kB)
    Total RW  Size (RW Data + ZI Data)             59672 (  58.27kB)
    Total ROM Size (Code + RO Data + RW Data)      14152 (  13.82kB)

==============================================================================

